Archive member included to satisfy reference by file (symbol)

c:/users/zeezoo/appdata/roaming/xpacks/@xpack-dev-tools/arm-none-eabi-gcc/11.3.1-1.1.2/.content/bin/../lib/gcc/arm-none-eabi/11.3.1/../../../../arm-none-eabi/lib/thumb/v7e-m+fp/hard\libc.a(libc_a-assert.o)
                              bin/hello_world_uart.o (__assert_func)
c:/users/zeezoo/appdata/roaming/xpacks/@xpack-dev-tools/arm-none-eabi-gcc/11.3.1-1.1.2/.content/bin/../lib/gcc/arm-none-eabi/11.3.1/../../../../arm-none-eabi/lib/thumb/v7e-m+fp/hard\libc.a(libc_a-fiprintf.o)
                              c:/users/zeezoo/appdata/roaming/xpacks/@xpack-dev-tools/arm-none-eabi-gcc/11.3.1-1.1.2/.content/bin/../lib/gcc/arm-none-eabi/11.3.1/../../../../arm-none-eabi/lib/thumb/v7e-m+fp/hard\libc.a(libc_a-assert.o) (fiprintf)
c:/users/zeezoo/appdata/roaming/xpacks/@xpack-dev-tools/arm-none-eabi-gcc/11.3.1-1.1.2/.content/bin/../lib/gcc/arm-none-eabi/11.3.1/../../../../arm-none-eabi/lib/thumb/v7e-m+fp/hard\libc.a(libc_a-vfiprintf.o)
                              c:/users/zeezoo/appdata/roaming/xpacks/@xpack-dev-tools/arm-none-eabi-gcc/11.3.1-1.1.2/.content/bin/../lib/gcc/arm-none-eabi/11.3.1/../../../../arm-none-eabi/lib/thumb/v7e-m+fp/hard\libc.a(libc_a-fiprintf.o) (_vfiprintf_r)
c:/users/zeezoo/appdata/roaming/xpacks/@xpack-dev-tools/arm-none-eabi-gcc/11.3.1-1.1.2/.content/bin/../lib/gcc/arm-none-eabi/11.3.1/../../../../arm-none-eabi/lib/thumb/v7e-m+fp/hard\libc.a(libc_a-fflush.o)
                              c:/users/zeezoo/appdata/roaming/xpacks/@xpack-dev-tools/arm-none-eabi-gcc/11.3.1-1.1.2/.content/bin/../lib/gcc/arm-none-eabi/11.3.1/../../../../arm-none-eabi/lib/thumb/v7e-m+fp/hard\libc.a(libc_a-vfiprintf.o) (_fflush_r)
c:/users/zeezoo/appdata/roaming/xpacks/@xpack-dev-tools/arm-none-eabi-gcc/11.3.1-1.1.2/.content/bin/../lib/gcc/arm-none-eabi/11.3.1/../../../../arm-none-eabi/lib/thumb/v7e-m+fp/hard\libc.a(libc_a-findfp.o)
                              c:/users/zeezoo/appdata/roaming/xpacks/@xpack-dev-tools/arm-none-eabi-gcc/11.3.1-1.1.2/.content/bin/../lib/gcc/arm-none-eabi/11.3.1/../../../../arm-none-eabi/lib/thumb/v7e-m+fp/hard\libc.a(libc_a-vfiprintf.o) (__sinit)
c:/users/zeezoo/appdata/roaming/xpacks/@xpack-dev-tools/arm-none-eabi-gcc/11.3.1-1.1.2/.content/bin/../lib/gcc/arm-none-eabi/11.3.1/../../../../arm-none-eabi/lib/thumb/v7e-m+fp/hard\libc.a(libc_a-fvwrite.o)
                              c:/users/zeezoo/appdata/roaming/xpacks/@xpack-dev-tools/arm-none-eabi-gcc/11.3.1-1.1.2/.content/bin/../lib/gcc/arm-none-eabi/11.3.1/../../../../arm-none-eabi/lib/thumb/v7e-m+fp/hard\libc.a(libc_a-vfiprintf.o) (__sfvwrite_r)
c:/users/zeezoo/appdata/roaming/xpacks/@xpack-dev-tools/arm-none-eabi-gcc/11.3.1-1.1.2/.content/bin/../lib/gcc/arm-none-eabi/11.3.1/../../../../arm-none-eabi/lib/thumb/v7e-m+fp/hard\libc.a(libc_a-fwalk.o)
                              c:/users/zeezoo/appdata/roaming/xpacks/@xpack-dev-tools/arm-none-eabi-gcc/11.3.1-1.1.2/.content/bin/../lib/gcc/arm-none-eabi/11.3.1/../../../../arm-none-eabi/lib/thumb/v7e-m+fp/hard\libc.a(libc_a-fflush.o) (_fwalk_sglue)
c:/users/zeezoo/appdata/roaming/xpacks/@xpack-dev-tools/arm-none-eabi-gcc/11.3.1-1.1.2/.content/bin/../lib/gcc/arm-none-eabi/11.3.1/../../../../arm-none-eabi/lib/thumb/v7e-m+fp/hard\libc.a(libc_a-stdio.o)
                              c:/users/zeezoo/appdata/roaming/xpacks/@xpack-dev-tools/arm-none-eabi-gcc/11.3.1-1.1.2/.content/bin/../lib/gcc/arm-none-eabi/11.3.1/../../../../arm-none-eabi/lib/thumb/v7e-m+fp/hard\libc.a(libc_a-findfp.o) (__sread)
c:/users/zeezoo/appdata/roaming/xpacks/@xpack-dev-tools/arm-none-eabi-gcc/11.3.1-1.1.2/.content/bin/../lib/gcc/arm-none-eabi/11.3.1/../../../../arm-none-eabi/lib/thumb/v7e-m+fp/hard\libc.a(libc_a-wsetup.o)
                              c:/users/zeezoo/appdata/roaming/xpacks/@xpack-dev-tools/arm-none-eabi-gcc/11.3.1-1.1.2/.content/bin/../lib/gcc/arm-none-eabi/11.3.1/../../../../arm-none-eabi/lib/thumb/v7e-m+fp/hard\libc.a(libc_a-vfiprintf.o) (__swsetup_r)
c:/users/zeezoo/appdata/roaming/xpacks/@xpack-dev-tools/arm-none-eabi-gcc/11.3.1-1.1.2/.content/bin/../lib/gcc/arm-none-eabi/11.3.1/../../../../arm-none-eabi/lib/thumb/v7e-m+fp/hard\libc.a(libc_a-fputwc.o)
                              c:/users/zeezoo/appdata/roaming/xpacks/@xpack-dev-tools/arm-none-eabi-gcc/11.3.1-1.1.2/.content/bin/../lib/gcc/arm-none-eabi/11.3.1/../../../../arm-none-eabi/lib/thumb/v7e-m+fp/hard\libc.a(libc_a-vfiprintf.o) (_fputwc_r)
c:/users/zeezoo/appdata/roaming/xpacks/@xpack-dev-tools/arm-none-eabi-gcc/11.3.1-1.1.2/.content/bin/../lib/gcc/arm-none-eabi/11.3.1/../../../../arm-none-eabi/lib/thumb/v7e-m+fp/hard\libc.a(libc_a-memmove.o)
                              c:/users/zeezoo/appdata/roaming/xpacks/@xpack-dev-tools/arm-none-eabi-gcc/11.3.1-1.1.2/.content/bin/../lib/gcc/arm-none-eabi/11.3.1/../../../../arm-none-eabi/lib/thumb/v7e-m+fp/hard\libc.a(libc_a-fvwrite.o) (memmove)
[...]
Memory Configuration

Name             Origin             Length             Attributes
ROMEM            0x000000000000c000 0x00000000000f4000 xr
RWMEM            0x0000000010000000 0x0000000000060000 xrw
*default*        0x0000000000000000 0xffffffffffffffff

Linker script and memory map


.text           0x000000000000c000     0x5620
                0x000000000000c000                . = ALIGN (0x4)
 *(.isr_vector)
 .isr_vector    0x000000000000c000       0xc0 bin/startup_gcc.o
                0x000000000000c000                g_am_pfnVectors
 *(.patch)
 .patch         0x000000000000c0c0       0x40 bin/startup_gcc.o
                0x000000000000c0c0                __Patchable
 *(.text)
 .text          0x000000000000c100       0xa0 c:/users/zeezoo/appdata/roaming/xpacks/@xpack-dev-tools/arm-none-eabi-gcc/11.3.1-1.1.2/.content/bin/../lib/gcc/arm-none-eabi/11.3.1/../../../../arm-none-eabi/lib/thumb/v7e-m+fp/hard\libc.a(libc_a-memchr.o)
                0x000000000000c100                memchr
 .text          0x000000000000c1a0      0x134 c:/users/zeezoo/appdata/roaming/xpacks/@xpack-dev-tools/arm-none-eabi-gcc/11.3.1-1.1.2/.content/bin/../lib/gcc/arm-none-eabi/11.3.1/../../../../arm-none-eabi/lib/thumb/v7e-m+fp/hard\libc.a(libc_a-memcpy.o)
                0x000000000000c1a0                memcpy
 *fill*         0x000000000000c2d4       0x2c 
 .text          0x000000000000c300       0xdc c:/users/zeezoo/appdata/roaming/xpacks/@xpack-dev-tools/arm-none-eabi-gcc/11.3.1-1.1.2/.content/bin/../lib/gcc/arm-none-eabi/11.3.1/../../../../arm-none-eabi/lib/thumb/v7e-m+fp/hard\libc.a(libc_a-strlen.o)
                0x000000000000c300                strlen
 *(.text*)
 .text.bitvec_get_bit
                0x000000000000c3dc       0x26 bin/hello_world_uart.o
 .text.bitvec_copy
                0x000000000000c402       0x34 bin/hello_world_uart.o
 .text.bitvec_swap
                0x000000000000c436       0x2c bin/hello_world_uart.o
 .text.bitvec_equal
                0x000000000000c462       0x3c bin/hello_world_uart.o
 .text.bitvec_set_zero
                0x000000000000c49e       0x2a bin/hello_world_uart.o
 .text.bitvec_is_zero
                0x000000000000c4c8       0x3a bin/hello_world_uart.o
 .text.bitvec_degree
                0x000000000000c502       0x5a bin/hello_world_uart.o
 .text.bitvec_lshift
                0x000000000000c55c       0xc6 bin/hello_world_uart.o
 .text.gf2field_set_one
                0x000000000000c622       0x30 bin/hello_world_uart.o
 .text.gf2field_is_one
                0x000000000000c652       0x46 bin/hello_world_uart.o
 .text.gf2field_add
                0x000000000000c698       0x42 bin/hello_world_uart.o
 .text.gf2field_inc
                0x000000000000c6da       0x16 bin/hello_world_uart.o
 .text.gf2field_mul
                0x000000000000c6f0       0xb8 bin/hello_world_uart.o
 .text.gf2field_inv
                0x000000000000c7a8       0xb0 bin/hello_world_uart.o
 .text.gf2point_copy
                0x000000000000c858       0x24 bin/hello_world_uart.o
 .text.gf2point_set_zero
                0x000000000000c87c       0x1c bin/hello_world_uart.o
 .text.gf2point_is_zero
                0x000000000000c898       0x2e bin/hello_world_uart.o
 .text.gf2point_double
                0x000000000000c8c6       0x88 bin/hello_world_uart.o
 .text.gf2point_add
                0x000000000000c94e      0x104 bin/hello_world_uart.o
 .text.gf2point_mul
                0x000000000000ca52       0x6e bin/hello_world_uart.o
 .text.gf2point_on_curve
                0x000000000000cac0       0x88 bin/hello_world_uart.o
 .text.ecdh_shared_secret
                0x000000000000cb48       0x6c bin/hello_world_uart.o
                0x000000000000cb48                ecdh_shared_secret
 .text.__NVIC_EnableIRQ
                0x000000000000cbb4       0x34 bin/hello_world_uart.o
 .text.error_handler
                0x000000000000cbe8       0x10 bin/hello_world_uart.o
                0x000000000000cbe8                error_handler
 .text.am_uart_isr
                0x000000000000cbf8       0x3c bin/hello_world_uart.o
                0x000000000000cbf8                am_uart_isr
 .text.uart_print
                0x000000000000cc34       0x78 bin/hello_world_uart.o
                0x000000000000cc34                uart_print
 .text.init_ecc
                0x000000000000ccac       0xf4 bin/hello_world_uart.o
                0x000000000000ccac                init_ecc
 .text.generate_share_secret
                0x000000000000cda0       0x1c bin/hello_world_uart.o
                0x000000000000cda0                generate_share_secret
 .text.init     0x000000000000cdbc       0xd0 bin/hello_world_uart.o
                0x000000000000cdbc                init
 .text.main     0x000000000000ce8c       0x70 bin/hello_world_uart.o
                0x000000000000ce8c                main
 .text.am_util_delay_us
                0x000000000000cefc       0x38 bin/am_util_delay.o
                0x000000000000cefc                am_util_delay_us
 .text.HardFault_Handler
                0x000000000000cf34       0x1e bin/am_util_faultisr.o
                0x000000000000cf34                HardFault_Handler
 .text.getStackedReg
                0x000000000000cf52        0xc bin/am_util_faultisr.o
                0x000000000000cf52                getStackedReg
 *fill*         0x000000000000cf5e        0x2 
 .text.am_util_faultisr_collect_data
                0x000000000000cf60       0xe0 bin/am_util_faultisr.o
                0x000000000000cf60                am_util_faultisr_collect_data
 .text.am_util_stdio_printf_init
                0x000000000000d040       0x14 bin/am_util_stdio.o
                0x000000000000d040                am_util_stdio_printf_init
 .text.Reset_Handler
                0x000000000000d054       0x68 bin/startup_gcc.o
                0x000000000000d054                Reset_Handler
 .text.NMI_Handler
                0x000000000000d0bc        0x4 bin/startup_gcc.o
                0x000000000000d0bc                NMI_Handler
 .text.HardFault_Handler
                0x000000000000d0c0        0x4 bin/startup_gcc.o
                0x000000000000d0c0                MemManage_Handler
                0x000000000000d0c0                BusFault_Handler
                0x000000000000d0c0                UsageFault_Handler
 .text.am_default_isr
                0x000000000000d0c4        0x4 bin/startup_gcc.o
                0x000000000000d0c4                DebugMon_Handler
                0x000000000000d0c4                am_iomaster4_isr
                0x000000000000d0c4                SysTick_Handler
                0x000000000000d0c4                PendSV_Handler
                0x000000000000d0c4                am_rtc_isr
                0x000000000000d0c4                am_stimer_cmpr3_isr
                0x000000000000d0c4                am_adc_isr
                0x000000000000d0c4                am_iomaster3_isr
                0x000000000000d0c4                am_clkgen_isr
                0x000000000000d0c4                am_stimer_isr
                0x000000000000d0c4                am_software0_isr
                0x000000000000d0c4                am_stimer_cmpr5_isr
                0x000000000000d0c4                am_iomaster5_isr
                0x000000000000d0c4                am_pdm0_isr
                0x000000000000d0c4                am_ctimer_isr
                0x000000000000d0c4                am_ioslave_acc_isr
                0x000000000000d0c4                am_mspi0_isr
                0x000000000000d0c4                am_stimer_cmpr6_isr
                0x000000000000d0c4                am_iomaster1_isr
                0x000000000000d0c4                am_brownout_isr
                0x000000000000d0c4                am_vcomp_isr
                0x000000000000d0c4                am_stimer_cmpr1_isr
                0x000000000000d0c4                am_gpio_isr
                0x000000000000d0c4                am_iomaster2_isr
                0x000000000000d0c4                SVC_Handler
                0x000000000000d0c4                am_stimer_cmpr2_isr
                0x000000000000d0c4                am_ioslave_ios_isr
                0x000000000000d0c4                am_uart1_isr
                0x000000000000d0c4                am_stimer_cmpr7_isr
                0x000000000000d0c4                am_scard_isr
                0x000000000000d0c4                am_watchdog_isr
                0x000000000000d0c4                am_stimer_cmpr0_isr
                0x000000000000d0c4                am_iomaster0_isr
                0x000000000000d0c4                am_ble_isr
                0x000000000000d0c4                am_stimer_cmpr4_isr
                0x000000000000d0c4                am_default_isr
 .text.__assert_func
                0x000000000000d0c8       0x40 c:/users/zeezoo/appdata/roaming/xpacks/@xpack-dev-tools/arm-none-eabi-gcc/11.3.1-1.1.2/.content/bin/../lib/gcc/arm-none-eabi/11.3.1/../../../../arm-none-eabi/lib/thumb/v7e-m+fp/hard\libc.a(libc_a-assert.o)
                0x000000000000d0c8                __assert_func
 .text.fiprintf
                0x000000000000d108       0x28 c:/users/zeezoo/appdata/roaming/xpacks/@xpack-dev-tools/arm-none-eabi-gcc/11.3.1-1.1.2/.content/bin/../lib/gcc/arm-none-eabi/11.3.1/../../../../arm-none-eabi/lib/thumb/v7e-m+fp/hard\libc.a(libc_a-fiprintf.o)
                0x000000000000d108                fiprintf
 .text.__sprint_r.part.0
                0x000000000000d130       0x78 c:/users/zeezoo/appdata/roaming/xpacks/@xpack-dev-tools/arm-none-eabi-gcc/11.3.1-1.1.2/.content/bin/../lib/gcc/arm-none-eabi/11.3.1/../../../../arm-none-eabi/lib/thumb/v7e-m+fp/hard\libc.a(libc_a-vfiprintf.o)
 .text._vfiprintf_r
                0x000000000000d1a8      0xf8c c:/users/zeezoo/appdata/roaming/xpacks/@xpack-dev-tools/arm-none-eabi-gcc/11.3.1-1.1.2/.content/bin/../lib/gcc/arm-none-eabi/11.3.1/../../../../arm-none-eabi/lib/thumb/v7e-m+fp/hard\libc.a(libc_a-vfiprintf.o)
                0x000000000000d1a8                _vfiprintf_r
 .text.__sbprintf
                0x000000000000e134       0x80 c:/users/zeezoo/appdata/roaming/xpacks/@xpack-dev-tools/arm-none-eabi-gcc/11.3.1-1.1.2/.content/bin/../lib/gcc/arm-none-eabi/11.3.1/../../../../arm-none-eabi/lib/thumb/v7e-m+fp/hard\libc.a(libc_a-vfiprintf.o)
 .text.__sflush_r
                0x000000000000e1b4      0x130 c:/users/zeezoo/appdata/roaming/xpacks/@xpack-dev-tools/arm-none-eabi-gcc/11.3.1-1.1.2/.content/bin/../lib/gcc/arm-none-eabi/11.3.1/../../../../arm-none-eabi/lib/thumb/v7e-m+fp/hard\libc.a(libc_a-fflush.o)
                0x000000000000e1b4                __sflush_r
 .text._fflush_r
                0x000000000000e2e4       0x54 c:/users/zeezoo/appdata/roaming/xpacks/@xpack-dev-tools/arm-none-eabi-gcc/11.3.1-1.1.2/.content/bin/../lib/gcc/arm-none-eabi/11.3.1/../../../../arm-none-eabi/lib/thumb/v7e-m+fp/hard\libc.a(libc_a-fflush.o)
                0x000000000000e2e4                _fflush_r
 .text.stdio_exit_handler
                0x000000000000e338       0x18 c:/users/zeezoo/appdata/roaming/xpacks/@xpack-dev-tools/arm-none-eabi-gcc/11.3.1-1.1.2/.content/bin/../lib/gcc/arm-none-eabi/11.3.1/../../../../arm-none-eabi/lib/thumb/v7e-m+fp/hard\libc.a(libc_a-findfp.o)
 .text.cleanup_stdio
                0x000000000000e350       0x40 c:/users/zeezoo/appdata/roaming/xpacks/@xpack-dev-tools/arm-none-eabi-gcc/11.3.1-1.1.2/.content/bin/../lib/gcc/arm-none-eabi/11.3.1/../../../../arm-none-eabi/lib/thumb/v7e-m+fp/hard\libc.a(libc_a-findfp.o)
 .text.global_stdio_init.part.0
                0x000000000000e390       0xd4 c:/users/zeezoo/appdata/roaming/xpacks/@xpack-dev-tools/arm-none-eabi-gcc/11.3.1-1.1.2/.content/bin/../lib/gcc/arm-none-eabi/11.3.1/../../../../arm-none-eabi/lib/thumb/v7e-m+fp/hard\libc.a(libc_a-findfp.o)
 .text.__sinit  0x000000000000e464       0x3c c:/users/zeezoo/appdata/roaming/xpacks/@xpack-dev-tools/arm-none-eabi-gcc/11.3.1-1.1.2/.content/bin/../lib/gcc/arm-none-eabi/11.3.1/../../../../arm-none-eabi/lib/thumb/v7e-m+fp/hard\libc.a(libc_a-findfp.o)
                0x000000000000e464                __sinit
 .text.__sfp_lock_acquire
                0x000000000000e4a0        0xc c:/users/zeezoo/appdata/roaming/xpacks/@xpack-dev-tools/arm-none-eabi-gcc/11.3.1-1.1.2/.content/bin/../lib/gcc/arm-none-eabi/11.3.1/../../../../arm-none-eabi/lib/thumb/v7e-m+fp/hard\libc.a(libc_a-findfp.o)
                0x000000000000e4a0                __sfp_lock_acquire
 .text.__sfp_lock_release
                0x000000000000e4ac        0xc c:/users/zeezoo/appdata/roaming/xpacks/@xpack-dev-tools/arm-none-eabi-gcc/11.3.1-1.1.2/.content/bin/../lib/gcc/arm-none-eabi/11.3.1/../../../../arm-none-eabi/lib/thumb/v7e-m+fp/hard\libc.a(libc_a-findfp.o)
                0x000000000000e4ac                __sfp_lock_release
 .text.__sfvwrite_r
                0x000000000000e4b8      0x2f4 c:/users/zeezoo/appdata/roaming/xpacks/@xpack-dev-tools/arm-none-eabi-gcc/11.3.1-1.1.2/.content/bin/../lib/gcc/arm-none-eabi/11.3.1/../../../../arm-none-eabi/lib/thumb/v7e-m+fp/hard\libc.a(libc_a-fvwrite.o)
                0x000000000000e4b8                __sfvwrite_r
 .text._fwalk_sglue
                0x000000000000e7ac       0x48 c:/users/zeezoo/appdata/roaming/xpacks/@xpack-dev-tools/arm-none-eabi-gcc/11.3.1-1.1.2/.content/bin/../lib/gcc/arm-none-eabi/11.3.1/../../../../arm-none-eabi/lib/thumb/v7e-m+fp/hard\libc.a(libc_a-fwalk.o)
                0x000000000000e7ac                _fwalk_sglue
 .text.__sread  0x000000000000e7f4       0x24 c:/users/zeezoo/appdata/roaming/xpacks/@xpack-dev-tools/arm-none-eabi-gcc/11.3.1-1.1.2/.content/bin/../lib/gcc/arm-none-eabi/11.3.1/../../../../arm-none-eabi/lib/thumb/v7e-m+fp/hard\libc.a(libc_a-stdio.o)
                0x000000000000e7f4                __sread
 .text.__swrite
                0x000000000000e818       0x40 c:/users/zeezoo/appdata/roaming/xpacks/@xpack-dev-tools/arm-none-eabi-gcc/11.3.1-1.1.2/.content/bin/../lib/gcc/arm-none-eabi/11.3.1/../../../../arm-none-eabi/lib/thumb/v7e-m+fp/hard\libc.a(libc_a-stdio.o)
                0x000000000000e818                __swrite
 .text.__sseek  0x000000000000e858       0x20 c:/users/zeezoo/appdata/roaming/xpacks/@xpack-dev-tools/arm-none-eabi-gcc/11.3.1-1.1.2/.content/bin/../lib/gcc/arm-none-eabi/11.3.1/../../../../arm-none-eabi/lib/thumb/v7e-m+fp/hard\libc.a(libc_a-stdio.o)
                0x000000000000e858                __sseek
 .text.__sclose
                0x000000000000e878        0x8 c:/users/zeezoo/appdata/roaming/xpacks/@xpack-dev-tools/arm-none-eabi-gcc/11.3.1-1.1.2/.content/bin/../lib/gcc/arm-none-eabi/11.3.1/../../../../arm-none-eabi/lib/thumb/v7e-m+fp/hard\libc.a(libc_a-stdio.o)
                0x000000000000e878                __sclose
 .text.__swsetup_r
                0x000000000000e880       0xcc c:/users/zeezoo/appdata/roaming/xpacks/@xpack-dev-tools/arm-none-eabi-gcc/11.3.1-1.1.2/.content/bin/../lib/gcc/arm-none-eabi/11.3.1/../../../../arm-none-eabi/lib/thumb/v7e-m+fp/hard\libc.a(libc_a-wsetup.o)
                0x000000000000e880                __swsetup_r
 .text.__fputwc
                0x000000000000e94c       0xac c:/users/zeezoo/appdata/roaming/xpacks/@xpack-dev-tools/arm-none-eabi-gcc/11.3.1-1.1.2/.content/bin/../lib/gcc/arm-none-eabi/11.3.1/../../../../arm-none-eabi/lib/thumb/v7e-m+fp/hard\libc.a(libc_a-fputwc.o)
                0x000000000000e94c                __fputwc
 .text._fputwc_r
                0x000000000000e9f8       0x68 c:/users/zeezoo/appdata/roaming/xpacks/@xpack-dev-tools/arm-none-eabi-gcc/11.3.1-1.1.2/.content/bin/../lib/gcc/arm-none-eabi/11.3.1/../../../../arm-none-eabi/lib/thumb/v7e-m+fp/hard\libc.a(libc_a-fputwc.o)
                0x000000000000e9f8                _fputwc_r
 .text.memmove  0x000000000000ea60       0xf8 c:/users/zeezoo/appdata/roaming/xpacks/@xpack-dev-tools/arm-none-eabi-gcc/11.3.1-1.1.2/.content/bin/../lib/gcc/arm-none-eabi/11.3.1/../../../../arm-none-eabi/lib/thumb/v7e-m+fp/hard\libc.a(libc_a-memmove.o)
                0x000000000000ea60                memmove
 .text.memset   0x000000000000eb58       0xa4 c:/users/zeezoo/appdata/roaming/xpacks/@xpack-dev-tools/arm-none-eabi-gcc/11.3.1-1.1.2/.content/bin/../lib/gcc/arm-none-eabi/11.3.1/../../../../arm-none-eabi/lib/thumb/v7e-m+fp/hard\libc.a(libc_a-memset.o)
                0x000000000000eb58                memset
 .text.strncpy  0x000000000000ebfc       0x64 c:/users/zeezoo/appdata/roaming/xpacks/@xpack-dev-tools/arm-none-eabi-gcc/11.3.1-1.1.2/.content/bin/../lib/gcc/arm-none-eabi/11.3.1/../../../../arm-none-eabi/lib/thumb/v7e-m+fp/hard\libc.a(libc_a-strncpy.o)
                0x000000000000ebfc                strncpy
 .text.__locale_mb_cur_max
                0x000000000000ec60        0xc c:/users/zeezoo/appdata/roaming/xpacks/@xpack-dev-tools/arm-none-eabi-gcc/11.3.1-1.1.2/.content/bin/../lib/gcc/arm-none-eabi/11.3.1/../../../../arm-none-eabi/lib/thumb/v7e-m+fp/hard\libc.a(libc_a-locale.o)
                0x000000000000ec60                __locale_mb_cur_max
 .text._localeconv_r
                0x000000000000ec6c        0x8 c:/users/zeezoo/appdata/roaming/xpacks/@xpack-dev-tools/arm-none-eabi-gcc/11.3.1-1.1.2/.content/bin/../lib/gcc/arm-none-eabi/11.3.1/../../../../arm-none-eabi/lib/thumb/v7e-m+fp/hard\libc.a(libc_a-localeconv.o)
                0x000000000000ec6c                _localeconv_r
 .text._close_r
                0x000000000000ec74       0x24 c:/users/zeezoo/appdata/roaming/xpacks/@xpack-dev-tools/arm-none-eabi-gcc/11.3.1-1.1.2/.content/bin/../lib/gcc/arm-none-eabi/11.3.1/../../../../arm-none-eabi/lib/thumb/v7e-m+fp/hard\libc.a(libc_a-closer.o)
                0x000000000000ec74                _close_r
 .text._lseek_r
                0x000000000000ec98       0x2c c:/users/zeezoo/appdata/roaming/xpacks/@xpack-dev-tools/arm-none-eabi-gcc/11.3.1-1.1.2/.content/bin/../lib/gcc/arm-none-eabi/11.3.1/../../../../arm-none-eabi/lib/thumb/v7e-m+fp/hard\libc.a(libc_a-lseekr.o)
                0x000000000000ec98                _lseek_r
 .text._read_r  0x000000000000ecc4       0x2c c:/users/zeezoo/appdata/roaming/xpacks/@xpack-dev-tools/arm-none-eabi-gcc/11.3.1-1.1.2/.content/bin/../lib/gcc/arm-none-eabi/11.3.1/../../../../arm-none-eabi/lib/thumb/v7e-m+fp/hard\libc.a(libc_a-readr.o)
                0x000000000000ecc4                _read_r
 .text._write_r
                0x000000000000ecf0       0x2c c:/users/zeezoo/appdata/roaming/xpacks/@xpack-dev-tools/arm-none-eabi-gcc/11.3.1-1.1.2/.content/bin/../lib/gcc/arm-none-eabi/11.3.1/../../../../arm-none-eabi/lib/thumb/v7e-m+fp/hard\libc.a(libc_a-writer.o)
                0x000000000000ecf0                _write_r
 .text.__retarget_lock_init_recursive
                0x000000000000ed1c        0x4 c:/users/zeezoo/appdata/roaming/xpacks/@xpack-dev-tools/arm-none-eabi-gcc/11.3.1-1.1.2/.content/bin/../lib/gcc/arm-none-eabi/11.3.1/../../../../arm-none-eabi/lib/thumb/v7e-m+fp/hard\libc.a(libc_a-lock.o)
                0x000000000000ed1c                __retarget_lock_init_recursive
 .text.__retarget_lock_close_recursive
                0x000000000000ed20        0x4 c:/users/zeezoo/appdata/roaming/xpacks/@xpack-dev-tools/arm-none-eabi-gcc/11.3.1-1.1.2/.content/bin/../lib/gcc/arm-none-eabi/11.3.1/../../../../arm-none-eabi/lib/thumb/v7e-m+fp/hard\libc.a(libc_a-lock.o)
                0x000000000000ed20                __retarget_lock_close_recursive
 .text.__retarget_lock_acquire_recursive
                0x000000000000ed24        0x4 c:/users/zeezoo/appdata/roaming/xpacks/@xpack-dev-tools/arm-none-eabi-gcc/11.3.1-1.1.2/.content/bin/../lib/gcc/arm-none-eabi/11.3.1/../../../../arm-none-eabi/lib/thumb/v7e-m+fp/hard\libc.a(libc_a-lock.o)
                0x000000000000ed24                __retarget_lock_acquire_recursive
 .text.__retarget_lock_release_recursive
                0x000000000000ed28        0x4 c:/users/zeezoo/appdata/roaming/xpacks/@xpack-dev-tools/arm-none-eabi-gcc/11.3.1-1.1.2/.content/bin/../lib/gcc/arm-none-eabi/11.3.1/../../../../arm-none-eabi/lib/thumb/v7e-m+fp/hard\libc.a(libc_a-lock.o)
                0x000000000000ed28                __retarget_lock_release_recursive
 .text.abort    0x000000000000ed2c       0x10 c:/users/zeezoo/appdata/roaming/xpacks/@xpack-dev-tools/arm-none-eabi-gcc/11.3.1-1.1.2/.content/bin/../lib/gcc/arm-none-eabi/11.3.1/../../../../arm-none-eabi/lib/thumb/v7e-m+fp/hard\libc.a(libc_a-abort.o)
                0x000000000000ed2c                abort
 .text._malloc_trim_r
                0x000000000000ed3c       0xa0 c:/users/zeezoo/appdata/roaming/xpacks/@xpack-dev-tools/arm-none-eabi-gcc/11.3.1-1.1.2/.content/bin/../lib/gcc/arm-none-eabi/11.3.1/../../../../arm-none-eabi/lib/thumb/v7e-m+fp/hard\libc.a(libc_a-freer.o)
                0x000000000000ed3c                _malloc_trim_r
 .text._free_r  0x000000000000eddc      0x20c c:/users/zeezoo/appdata/roaming/xpacks/@xpack-dev-tools/arm-none-eabi-gcc/11.3.1-1.1.2/.content/bin/../lib/gcc/arm-none-eabi/11.3.1/../../../../arm-none-eabi/lib/thumb/v7e-m+fp/hard\libc.a(libc_a-freer.o)
                0x000000000000eddc                _free_r
 .text._malloc_r
                0x000000000000efe8      0x560 c:/users/zeezoo/appdata/roaming/xpacks/@xpack-dev-tools/arm-none-eabi-gcc/11.3.1-1.1.2/.content/bin/../lib/gcc/arm-none-eabi/11.3.1/../../../../arm-none-eabi/lib/thumb/v7e-m+fp/hard\libc.a(libc_a-mallocr.o)
                0x000000000000efe8                _malloc_r
 .text.__ascii_mbtowc
                0x000000000000f548       0x2c c:/users/zeezoo/appdata/roaming/xpacks/@xpack-dev-tools/arm-none-eabi-gcc/11.3.1-1.1.2/.content/bin/../lib/gcc/arm-none-eabi/11.3.1/../../../../arm-none-eabi/lib/thumb/v7e-m+fp/hard\libc.a(libc_a-mbtowc_r.o)
                0x000000000000f548                __ascii_mbtowc
 .text.__malloc_lock
                0x000000000000f574        0xc c:/users/zeezoo/appdata/roaming/xpacks/@xpack-dev-tools/arm-none-eabi-gcc/11.3.1-1.1.2/.content/bin/../lib/gcc/arm-none-eabi/11.3.1/../../../../arm-none-eabi/lib/thumb/v7e-m+fp/hard\libc.a(libc_a-mlock.o)
                0x000000000000f574                __malloc_lock
 .text.__malloc_unlock
                0x000000000000f580        0xc c:/users/zeezoo/appdata/roaming/xpacks/@xpack-dev-tools/arm-none-eabi-gcc/11.3.1-1.1.2/.content/bin/../lib/gcc/arm-none-eabi/11.3.1/../../../../arm-none-eabi/lib/thumb/v7e-m+fp/hard\libc.a(libc_a-mlock.o)
                0x000000000000f580                __malloc_unlock
 .text._realloc_r
                0x000000000000f58c      0x3d8 c:/users/zeezoo/appdata/roaming/xpacks/@xpack-dev-tools/arm-none-eabi-gcc/11.3.1-1.1.2/.content/bin/../lib/gcc/arm-none-eabi/11.3.1/../../../../arm-none-eabi/lib/thumb/v7e-m+fp/hard\libc.a(libc_a-reallocr.o)
                0x000000000000f58c                _realloc_r
 .text.__ascii_wctomb
                0x000000000000f964       0x1c c:/users/zeezoo/appdata/roaming/xpacks/@xpack-dev-tools/arm-none-eabi-gcc/11.3.1-1.1.2/.content/bin/../lib/gcc/arm-none-eabi/11.3.1/../../../../arm-none-eabi/lib/thumb/v7e-m+fp/hard\libc.a(libc_a-wctomb_r.o)
                0x000000000000f964                __ascii_wctomb
 .text._wcrtomb_r
                0x000000000000f980       0x4c c:/users/zeezoo/appdata/roaming/xpacks/@xpack-dev-tools/arm-none-eabi-gcc/11.3.1-1.1.2/.content/bin/../lib/gcc/arm-none-eabi/11.3.1/../../../../arm-none-eabi/lib/thumb/v7e-m+fp/hard\libc.a(libc_a-wcrtomb.o)
                0x000000000000f980                _wcrtomb_r
 .text._wcsrtombs_r
                0x000000000000f9cc       0x18 c:/users/zeezoo/appdata/roaming/xpacks/@xpack-dev-tools/arm-none-eabi-gcc/11.3.1-1.1.2/.content/bin/../lib/gcc/arm-none-eabi/11.3.1/../../../../arm-none-eabi/lib/thumb/v7e-m+fp/hard\libc.a(libc_a-wcsrtombs.o)
                0x000000000000f9cc                _wcsrtombs_r
 .text._fclose_r
                0x000000000000f9e4       0xc8 c:/users/zeezoo/appdata/roaming/xpacks/@xpack-dev-tools/arm-none-eabi-gcc/11.3.1-1.1.2/.content/bin/../lib/gcc/arm-none-eabi/11.3.1/../../../../arm-none-eabi/lib/thumb/v7e-m+fp/hard\libc.a(libc_a-fclose.o)
                0x000000000000f9e4                _fclose_r
 .text.__smakebuf_r
                0x000000000000faac       0xd8 c:/users/zeezoo/appdata/roaming/xpacks/@xpack-dev-tools/arm-none-eabi-gcc/11.3.1-1.1.2/.content/bin/../lib/gcc/arm-none-eabi/11.3.1/../../../../arm-none-eabi/lib/thumb/v7e-m+fp/hard\libc.a(libc_a-makebuf.o)
                0x000000000000faac                __smakebuf_r
 .text.__swbuf_r
                0x000000000000fb84       0xb0 c:/users/zeezoo/appdata/roaming/xpacks/@xpack-dev-tools/arm-none-eabi-gcc/11.3.1-1.1.2/.content/bin/../lib/gcc/arm-none-eabi/11.3.1/../../../../arm-none-eabi/lib/thumb/v7e-m+fp/hard\libc.a(libc_a-wbuf.o)
                0x000000000000fb84                __swbuf_r
 .text.raise    0x000000000000fc34       0x5c c:/users/zeezoo/appdata/roaming/xpacks/@xpack-dev-tools/arm-none-eabi-gcc/11.3.1-1.1.2/.content/bin/../lib/gcc/arm-none-eabi/11.3.1/../../../../arm-none-eabi/lib/thumb/v7e-m+fp/hard\libc.a(libc_a-signal.o)
                0x000000000000fc34                raise
 .text._fstat_r
                0x000000000000fc90       0x2c c:/users/zeezoo/appdata/roaming/xpacks/@xpack-dev-tools/arm-none-eabi-gcc/11.3.1-1.1.2/.content/bin/../lib/gcc/arm-none-eabi/11.3.1/../../../../arm-none-eabi/lib/thumb/v7e-m+fp/hard\libc.a(libc_a-fstatr.o)
                0x000000000000fc90                _fstat_r
 .text._isatty_r
                0x000000000000fcbc       0x24 c:/users/zeezoo/appdata/roaming/xpacks/@xpack-dev-tools/arm-none-eabi-gcc/11.3.1-1.1.2/.content/bin/../lib/gcc/arm-none-eabi/11.3.1/../../../../arm-none-eabi/lib/thumb/v7e-m+fp/hard\libc.a(libc_a-isattyr.o)
                0x000000000000fcbc                _isatty_r
 .text._kill_r  0x000000000000fce0       0x2c c:/users/zeezoo/appdata/roaming/xpacks/@xpack-dev-tools/arm-none-eabi-gcc/11.3.1-1.1.2/.content/bin/../lib/gcc/arm-none-eabi/11.3.1/../../../../arm-none-eabi/lib/thumb/v7e-m+fp/hard\libc.a(libc_a-signalr.o)
                0x000000000000fce0                _kill_r
 .text._getpid_r
                0x000000000000fd0c        0x4 c:/users/zeezoo/appdata/roaming/xpacks/@xpack-dev-tools/arm-none-eabi-gcc/11.3.1-1.1.2/.content/bin/../lib/gcc/arm-none-eabi/11.3.1/../../../../arm-none-eabi/lib/thumb/v7e-m+fp/hard\libc.a(libc_a-signalr.o)
                0x000000000000fd0c                _getpid_r
 .text._sbrk_r  0x000000000000fd10       0x24 c:/users/zeezoo/appdata/roaming/xpacks/@xpack-dev-tools/arm-none-eabi-gcc/11.3.1-1.1.2/.content/bin/../lib/gcc/arm-none-eabi/11.3.1/../../../../arm-none-eabi/lib/thumb/v7e-m+fp/hard\libc.a(libc_a-sbrkr.o)
                0x000000000000fd10                _sbrk_r
 .text._wcsnrtombs_l
                0x000000000000fd34      0x108 c:/users/zeezoo/appdata/roaming/xpacks/@xpack-dev-tools/arm-none-eabi-gcc/11.3.1-1.1.2/.content/bin/../lib/gcc/arm-none-eabi/11.3.1/../../../../arm-none-eabi/lib/thumb/v7e-m+fp/hard\libc.a(libc_a-wcsnrtombs.o)
                0x000000000000fd34                _wcsnrtombs_l
 .text._wcsnrtombs_r
                0x000000000000fe3c       0x24 c:/users/zeezoo/appdata/roaming/xpacks/@xpack-dev-tools/arm-none-eabi-gcc/11.3.1-1.1.2/.content/bin/../lib/gcc/arm-none-eabi/11.3.1/../../../../arm-none-eabi/lib/thumb/v7e-m+fp/hard\libc.a(libc_a-wcsnrtombs.o)
                0x000000000000fe3c                _wcsnrtombs_r
 .text.am_hal_cachectrl_config
                0x000000000000fe60       0x48 ../../../../../mcu/apollo3/hal/gcc/bin/libam_hal.a(am_hal_cachectrl.o)
                0x000000000000fe60                am_hal_cachectrl_config
 .text.am_hal_cachectrl_enable
                0x000000000000fea8       0x14 ../../../../../mcu/apollo3/hal/gcc/bin/libam_hal.a(am_hal_cachectrl.o)
                0x000000000000fea8                am_hal_cachectrl_enable
 .text.am_hal_clkgen_control
                0x000000000000febc      0x138 ../../../../../mcu/apollo3/hal/gcc/bin/libam_hal.a(am_hal_clkgen.o)
                0x000000000000febc                am_hal_clkgen_control
 .text.am_hal_clkgen_status_get
                0x000000000000fff4       0x3c ../../../../../mcu/apollo3/hal/gcc/bin/libam_hal.a(am_hal_clkgen.o)
                0x000000000000fff4                am_hal_clkgen_status_get
 .text.am_hal_flash_delay
                0x0000000000010030       0x20 ../../../../../mcu/apollo3/hal/gcc/bin/libam_hal.a(am_hal_flash.o)
                0x0000000000010030                am_hal_flash_delay
 .text.am_hal_gpio_pinconfig
                0x0000000000010050      0x26c ../../../../../mcu/apollo3/hal/gcc/bin/libam_hal.a(am_hal_gpio.o)
                0x0000000000010050                am_hal_gpio_pinconfig
 .text.am_hal_gpio_state_write
                0x00000000000102bc       0x88 ../../../../../mcu/apollo3/hal/gcc/bin/libam_hal.a(am_hal_gpio.o)
                0x00000000000102bc                am_hal_gpio_state_write
 .text.am_hal_interrupt_master_enable
                0x0000000000010344        0x8 ../../../../../mcu/apollo3/hal/gcc/bin/libam_hal.a(am_hal_interrupt.o)
                0x0000000000010344                am_hal_interrupt_master_enable
 .text.am_hal_interrupt_master_disable
                0x000000000001034c        0x8 ../../../../../mcu/apollo3/hal/gcc/bin/libam_hal.a(am_hal_interrupt.o)
                0x000000000001034c                am_hal_interrupt_master_disable
 .text.am_hal_interrupt_master_set
                0x0000000000010354        0x8 ../../../../../mcu/apollo3/hal/gcc/bin/libam_hal.a(am_hal_interrupt.o)
                0x0000000000010354                am_hal_interrupt_master_set
 .text.am_hal_mcuctrl_info_get
                0x000000000001035c      0x138 ../../../../../mcu/apollo3/hal/gcc/bin/libam_hal.a(am_hal_mcuctrl.o)
                0x000000000001035c                am_hal_mcuctrl_info_get
 .text.am_hal_stimer_config
                0x0000000000010494       0x14 ../../../../../mcu/apollo3/hal/gcc/bin/libam_hal.a(am_hal_stimer.o)
                0x0000000000010494                am_hal_stimer_config
 .text.am_hal_stimer_counter_get
                0x00000000000104a8       0x20 ../../../../../mcu/apollo3/hal/gcc/bin/libam_hal.a(am_hal_stimer.o)
                0x00000000000104a8                am_hal_stimer_counter_get
 .text.am_hal_uart_initialize
                0x00000000000104c8       0x50 ../../../../../mcu/apollo3/hal/gcc/bin/libam_hal.a(am_hal_uart.o)
                0x00000000000104c8                am_hal_uart_initialize
 .text.am_hal_uart_power_control
                0x0000000000010518      0x108 ../../../../../mcu/apollo3/hal/gcc/bin/libam_hal.a(am_hal_uart.o)
                0x0000000000010518                am_hal_uart_power_control
 .text.am_hal_uart_configure
                0x0000000000010620      0x220 ../../../../../mcu/apollo3/hal/gcc/bin/libam_hal.a(am_hal_uart.o)
                0x0000000000010620                am_hal_uart_configure
 .text.am_hal_uart_transfer
                0x0000000000010840      0x400 ../../../../../mcu/apollo3/hal/gcc/bin/libam_hal.a(am_hal_uart.o)
                0x0000000000010840                am_hal_uart_transfer
 .text.am_hal_uart_interrupt_service
                0x0000000000010c40      0x138 ../../../../../mcu/apollo3/hal/gcc/bin/libam_hal.a(am_hal_uart.o)
                0x0000000000010c40                am_hal_uart_interrupt_service
 .text.am_hal_uart_interrupt_clear
                0x0000000000010d78       0x24 ../../../../../mcu/apollo3/hal/gcc/bin/libam_hal.a(am_hal_uart.o)
                0x0000000000010d78                am_hal_uart_interrupt_clear
 .text.am_hal_uart_interrupt_status_get
                0x0000000000010d9c       0x38 ../../../../../mcu/apollo3/hal/gcc/bin/libam_hal.a(am_hal_uart.o)
                0x0000000000010d9c                am_hal_uart_interrupt_status_get
 .text.am_hal_triple_read
                0x0000000000010dd4       0x1c ../../../../../mcu/apollo3/hal/gcc/bin/libam_hal.a(am_hal_global.o)
                0x0000000000010dd4                am_hal_triple_read
 .text.am_hal_pwrctrl_periph_enable
                0x0000000000010df0       0x6c ../../../../../mcu/apollo3/hal/gcc/bin/libam_hal.a(am_hal_pwrctrl.o)
                0x0000000000010df0                am_hal_pwrctrl_periph_enable
 .text.am_hal_pwrctrl_periph_disable
                0x0000000000010e5c       0x8c ../../../../../mcu/apollo3/hal/gcc/bin/libam_hal.a(am_hal_pwrctrl.o)
                0x0000000000010e5c                am_hal_pwrctrl_periph_disable
 .text.am_hal_queue_init
                0x0000000000010ee8       0x18 ../../../../../mcu/apollo3/hal/gcc/bin/libam_hal.a(am_hal_queue.o)
                0x0000000000010ee8                am_hal_queue_init
 .text.am_hal_queue_item_add
                0x0000000000010f00       0x7c ../../../../../mcu/apollo3/hal/gcc/bin/libam_hal.a(am_hal_queue.o)
                0x0000000000010f00                am_hal_queue_item_add
 .text.am_hal_queue_item_get
                0x0000000000010f7c       0x7c ../../../../../mcu/apollo3/hal/gcc/bin/libam_hal.a(am_hal_queue.o)
                0x0000000000010f7c                am_hal_queue_item_get
 *(.rodata)
 .rodata        0x0000000000010ff8      0x11c bin/hello_world_uart.o
 *(.rodata*)
 .rodata.polynomial
                0x0000000000011114       0x20 bin/hello_world_uart.o
                0x0000000000011114                polynomial
 .rodata.coeff_b
                0x0000000000011134       0x20 bin/hello_world_uart.o
                0x0000000000011134                coeff_b
 .rodata.g_sUartConfig
                0x0000000000011154       0x28 bin/hello_world_uart.o
                0x0000000000011154                g_sUartConfig
 .rodata.__func__.0
                0x000000000001117c        0xd bin/hello_world_uart.o
 *fill*         0x0000000000011189        0x3 
 .rodata.__assert_func.str1.4
                0x000000000001118c       0x3f c:/users/zeezoo/appdata/roaming/xpacks/@xpack-dev-tools/arm-none-eabi-gcc/11.3.1-1.1.2/.content/bin/../lib/gcc/arm-none-eabi/11.3.1/../../../../arm-none-eabi/lib/thumb/v7e-m+fp/hard\libc.a(libc_a-assert.o)
                                         0x43 (size before relaxing)
 *fill*         0x00000000000111cb        0x1 
 .rodata._vfiprintf_r.str1.4
                0x00000000000111cc       0x2f c:/users/zeezoo/appdata/roaming/xpacks/@xpack-dev-tools/arm-none-eabi-gcc/11.3.1-1.1.2/.content/bin/../lib/gcc/arm-none-eabi/11.3.1/../../../../arm-none-eabi/lib/thumb/v7e-m+fp/hard\libc.a(libc_a-vfiprintf.o)
 *fill*         0x00000000000111fb        0x1 
 .rodata.blanks.1
                0x00000000000111fc       0x10 c:/users/zeezoo/appdata/roaming/xpacks/@xpack-dev-tools/arm-none-eabi-gcc/11.3.1-1.1.2/.content/bin/../lib/gcc/arm-none-eabi/11.3.1/../../../../arm-none-eabi/lib/thumb/v7e-m+fp/hard\libc.a(libc_a-vfiprintf.o)
 .rodata.zeroes.0
                0x000000000001120c       0x10 c:/users/zeezoo/appdata/roaming/xpacks/@xpack-dev-tools/arm-none-eabi-gcc/11.3.1-1.1.2/.content/bin/../lib/gcc/arm-none-eabi/11.3.1/../../../../arm-none-eabi/lib/thumb/v7e-m+fp/hard\libc.a(libc_a-vfiprintf.o)
 .rodata.str1.4
                0x000000000001121c       0x48 c:/users/zeezoo/appdata/roaming/xpacks/@xpack-dev-tools/arm-none-eabi-gcc/11.3.1-1.1.2/.content/bin/../lib/gcc/arm-none-eabi/11.3.1/../../../../arm-none-eabi/lib/thumb/v7e-m+fp/hard\libc.a(libc_a-locale.o)
                                         0x4c (size before relaxing)
 .rodata._ctype_
                0x0000000000011264      0x101 c:/users/zeezoo/appdata/roaming/xpacks/@xpack-dev-tools/arm-none-eabi-gcc/11.3.1-1.1.2/.content/bin/../lib/gcc/arm-none-eabi/11.3.1/../../../../arm-none-eabi/lib/thumb/v7e-m+fp/hard\libc.a(libc_a-ctype_.o)
                0x0000000000011264                _ctype_
 *fill*         0x0000000000011365        0x3 
 .rodata.am_hal_cachectrl_defaults
                0x0000000000011368        0x3 ../../../../../mcu/apollo3/hal/gcc/bin/libam_hal.a(am_hal_cachectrl.o)
                0x0000000000011368                am_hal_cachectrl_defaults
 *fill*         0x000000000001136b        0x1 
 .rodata.g_AM_HAL_GPIO_DISABLE
                0x000000000001136c        0x4 ../../../../../mcu/apollo3/hal/gcc/bin/libam_hal.a(am_hal_gpio.o)
                0x000000000001136c                g_AM_HAL_GPIO_DISABLE
 .rodata.g_ui8Bit76Capabilities
                0x0000000000011370       0x32 ../../../../../mcu/apollo3/hal/gcc/bin/libam_hal.a(am_hal_gpio.o)
 *fill*         0x00000000000113a2        0x2 
 .rodata.g_ui8Inpen
                0x00000000000113a4       0x32 ../../../../../mcu/apollo3/hal/gcc/bin/libam_hal.a(am_hal_gpio.o)
 *fill*         0x00000000000113d6        0x2 
 .rodata.g_ui8NCEtable
                0x00000000000113d8       0xc8 ../../../../../mcu/apollo3/hal/gcc/bin/libam_hal.a(am_hal_gpio.o)
 .rodata.g_ui8nCEpins
                0x00000000000114a0       0x32 ../../../../../mcu/apollo3/hal/gcc/bin/libam_hal.a(am_hal_gpio.o)
 *fill*         0x00000000000114d2        0x2 
 .rodata.g_am_hal_mcuctrl_flash_size
                0x00000000000114d4       0x40 ../../../../../mcu/apollo3/hal/gcc/bin/libam_hal.a(am_hal_mcuctrl.o)
                0x00000000000114d4                g_am_hal_mcuctrl_flash_size
 .rodata.g_am_hal_mcuctrl_sram_size
                0x0000000000011514       0x40 ../../../../../mcu/apollo3/hal/gcc/bin/libam_hal.a(am_hal_mcuctrl.o)
                0x0000000000011514                g_am_hal_mcuctrl_sram_size
 .rodata.CSWTCH.21
                0x0000000000011554       0x10 ../../../../../mcu/apollo3/hal/gcc/bin/libam_hal.a(am_hal_uart.o)
 .rodata.am_hal_pwrctrl_peripheral_control
                0x0000000000011564       0xb4 ../../../../../mcu/apollo3/hal/gcc/bin/libam_hal.a(am_hal_pwrctrl.o)
                0x0000000000011564                am_hal_pwrctrl_peripheral_control
 .rodata.g_AM_BSP_GPIO_COM_UART_RX
                0x0000000000011618        0x4 ../../../bsp/gcc/bin/libam_bsp.a(am_bsp_pins.o)
                0x0000000000011618                g_AM_BSP_GPIO_COM_UART_RX
 .rodata.g_AM_BSP_GPIO_COM_UART_TX
                0x000000000001161c        0x4 ../../../bsp/gcc/bin/libam_bsp.a(am_bsp_pins.o)
                0x000000000001161c                g_AM_BSP_GPIO_COM_UART_TX
                0x0000000000011620                . = ALIGN (0x4)
                0x0000000000011620                _etext = .

.glue_7         0x0000000000011620        0x0
 .glue_7        0x0000000000011620        0x0 linker stubs

.glue_7t        0x0000000000011620        0x0
 .glue_7t       0x0000000000011620        0x0 linker stubs

.vfp11_veneer   0x0000000000011620        0x0
 .vfp11_veneer  0x0000000000011620        0x0 linker stubs

.v4_bx          0x0000000000011620        0x0
 .v4_bx         0x0000000000011620        0x0 linker stubs

.iplt           0x0000000000011620        0x0
 .iplt          0x0000000000011620        0x0 bin/hello_world_uart.o

.rel.dyn        0x0000000000011620        0x0
 .rel.iplt      0x0000000000011620        0x0 bin/hello_world_uart.o

.stack          0x0000000010000000     0x1000
                0x0000000010000000                . = ALIGN (0x8)
 *(.stack)
 .stack         0x0000000010000000     0x1000 bin/startup_gcc.o
 *(.stack*)
                0x0000000010001000                . = ALIGN (0x8)

.data           0x0000000010001000      0x6ac load address 0x0000000000011620
                0x0000000010001000                . = ALIGN (0x4)
                0x0000000010001000                _sdata = .
 *(.data)
 *(.data*)
 .data.__sglue  0x0000000010001000        0xc c:/users/zeezoo/appdata/roaming/xpacks/@xpack-dev-tools/arm-none-eabi-gcc/11.3.1-1.1.2/.content/bin/../lib/gcc/arm-none-eabi/11.3.1/../../../../arm-none-eabi/lib/thumb/v7e-m+fp/hard\libc.a(libc_a-findfp.o)
                0x0000000010001000                __sglue
 .data.__global_locale
                0x000000001000100c      0x16c c:/users/zeezoo/appdata/roaming/xpacks/@xpack-dev-tools/arm-none-eabi-gcc/11.3.1-1.1.2/.content/bin/../lib/gcc/arm-none-eabi/11.3.1/../../../../arm-none-eabi/lib/thumb/v7e-m+fp/hard\libc.a(libc_a-locale.o)
                0x000000001000100c                __global_locale
 .data._impure_data
                0x0000000010001178      0x120 c:/users/zeezoo/appdata/roaming/xpacks/@xpack-dev-tools/arm-none-eabi-gcc/11.3.1-1.1.2/.content/bin/../lib/gcc/arm-none-eabi/11.3.1/../../../../arm-none-eabi/lib/thumb/v7e-m+fp/hard\libc.a(libc_a-impure.o)
                0x0000000010001178                _impure_data
 .data._impure_ptr
                0x0000000010001298        0x4 c:/users/zeezoo/appdata/roaming/xpacks/@xpack-dev-tools/arm-none-eabi-gcc/11.3.1-1.1.2/.content/bin/../lib/gcc/arm-none-eabi/11.3.1/../../../../arm-none-eabi/lib/thumb/v7e-m+fp/hard\libc.a(libc_a-impure.o)
                0x0000000010001298                _impure_ptr
 .data.__malloc_av_
                0x000000001000129c      0x408 c:/users/zeezoo/appdata/roaming/xpacks/@xpack-dev-tools/arm-none-eabi-gcc/11.3.1-1.1.2/.content/bin/../lib/gcc/arm-none-eabi/11.3.1/../../../../arm-none-eabi/lib/thumb/v7e-m+fp/hard\libc.a(libc_a-mallocr.o)
                0x000000001000129c                __malloc_av_
 .data.__malloc_sbrk_base
                0x00000000100016a4        0x4 c:/users/zeezoo/appdata/roaming/xpacks/@xpack-dev-tools/arm-none-eabi-gcc/11.3.1-1.1.2/.content/bin/../lib/gcc/arm-none-eabi/11.3.1/../../../../arm-none-eabi/lib/thumb/v7e-m+fp/hard\libc.a(libc_a-mallocr.o)
                0x00000000100016a4                __malloc_sbrk_base
 .data.__malloc_trim_threshold
                0x00000000100016a8        0x4 c:/users/zeezoo/appdata/roaming/xpacks/@xpack-dev-tools/arm-none-eabi-gcc/11.3.1-1.1.2/.content/bin/../lib/gcc/arm-none-eabi/11.3.1/../../../../arm-none-eabi/lib/thumb/v7e-m+fp/hard\libc.a(libc_a-mallocr.o)
                0x00000000100016a8                __malloc_trim_threshold
                0x00000000100016ac                . = ALIGN (0x4)
                0x00000000100016ac                _edata = .
                0x0000000000011620                _init_data = LOADADDR (.data)

.igot.plt       0x00000000100016ac        0x0 load address 0x0000000000011ccc
 .igot.plt      0x00000000100016ac        0x0 bin/hello_world_uart.o

.bss            0x00000000100016ac      0x460 load address 0x0000000000011ccc
                0x00000000100016ac                . = ALIGN (0x4)
                0x00000000100016ac                _sbss = .
 *(.bss)
 *(.bss*)
 .bss.phUART    0x00000000100016ac        0x4 bin/hello_world_uart.o
                0x00000000100016ac                phUART
 .bss.ui32LastError
                0x00000000100016b0        0x4 bin/hello_world_uart.o
                0x00000000100016b0                ui32LastError
 .bss.g_pui8TxBuffer
                0x00000000100016b4      0x100 bin/hello_world_uart.o
                0x00000000100016b4                g_pui8TxBuffer
 .bss.g_pui8RxBuffer
                0x00000000100017b4        0x2 bin/hello_world_uart.o
                0x00000000100017b4                g_pui8RxBuffer
 *fill*         0x00000000100017b6        0x2 
 .bss.pub_a     0x00000000100017b8       0x40 bin/hello_world_uart.o
                0x00000000100017b8                pub_a
 .bss.prv_a     0x00000000100017f8       0x20 bin/hello_world_uart.o
                0x00000000100017f8                prv_a
 .bss.sec_a     0x0000000010001818       0x40 bin/hello_world_uart.o
                0x0000000010001818                sec_a
 .bss.pub_b     0x0000000010001858       0x40 bin/hello_world_uart.o
                0x0000000010001858                pub_b
 .bss.prv_b     0x0000000010001898       0x20 bin/hello_world_uart.o
                0x0000000010001898                prv_b
 .bss.g_pfnCharPrint
                0x00000000100018b8        0x4 bin/am_util_stdio.o
                0x00000000100018b8                g_pfnCharPrint
 .bss.__sf      0x00000000100018bc      0x138 c:/users/zeezoo/appdata/roaming/xpacks/@xpack-dev-tools/arm-none-eabi-gcc/11.3.1-1.1.2/.content/bin/../lib/gcc/arm-none-eabi/11.3.1/../../../../arm-none-eabi/lib/thumb/v7e-m+fp/hard\libc.a(libc_a-findfp.o)
                0x00000000100018bc                __sf
 .bss.__stdio_exit_handler
                0x00000000100019f4        0x4 c:/users/zeezoo/appdata/roaming/xpacks/@xpack-dev-tools/arm-none-eabi-gcc/11.3.1-1.1.2/.content/bin/../lib/gcc/arm-none-eabi/11.3.1/../../../../arm-none-eabi/lib/thumb/v7e-m+fp/hard\libc.a(libc_a-findfp.o)
                0x00000000100019f4                __stdio_exit_handler
 .bss.errno     0x00000000100019f8        0x4 c:/users/zeezoo/appdata/roaming/xpacks/@xpack-dev-tools/arm-none-eabi-gcc/11.3.1-1.1.2/.content/bin/../lib/gcc/arm-none-eabi/11.3.1/../../../../arm-none-eabi/lib/thumb/v7e-m+fp/hard\libc.a(libc_a-reent.o)
                0x00000000100019f8                errno
 .bss.__lock___malloc_recursive_mutex
                0x00000000100019fc        0x1 c:/users/zeezoo/appdata/roaming/xpacks/@xpack-dev-tools/arm-none-eabi-gcc/11.3.1-1.1.2/.content/bin/../lib/gcc/arm-none-eabi/11.3.1/../../../../arm-none-eabi/lib/thumb/v7e-m+fp/hard\libc.a(libc_a-lock.o)
                0x00000000100019fc                __lock___malloc_recursive_mutex
 *fill*         0x00000000100019fd        0x3 
 .bss.__lock___sfp_recursive_mutex
                0x0000000010001a00        0x1 c:/users/zeezoo/appdata/roaming/xpacks/@xpack-dev-tools/arm-none-eabi-gcc/11.3.1-1.1.2/.content/bin/../lib/gcc/arm-none-eabi/11.3.1/../../../../arm-none-eabi/lib/thumb/v7e-m+fp/hard\libc.a(libc_a-lock.o)
                0x0000000010001a00                __lock___sfp_recursive_mutex
 *fill*         0x0000000010001a01        0x3 
 .bss.__malloc_current_mallinfo
                0x0000000010001a04       0x28 c:/users/zeezoo/appdata/roaming/xpacks/@xpack-dev-tools/arm-none-eabi-gcc/11.3.1-1.1.2/.content/bin/../lib/gcc/arm-none-eabi/11.3.1/../../../../arm-none-eabi/lib/thumb/v7e-m+fp/hard\libc.a(libc_a-mallocr.o)
                0x0000000010001a04                __malloc_current_mallinfo
 .bss.__malloc_max_sbrked_mem
                0x0000000010001a2c        0x4 c:/users/zeezoo/appdata/roaming/xpacks/@xpack-dev-tools/arm-none-eabi-gcc/11.3.1-1.1.2/.content/bin/../lib/gcc/arm-none-eabi/11.3.1/../../../../arm-none-eabi/lib/thumb/v7e-m+fp/hard\libc.a(libc_a-mallocr.o)
                0x0000000010001a2c                __malloc_max_sbrked_mem
 .bss.__malloc_max_total_mem
                0x0000000010001a30        0x4 c:/users/zeezoo/appdata/roaming/xpacks/@xpack-dev-tools/arm-none-eabi-gcc/11.3.1-1.1.2/.content/bin/../lib/gcc/arm-none-eabi/11.3.1/../../../../arm-none-eabi/lib/thumb/v7e-m+fp/hard\libc.a(libc_a-mallocr.o)
                0x0000000010001a30                __malloc_max_total_mem
 .bss.__malloc_top_pad
                0x0000000010001a34        0x4 c:/users/zeezoo/appdata/roaming/xpacks/@xpack-dev-tools/arm-none-eabi-gcc/11.3.1-1.1.2/.content/bin/../lib/gcc/arm-none-eabi/11.3.1/../../../../arm-none-eabi/lib/thumb/v7e-m+fp/hard\libc.a(libc_a-mallocr.o)
                0x0000000010001a34                __malloc_top_pad
 .bss.gAmHalResetStatus
                0x0000000010001a38        0x4 ../../../../../mcu/apollo3/hal/gcc/bin/libam_hal.a(am_hal_reset.o)
                0x0000000010001a38                gAmHalResetStatus
 .bss.g_am_hal_uart_states
                0x0000000010001a3c       0xd0 ../../../../../mcu/apollo3/hal/gcc/bin/libam_hal.a(am_hal_uart.o)
 *(COMMON)
                0x0000000010001b0c                . = ALIGN (0x4)
                0x0000000010001b0c                _ebss = .

.ARM.attributes
                0x0000000000000000       0x32
 *(.ARM.attributes)
 .ARM.attributes
                0x0000000000000000       0x34 bin/hello_world_uart.o
 .ARM.attributes
                0x0000000000000034       0x34 bin/am_util_delay.o
 .ARM.attributes
                0x0000000000000068       0x34 bin/am_util_faultisr.o
 .ARM.attributes
                0x000000000000009c       0x34 bin/am_util_stdio.o
 .ARM.attributes
                0x00000000000000d0       0x34 bin/startup_gcc.o
 .ARM.attributes
                0x0000000000000104       0x34 c:/users/zeezoo/appdata/roaming/xpacks/@xpack-dev-tools/arm-none-eabi-gcc/11.3.1-1.1.2/.content/bin/../lib/gcc/arm-none-eabi/11.3.1/../../../../arm-none-eabi/lib/thumb/v7e-m+fp/hard\libc.a(libc_a-assert.o)
 .ARM.attributes
                0x0000000000000138       0x34 c:/users/zeezoo/appdata/roaming/xpacks/@xpack-dev-tools/arm-none-eabi-gcc/11.3.1-1.1.2/.content/bin/../lib/gcc/arm-none-eabi/11.3.1/../../../../arm-none-eabi/lib/thumb/v7e-m+fp/hard\libc.a(libc_a-fiprintf.o)
 .ARM.attributes
                0x000000000000016c       0x34 c:/users/zeezoo/appdata/roaming/xpacks/@xpack-dev-tools/arm-none-eabi-gcc/11.3.1-1.1.2/.content/bin/../lib/gcc/arm-none-eabi/11.3.1/../../../../arm-none-eabi/lib/thumb/v7e-m+fp/hard\libc.a(libc_a-vfiprintf.o)
 .ARM.attributes
                0x00000000000001a0       0x34 c:/users/zeezoo/appdata/roaming/xpacks/@xpack-dev-tools/arm-none-eabi-gcc/11.3.1-1.1.2/.content/bin/../lib/gcc/arm-none-eabi/11.3.1/../../../../arm-none-eabi/lib/thumb/v7e-m+fp/hard\libc.a(libc_a-fflush.o)
 .ARM.attributes
                0x00000000000001d4       0x34 c:/users/zeezoo/appdata/roaming/xpacks/@xpack-dev-tools/arm-none-eabi-gcc/11.3.1-1.1.2/.content/bin/../lib/gcc/arm-none-eabi/11.3.1/../../../../arm-none-eabi/lib/thumb/v7e-m+fp/hard\libc.a(libc_a-findfp.o)
 .ARM.attributes
                0x0000000000000208       0x34 c:/users/zeezoo/appdata/roaming/xpacks/@xpack-dev-tools/arm-none-eabi-gcc/11.3.1-1.1.2/.content/bin/../lib/gcc/arm-none-eabi/11.3.1/../../../../arm-none-eabi/lib/thumb/v7e-m+fp/hard\libc.a(libc_a-fvwrite.o)
 .ARM.attributes
                0x000000000000023c       0x34 c:/users/zeezoo/appdata/roaming/xpacks/@xpack-dev-tools/arm-none-eabi-gcc/11.3.1-1.1.2/.content/bin/../lib/gcc/arm-none-eabi/11.3.1/../../../../arm-none-eabi/lib/thumb/v7e-m+fp/hard\libc.a(libc_a-fwalk.o)
 .ARM.attributes
                0x0000000000000270       0x34 c:/users/zeezoo/appdata/roaming/xpacks/@xpack-dev-tools/arm-none-eabi-gcc/11.3.1-1.1.2/.content/bin/../lib/gcc/arm-none-eabi/11.3.1/../../../../arm-none-eabi/lib/thumb/v7e-m+fp/hard\libc.a(libc_a-stdio.o)
 .ARM.attributes
                0x00000000000002a4       0x34 c:/users/zeezoo/appdata/roaming/xpacks/@xpack-dev-tools/arm-none-eabi-gcc/11.3.1-1.1.2/.content/bin/../lib/gcc/arm-none-eabi/11.3.1/../../../../arm-none-eabi/lib/thumb/v7e-m+fp/hard\libc.a(libc_a-wsetup.o)
 .ARM.attributes
                0x00000000000002d8       0x34 c:/users/zeezoo/appdata/roaming/xpacks/@xpack-dev-tools/arm-none-eabi-gcc/11.3.1-1.1.2/.content/bin/../lib/gcc/arm-none-eabi/11.3.1/../../../../arm-none-eabi/lib/thumb/v7e-m+fp/hard\libc.a(libc_a-fputwc.o)
 .ARM.attributes
                0x000000000000030c       0x34 c:/users/zeezoo/appdata/roaming/xpacks/@xpack-dev-tools/arm-none-eabi-gcc/11.3.1-1.1.2/.content/bin/../lib/gcc/arm-none-eabi/11.3.1/../../../../arm-none-eabi/lib/thumb/v7e-m+fp/hard\libc.a(libc_a-memmove.o)
 .ARM.attributes
                0x0000000000000340       0x34 c:/users/zeezoo/appdata/roaming/xpacks/@xpack-dev-tools/arm-none-eabi-gcc/11.3.1-1.1.2/.content/bin/../lib/gcc/arm-none-eabi/11.3.1/../../../../arm-none-eabi/lib/thumb/v7e-m+fp/hard\libc.a(libc_a-memset.o)
 .ARM.attributes
                0x0000000000000374       0x34 c:/users/zeezoo/appdata/roaming/xpacks/@xpack-dev-tools/arm-none-eabi-gcc/11.3.1-1.1.2/.content/bin/../lib/gcc/arm-none-eabi/11.3.1/../../../../arm-none-eabi/lib/thumb/v7e-m+fp/hard\libc.a(libc_a-strncpy.o)
 .ARM.attributes
                0x00000000000003a8       0x34 c:/users/zeezoo/appdata/roaming/xpacks/@xpack-dev-tools/arm-none-eabi-gcc/11.3.1-1.1.2/.content/bin/../lib/gcc/arm-none-eabi/11.3.1/../../../../arm-none-eabi/lib/thumb/v7e-m+fp/hard\libc.a(libc_a-locale.o)
 .ARM.attributes
                0x00000000000003dc       0x34 c:/users/zeezoo/appdata/roaming/xpacks/@xpack-dev-tools/arm-none-eabi-gcc/11.3.1-1.1.2/.content/bin/../lib/gcc/arm-none-eabi/11.3.1/../../../../arm-none-eabi/lib/thumb/v7e-m+fp/hard\libc.a(libc_a-localeconv.o)
 .ARM.attributes
                0x0000000000000410       0x34 c:/users/zeezoo/appdata/roaming/xpacks/@xpack-dev-tools/arm-none-eabi-gcc/11.3.1-1.1.2/.content/bin/../lib/gcc/arm-none-eabi/11.3.1/../../../../arm-none-eabi/lib/thumb/v7e-m+fp/hard\libc.a(libc_a-closer.o)
 .ARM.attributes
                0x0000000000000444       0x34 c:/users/zeezoo/appdata/roaming/xpacks/@xpack-dev-tools/arm-none-eabi-gcc/11.3.1-1.1.2/.content/bin/../lib/gcc/arm-none-eabi/11.3.1/../../../../arm-none-eabi/lib/thumb/v7e-m+fp/hard\libc.a(libc_a-reent.o)
 .ARM.attributes
                0x0000000000000478       0x34 c:/users/zeezoo/appdata/roaming/xpacks/@xpack-dev-tools/arm-none-eabi-gcc/11.3.1-1.1.2/.content/bin/../lib/gcc/arm-none-eabi/11.3.1/../../../../arm-none-eabi/lib/thumb/v7e-m+fp/hard\libc.a(libc_a-impure.o)
 .ARM.attributes
                0x00000000000004ac       0x34 c:/users/zeezoo/appdata/roaming/xpacks/@xpack-dev-tools/arm-none-eabi-gcc/11.3.1-1.1.2/.content/bin/../lib/gcc/arm-none-eabi/11.3.1/../../../../arm-none-eabi/lib/thumb/v7e-m+fp/hard\libc.a(libc_a-lseekr.o)
 .ARM.attributes
                0x00000000000004e0       0x34 c:/users/zeezoo/appdata/roaming/xpacks/@xpack-dev-tools/arm-none-eabi-gcc/11.3.1-1.1.2/.content/bin/../lib/gcc/arm-none-eabi/11.3.1/../../../../arm-none-eabi/lib/thumb/v7e-m+fp/hard\libc.a(libc_a-readr.o)
 .ARM.attributes
                0x0000000000000514       0x34 c:/users/zeezoo/appdata/roaming/xpacks/@xpack-dev-tools/arm-none-eabi-gcc/11.3.1-1.1.2/.content/bin/../lib/gcc/arm-none-eabi/11.3.1/../../../../arm-none-eabi/lib/thumb/v7e-m+fp/hard\libc.a(libc_a-writer.o)
 .ARM.attributes
                0x0000000000000548       0x34 c:/users/zeezoo/appdata/roaming/xpacks/@xpack-dev-tools/arm-none-eabi-gcc/11.3.1-1.1.2/.content/bin/../lib/gcc/arm-none-eabi/11.3.1/../../../../arm-none-eabi/lib/thumb/v7e-m+fp/hard\libc.a(libc_a-lock.o)
 .ARM.attributes
                0x000000000000057c       0x1c c:/users/zeezoo/appdata/roaming/xpacks/@xpack-dev-tools/arm-none-eabi-gcc/11.3.1-1.1.2/.content/bin/../lib/gcc/arm-none-eabi/11.3.1/../../../../arm-none-eabi/lib/thumb/v7e-m+fp/hard\libc.a(libc_a-memchr.o)
 .ARM.attributes
                0x0000000000000598       0x1c c:/users/zeezoo/appdata/roaming/xpacks/@xpack-dev-tools/arm-none-eabi-gcc/11.3.1-1.1.2/.content/bin/../lib/gcc/arm-none-eabi/11.3.1/../../../../arm-none-eabi/lib/thumb/v7e-m+fp/hard\libc.a(libc_a-memcpy.o)
 .ARM.attributes
                0x00000000000005b4       0x1c c:/users/zeezoo/appdata/roaming/xpacks/@xpack-dev-tools/arm-none-eabi-gcc/11.3.1-1.1.2/.content/bin/../lib/gcc/arm-none-eabi/11.3.1/../../../../arm-none-eabi/lib/thumb/v7e-m+fp/hard\libc.a(libc_a-strlen.o)
 .ARM.attributes
                0x00000000000005d0       0x34 c:/users/zeezoo/appdata/roaming/xpacks/@xpack-dev-tools/arm-none-eabi-gcc/11.3.1-1.1.2/.content/bin/../lib/gcc/arm-none-eabi/11.3.1/../../../../arm-none-eabi/lib/thumb/v7e-m+fp/hard\libc.a(libc_a-abort.o)
 .ARM.attributes
                0x0000000000000604       0x34 c:/users/zeezoo/appdata/roaming/xpacks/@xpack-dev-tools/arm-none-eabi-gcc/11.3.1-1.1.2/.content/bin/../lib/gcc/arm-none-eabi/11.3.1/../../../../arm-none-eabi/lib/thumb/v7e-m+fp/hard\libc.a(libc_a-freer.o)
 .ARM.attributes
                0x0000000000000638       0x34 c:/users/zeezoo/appdata/roaming/xpacks/@xpack-dev-tools/arm-none-eabi-gcc/11.3.1-1.1.2/.content/bin/../lib/gcc/arm-none-eabi/11.3.1/../../../../arm-none-eabi/lib/thumb/v7e-m+fp/hard\libc.a(libc_a-mallocr.o)
 .ARM.attributes
                0x000000000000066c       0x34 c:/users/zeezoo/appdata/roaming/xpacks/@xpack-dev-tools/arm-none-eabi-gcc/11.3.1-1.1.2/.content/bin/../lib/gcc/arm-none-eabi/11.3.1/../../../../arm-none-eabi/lib/thumb/v7e-m+fp/hard\libc.a(libc_a-mbtowc_r.o)
 .ARM.attributes
                0x00000000000006a0       0x34 c:/users/zeezoo/appdata/roaming/xpacks/@xpack-dev-tools/arm-none-eabi-gcc/11.3.1-1.1.2/.content/bin/../lib/gcc/arm-none-eabi/11.3.1/../../../../arm-none-eabi/lib/thumb/v7e-m+fp/hard\libc.a(libc_a-mlock.o)
 .ARM.attributes
                0x00000000000006d4       0x34 c:/users/zeezoo/appdata/roaming/xpacks/@xpack-dev-tools/arm-none-eabi-gcc/11.3.1-1.1.2/.content/bin/../lib/gcc/arm-none-eabi/11.3.1/../../../../arm-none-eabi/lib/thumb/v7e-m+fp/hard\libc.a(libc_a-reallocr.o)
 .ARM.attributes
                0x0000000000000708       0x34 c:/users/zeezoo/appdata/roaming/xpacks/@xpack-dev-tools/arm-none-eabi-gcc/11.3.1-1.1.2/.content/bin/../lib/gcc/arm-none-eabi/11.3.1/../../../../arm-none-eabi/lib/thumb/v7e-m+fp/hard\libc.a(libc_a-wctomb_r.o)
 .ARM.attributes
                0x000000000000073c       0x34 c:/users/zeezoo/appdata/roaming/xpacks/@xpack-dev-tools/arm-none-eabi-gcc/11.3.1-1.1.2/.content/bin/../lib/gcc/arm-none-eabi/11.3.1/../../../../arm-none-eabi/lib/thumb/v7e-m+fp/hard\libc.a(libc_a-wcrtomb.o)
 .ARM.attributes
                0x0000000000000770       0x34 c:/users/zeezoo/appdata/roaming/xpacks/@xpack-dev-tools/arm-none-eabi-gcc/11.3.1-1.1.2/.content/bin/../lib/gcc/arm-none-eabi/11.3.1/../../../../arm-none-eabi/lib/thumb/v7e-m+fp/hard\libc.a(libc_a-wcsrtombs.o)
 .ARM.attributes
                0x00000000000007a4       0x34 c:/users/zeezoo/appdata/roaming/xpacks/@xpack-dev-tools/arm-none-eabi-gcc/11.3.1-1.1.2/.content/bin/../lib/gcc/arm-none-eabi/11.3.1/../../../../arm-none-eabi/lib/thumb/v7e-m+fp/hard\libc.a(libc_a-ctype_.o)
 .ARM.attributes
                0x00000000000007d8       0x34 c:/users/zeezoo/appdata/roaming/xpacks/@xpack-dev-tools/arm-none-eabi-gcc/11.3.1-1.1.2/.content/bin/../lib/gcc/arm-none-eabi/11.3.1/../../../../arm-none-eabi/lib/thumb/v7e-m+fp/hard\libc.a(libc_a-fclose.o)
 .ARM.attributes
                0x000000000000080c       0x34 c:/users/zeezoo/appdata/roaming/xpacks/@xpack-dev-tools/arm-none-eabi-gcc/11.3.1-1.1.2/.content/bin/../lib/gcc/arm-none-eabi/11.3.1/../../../../arm-none-eabi/lib/thumb/v7e-m+fp/hard\libc.a(libc_a-makebuf.o)
 .ARM.attributes
                0x0000000000000840       0x34 c:/users/zeezoo/appdata/roaming/xpacks/@xpack-dev-tools/arm-none-eabi-gcc/11.3.1-1.1.2/.content/bin/../lib/gcc/arm-none-eabi/11.3.1/../../../../arm-none-eabi/lib/thumb/v7e-m+fp/hard\libc.a(libc_a-wbuf.o)
 .ARM.attributes
                0x0000000000000874       0x34 c:/users/zeezoo/appdata/roaming/xpacks/@xpack-dev-tools/arm-none-eabi-gcc/11.3.1-1.1.2/.content/bin/../lib/gcc/arm-none-eabi/11.3.1/../../../../arm-none-eabi/lib/thumb/v7e-m+fp/hard\libc.a(libc_a-signal.o)
 .ARM.attributes
                0x00000000000008a8       0x34 c:/users/zeezoo/appdata/roaming/xpacks/@xpack-dev-tools/arm-none-eabi-gcc/11.3.1-1.1.2/.content/bin/../lib/gcc/arm-none-eabi/11.3.1/../../../../arm-none-eabi/lib/thumb/v7e-m+fp/hard\libc.a(libc_a-fstatr.o)
 .ARM.attributes
                0x00000000000008dc       0x34 c:/users/zeezoo/appdata/roaming/xpacks/@xpack-dev-tools/arm-none-eabi-gcc/11.3.1-1.1.2/.content/bin/../lib/gcc/arm-none-eabi/11.3.1/../../../../arm-none-eabi/lib/thumb/v7e-m+fp/hard\libc.a(libc_a-isattyr.o)
 .ARM.attributes
                0x0000000000000910       0x34 c:/users/zeezoo/appdata/roaming/xpacks/@xpack-dev-tools/arm-none-eabi-gcc/11.3.1-1.1.2/.content/bin/../lib/gcc/arm-none-eabi/11.3.1/../../../../arm-none-eabi/lib/thumb/v7e-m+fp/hard\libc.a(libc_a-signalr.o)
 .ARM.attributes
                0x0000000000000944       0x34 c:/users/zeezoo/appdata/roaming/xpacks/@xpack-dev-tools/arm-none-eabi-gcc/11.3.1-1.1.2/.content/bin/../lib/gcc/arm-none-eabi/11.3.1/../../../../arm-none-eabi/lib/thumb/v7e-m+fp/hard\libc.a(libc_a-sbrkr.o)
 .ARM.attributes
                0x0000000000000978       0x34 c:/users/zeezoo/appdata/roaming/xpacks/@xpack-dev-tools/arm-none-eabi-gcc/11.3.1-1.1.2/.content/bin/../lib/gcc/arm-none-eabi/11.3.1/../../../../arm-none-eabi/lib/thumb/v7e-m+fp/hard\libc.a(libc_a-wcsnrtombs.o)
 .ARM.attributes
                0x00000000000009ac       0x34 ../../../../../mcu/apollo3/hal/gcc/bin/libam_hal.a(am_hal_cachectrl.o)
 .ARM.attributes
                0x00000000000009e0       0x34 ../../../../../mcu/apollo3/hal/gcc/bin/libam_hal.a(am_hal_clkgen.o)
 .ARM.attributes
                0x0000000000000a14       0x34 ../../../../../mcu/apollo3/hal/gcc/bin/libam_hal.a(am_hal_flash.o)
 .ARM.attributes
                0x0000000000000a48       0x34 ../../../../../mcu/apollo3/hal/gcc/bin/libam_hal.a(am_hal_gpio.o)
 .ARM.attributes
                0x0000000000000a7c       0x34 ../../../../../mcu/apollo3/hal/gcc/bin/libam_hal.a(am_hal_interrupt.o)
 .ARM.attributes
                0x0000000000000ab0       0x34 ../../../../../mcu/apollo3/hal/gcc/bin/libam_hal.a(am_hal_mcuctrl.o)
 .ARM.attributes
                0x0000000000000ae4       0x34 ../../../../../mcu/apollo3/hal/gcc/bin/libam_hal.a(am_hal_reset.o)
 .ARM.attributes
                0x0000000000000b18       0x34 ../../../../../mcu/apollo3/hal/gcc/bin/libam_hal.a(am_hal_stimer.o)
 .ARM.attributes
                0x0000000000000b4c       0x34 ../../../../../mcu/apollo3/hal/gcc/bin/libam_hal.a(am_hal_uart.o)
 .ARM.attributes
                0x0000000000000b80       0x34 ../../../../../mcu/apollo3/hal/gcc/bin/libam_hal.a(am_hal_global.o)
 .ARM.attributes
                0x0000000000000bb4       0x34 ../../../../../mcu/apollo3/hal/gcc/bin/libam_hal.a(am_hal_pwrctrl.o)
 .ARM.attributes
                0x0000000000000be8       0x34 ../../../../../mcu/apollo3/hal/gcc/bin/libam_hal.a(am_hal_queue.o)
 .ARM.attributes
                0x0000000000000c1c       0x39 ../../../bsp/gcc/bin/libam_bsp.a(am_bsp_pins.o)
LOAD bin/hello_world_uart.o
LOAD bin/am_util_delay.o
LOAD bin/am_util_faultisr.o
LOAD bin/am_util_id.o
LOAD bin/am_util_stdio.o
LOAD bin/startup_gcc.o
START GROUP
LOAD c:/users/zeezoo/appdata/roaming/xpacks/@xpack-dev-tools/arm-none-eabi-gcc/11.3.1-1.1.2/.content/bin/../lib/gcc/arm-none-eabi/11.3.1/../../../../arm-none-eabi/lib/thumb/v7e-m+fp/hard\libm.a
LOAD c:/users/zeezoo/appdata/roaming/xpacks/@xpack-dev-tools/arm-none-eabi-gcc/11.3.1-1.1.2/.content/bin/../lib/gcc/arm-none-eabi/11.3.1/../../../../arm-none-eabi/lib/thumb/v7e-m+fp/hard\libc.a
LOAD c:/users/zeezoo/appdata/roaming/xpacks/@xpack-dev-tools/arm-none-eabi-gcc/11.3.1-1.1.2/.content/bin/../lib/gcc/arm-none-eabi/11.3.1/thumb/v7e-m+fp/hard\libgcc.a
LOAD ../../../../../mcu/apollo3/hal/gcc/bin/libam_hal.a
LOAD ../../../bsp/gcc/bin/libam_bsp.a
END GROUP
START GROUP
LOAD c:/users/zeezoo/appdata/roaming/xpacks/@xpack-dev-tools/arm-none-eabi-gcc/11.3.1-1.1.2/.content/bin/../lib/gcc/arm-none-eabi/11.3.1/thumb/v7e-m+fp/hard\libgcc.a
LOAD c:/users/zeezoo/appdata/roaming/xpacks/@xpack-dev-tools/arm-none-eabi-gcc/11.3.1-1.1.2/.content/bin/../lib/gcc/arm-none-eabi/11.3.1/../../../../arm-none-eabi/lib/thumb/v7e-m+fp/hard\libc.a
END GROUP
OUTPUT(bin/hello_world_uart.axf elf32-littlearm)
LOAD linker stubs

.debug_info     0x0000000000000000     0x2796
 .debug_info    0x0000000000000000     0x17d4 bin/hello_world_uart.o
 .debug_info    0x00000000000017d4      0x1ad bin/am_util_delay.o
 .debug_info    0x0000000000001981      0x2ec bin/am_util_faultisr.o
 .debug_info    0x0000000000001c6d      0x9d3 bin/am_util_stdio.o
 .debug_info    0x0000000000002640      0x156 bin/startup_gcc.o

.debug_abbrev   0x0000000000000000      0x9f9
 .debug_abbrev  0x0000000000000000      0x48f bin/hello_world_uart.o
 .debug_abbrev  0x000000000000048f       0xf1 bin/am_util_delay.o
 .debug_abbrev  0x0000000000000580      0x14b bin/am_util_faultisr.o
 .debug_abbrev  0x00000000000006cb      0x255 bin/am_util_stdio.o
 .debug_abbrev  0x0000000000000920       0xd9 bin/startup_gcc.o

.debug_aranges  0x0000000000000000      0x280
 .debug_aranges
                0x0000000000000000      0x130 bin/hello_world_uart.o
 .debug_aranges
                0x0000000000000130       0x30 bin/am_util_delay.o
 .debug_aranges
                0x0000000000000160       0x30 bin/am_util_faultisr.o
 .debug_aranges
                0x0000000000000190       0xb8 bin/am_util_stdio.o
 .debug_aranges
                0x0000000000000248       0x38 bin/startup_gcc.o

.debug_rnglists
                0x0000000000000000      0x1d7
 .debug_rnglists
                0x0000000000000000       0xe7 bin/hello_world_uart.o
 .debug_rnglists
                0x00000000000000e7       0x1f bin/am_util_delay.o
 .debug_rnglists
                0x0000000000000106       0x20 bin/am_util_faultisr.o
 .debug_rnglists
                0x0000000000000126       0x8c bin/am_util_stdio.o
 .debug_rnglists
                0x00000000000001b2       0x25 bin/startup_gcc.o

.debug_line     0x0000000000000000     0x1c89
 .debug_line    0x0000000000000000      0xc24 bin/hello_world_uart.o
 .debug_line    0x0000000000000c24      0x1c2 bin/am_util_delay.o
 .debug_line    0x0000000000000de6      0x277 bin/am_util_faultisr.o
 .debug_line    0x000000000000105d      0xab5 bin/am_util_stdio.o
 .debug_line    0x0000000000001b12      0x177 bin/startup_gcc.o

.debug_str      0x0000000000000000     0x20e0
 .debug_str     0x0000000000000000     0x197f bin/hello_world_uart.o
                                       0x1a0d (size before relaxing)
 .debug_str     0x000000000000197f      0x1b2 bin/am_util_delay.o
                                        0x2a0 (size before relaxing)
 .debug_str     0x0000000000001b31      0x1ef bin/am_util_faultisr.o
                                        0x396 (size before relaxing)
 .debug_str     0x0000000000001d20      0x360 bin/am_util_stdio.o
                                        0x595 (size before relaxing)
 .debug_str     0x0000000000002080       0x60 bin/startup_gcc.o
                                        0x1fd (size before relaxing)

.comment        0x0000000000000000       0xc7
 .comment       0x0000000000000000       0x39 bin/hello_world_uart.o
                                         0x3a (size before relaxing)
 .comment       0x0000000000000039       0x45 bin/am_util_delay.o
                                         0x46 (size before relaxing)
 .comment       0x000000000000007e       0x46 bin/am_util_faultisr.o
 .comment       0x000000000000007e       0x46 bin/am_util_stdio.o
 .comment       0x000000000000007e       0x46 bin/startup_gcc.o
 .comment       0x000000000000007e       0x3a c:/users/zeezoo/appdata/roaming/xpacks/@xpack-dev-tools/arm-none-eabi-gcc/11.3.1-1.1.2/.content/bin/../lib/gcc/arm-none-eabi/11.3.1/../../../../arm-none-eabi/lib/thumb/v7e-m+fp/hard\libc.a(libc_a-assert.o)
 .comment       0x000000000000007e       0x3a c:/users/zeezoo/appdata/roaming/xpacks/@xpack-dev-tools/arm-none-eabi-gcc/11.3.1-1.1.2/.content/bin/../lib/gcc/arm-none-eabi/11.3.1/../../../../arm-none-eabi/lib/thumb/v7e-m+fp/hard\libc.a(libc_a-fiprintf.o)
 .comment       0x000000000000007e       0x3a c:/users/zeezoo/appdata/roaming/xpacks/@xpack-dev-tools/arm-none-eabi-gcc/11.3.1-1.1.2/.content/bin/../lib/gcc/arm-none-eabi/11.3.1/../../../../arm-none-eabi/lib/thumb/v7e-m+fp/hard\libc.a(libc_a-vfiprintf.o)
 .comment       0x000000000000007e       0x3a c:/users/zeezoo/appdata/roaming/xpacks/@xpack-dev-tools/arm-none-eabi-gcc/11.3.1-1.1.2/.content/bin/../lib/gcc/arm-none-eabi/11.3.1/../../../../arm-none-eabi/lib/thumb/v7e-m+fp/hard\libc.a(libc_a-fflush.o)
 .comment       0x000000000000007e       0x3a c:/users/zeezoo/appdata/roaming/xpacks/@xpack-dev-tools/arm-none-eabi-gcc/11.3.1-1.1.2/.content/bin/../lib/gcc/arm-none-eabi/11.3.1/../../../../arm-none-eabi/lib/thumb/v7e-m+fp/hard\libc.a(libc_a-findfp.o)
 .comment       0x000000000000007e       0x3a c:/users/zeezoo/appdata/roaming/xpacks/@xpack-dev-tools/arm-none-eabi-gcc/11.3.1-1.1.2/.content/bin/../lib/gcc/arm-none-eabi/11.3.1/../../../../arm-none-eabi/lib/thumb/v7e-m+fp/hard\libc.a(libc_a-fvwrite.o)
 .comment       0x000000000000007e       0x3a c:/users/zeezoo/appdata/roaming/xpacks/@xpack-dev-tools/arm-none-eabi-gcc/11.3.1-1.1.2/.content/bin/../lib/gcc/arm-none-eabi/11.3.1/../../../../arm-none-eabi/lib/thumb/v7e-m+fp/hard\libc.a(libc_a-fwalk.o)
 .comment       0x000000000000007e       0x3a c:/users/zeezoo/appdata/roaming/xpacks/@xpack-dev-tools/arm-none-eabi-gcc/11.3.1-1.1.2/.content/bin/../lib/gcc/arm-none-eabi/11.3.1/../../../../arm-none-eabi/lib/thumb/v7e-m+fp/hard\libc.a(libc_a-stdio.o)
 .comment       0x000000000000007e       0x3a c:/users/zeezoo/appdata/roaming/xpacks/@xpack-dev-tools/arm-none-eabi-gcc/11.3.1-1.1.2/.content/bin/../lib/gcc/arm-none-eabi/11.3.1/../../../../arm-none-eabi/lib/thumb/v7e-m+fp/hard\libc.a(libc_a-wsetup.o)
 .comment       0x000000000000007e       0x3a c:/users/zeezoo/appdata/roaming/xpacks/@xpack-dev-tools/arm-none-eabi-gcc/11.3.1-1.1.2/.content/bin/../lib/gcc/arm-none-eabi/11.3.1/../../../../arm-none-eabi/lib/thumb/v7e-m+fp/hard\libc.a(libc_a-fputwc.o)
 .comment       0x000000000000007e       0x3a c:/users/zeezoo/appdata/roaming/xpacks/@xpack-dev-tools/arm-none-eabi-gcc/11.3.1-1.1.2/.content/bin/../lib/gcc/arm-none-eabi/11.3.1/../../../../arm-none-eabi/lib/thumb/v7e-m+fp/hard\libc.a(libc_a-memmove.o)
 .comment       0x000000000000007e       0x3a c:/users/zeezoo/appdata/roaming/xpacks/@xpack-dev-tools/arm-none-eabi-gcc/11.3.1-1.1.2/.content/bin/../lib/gcc/arm-none-eabi/11.3.1/../../../../arm-none-eabi/lib/thumb/v7e-m+fp/hard\libc.a(libc_a-memset.o)
 .comment       0x000000000000007e       0x3a c:/users/zeezoo/appdata/roaming/xpacks/@xpack-dev-tools/arm-none-eabi-gcc/11.3.1-1.1.2/.content/bin/../lib/gcc/arm-none-eabi/11.3.1/../../../../arm-none-eabi/lib/thumb/v7e-m+fp/hard\libc.a(libc_a-strncpy.o)
 .comment       0x000000000000007e       0x3a c:/users/zeezoo/appdata/roaming/xpacks/@xpack-dev-tools/arm-none-eabi-gcc/11.3.1-1.1.2/.content/bin/../lib/gcc/arm-none-eabi/11.3.1/../../../../arm-none-eabi/lib/thumb/v7e-m+fp/hard\libc.a(libc_a-locale.o)
 .comment       0x000000000000007e       0x3a c:/users/zeezoo/appdata/roaming/xpacks/@xpack-dev-tools/arm-none-eabi-gcc/11.3.1-1.1.2/.content/bin/../lib/gcc/arm-none-eabi/11.3.1/../../../../arm-none-eabi/lib/thumb/v7e-m+fp/hard\libc.a(libc_a-localeconv.o)
 .comment       0x000000000000007e       0x3a c:/users/zeezoo/appdata/roaming/xpacks/@xpack-dev-tools/arm-none-eabi-gcc/11.3.1-1.1.2/.content/bin/../lib/gcc/arm-none-eabi/11.3.1/../../../../arm-none-eabi/lib/thumb/v7e-m+fp/hard\libc.a(libc_a-closer.o)
 .comment       0x000000000000007e       0x3a c:/users/zeezoo/appdata/roaming/xpacks/@xpack-dev-tools/arm-none-eabi-gcc/11.3.1-1.1.2/.content/bin/../lib/gcc/arm-none-eabi/11.3.1/../../../../arm-none-eabi/lib/thumb/v7e-m+fp/hard\libc.a(libc_a-reent.o)
 .comment       0x000000000000007e       0x3a c:/users/zeezoo/appdata/roaming/xpacks/@xpack-dev-tools/arm-none-eabi-gcc/11.3.1-1.1.2/.content/bin/../lib/gcc/arm-none-eabi/11.3.1/../../../../arm-none-eabi/lib/thumb/v7e-m+fp/hard\libc.a(libc_a-impure.o)
 .comment       0x000000000000007e       0x3a c:/users/zeezoo/appdata/roaming/xpacks/@xpack-dev-tools/arm-none-eabi-gcc/11.3.1-1.1.2/.content/bin/../lib/gcc/arm-none-eabi/11.3.1/../../../../arm-none-eabi/lib/thumb/v7e-m+fp/hard\libc.a(libc_a-lseekr.o)
 .comment       0x000000000000007e       0x3a c:/users/zeezoo/appdata/roaming/xpacks/@xpack-dev-tools/arm-none-eabi-gcc/11.3.1-1.1.2/.content/bin/../lib/gcc/arm-none-eabi/11.3.1/../../../../arm-none-eabi/lib/thumb/v7e-m+fp/hard\libc.a(libc_a-readr.o)
 .comment       0x000000000000007e       0x3a c:/users/zeezoo/appdata/roaming/xpacks/@xpack-dev-tools/arm-none-eabi-gcc/11.3.1-1.1.2/.content/bin/../lib/gcc/arm-none-eabi/11.3.1/../../../../arm-none-eabi/lib/thumb/v7e-m+fp/hard\libc.a(libc_a-writer.o)
 .comment       0x000000000000007e       0x3a c:/users/zeezoo/appdata/roaming/xpacks/@xpack-dev-tools/arm-none-eabi-gcc/11.3.1-1.1.2/.content/bin/../lib/gcc/arm-none-eabi/11.3.1/../../../../arm-none-eabi/lib/thumb/v7e-m+fp/hard\libc.a(libc_a-lock.o)
 .comment       0x000000000000007e       0x3a c:/users/zeezoo/appdata/roaming/xpacks/@xpack-dev-tools/arm-none-eabi-gcc/11.3.1-1.1.2/.content/bin/../lib/gcc/arm-none-eabi/11.3.1/../../../../arm-none-eabi/lib/thumb/v7e-m+fp/hard\libc.a(libc_a-abort.o)
 .comment       0x000000000000007e       0x3a c:/users/zeezoo/appdata/roaming/xpacks/@xpack-dev-tools/arm-none-eabi-gcc/11.3.1-1.1.2/.content/bin/../lib/gcc/arm-none-eabi/11.3.1/../../../../arm-none-eabi/lib/thumb/v7e-m+fp/hard\libc.a(libc_a-freer.o)
 .comment       0x000000000000007e       0x3a c:/users/zeezoo/appdata/roaming/xpacks/@xpack-dev-tools/arm-none-eabi-gcc/11.3.1-1.1.2/.content/bin/../lib/gcc/arm-none-eabi/11.3.1/../../../../arm-none-eabi/lib/thumb/v7e-m+fp/hard\libc.a(libc_a-mallocr.o)
 .comment       0x000000000000007e       0x3a c:/users/zeezoo/appdata/roaming/xpacks/@xpack-dev-tools/arm-none-eabi-gcc/11.3.1-1.1.2/.content/bin/../lib/gcc/arm-none-eabi/11.3.1/../../../../arm-none-eabi/lib/thumb/v7e-m+fp/hard\libc.a(libc_a-mbtowc_r.o)
 .comment       0x000000000000007e       0x3a c:/users/zeezoo/appdata/roaming/xpacks/@xpack-dev-tools/arm-none-eabi-gcc/11.3.1-1.1.2/.content/bin/../lib/gcc/arm-none-eabi/11.3.1/../../../../arm-none-eabi/lib/thumb/v7e-m+fp/hard\libc.a(libc_a-mlock.o)
 .comment       0x000000000000007e       0x3a c:/users/zeezoo/appdata/roaming/xpacks/@xpack-dev-tools/arm-none-eabi-gcc/11.3.1-1.1.2/.content/bin/../lib/gcc/arm-none-eabi/11.3.1/../../../../arm-none-eabi/lib/thumb/v7e-m+fp/hard\libc.a(libc_a-reallocr.o)
 .comment       0x000000000000007e       0x3a c:/users/zeezoo/appdata/roaming/xpacks/@xpack-dev-tools/arm-none-eabi-gcc/11.3.1-1.1.2/.content/bin/../lib/gcc/arm-none-eabi/11.3.1/../../../../arm-none-eabi/lib/thumb/v7e-m+fp/hard\libc.a(libc_a-wctomb_r.o)
 .comment       0x000000000000007e       0x3a c:/users/zeezoo/appdata/roaming/xpacks/@xpack-dev-tools/arm-none-eabi-gcc/11.3.1-1.1.2/.content/bin/../lib/gcc/arm-none-eabi/11.3.1/../../../../arm-none-eabi/lib/thumb/v7e-m+fp/hard\libc.a(libc_a-wcrtomb.o)
 .comment       0x000000000000007e       0x3a c:/users/zeezoo/appdata/roaming/xpacks/@xpack-dev-tools/arm-none-eabi-gcc/11.3.1-1.1.2/.content/bin/../lib/gcc/arm-none-eabi/11.3.1/../../../../arm-none-eabi/lib/thumb/v7e-m+fp/hard\libc.a(libc_a-wcsrtombs.o)
 .comment       0x000000000000007e       0x3a c:/users/zeezoo/appdata/roaming/xpacks/@xpack-dev-tools/arm-none-eabi-gcc/11.3.1-1.1.2/.content/bin/../lib/gcc/arm-none-eabi/11.3.1/../../../../arm-none-eabi/lib/thumb/v7e-m+fp/hard\libc.a(libc_a-ctype_.o)
 .comment       0x000000000000007e       0x3a c:/users/zeezoo/appdata/roaming/xpacks/@xpack-dev-tools/arm-none-eabi-gcc/11.3.1-1.1.2/.content/bin/../lib/gcc/arm-none-eabi/11.3.1/../../../../arm-none-eabi/lib/thumb/v7e-m+fp/hard\libc.a(libc_a-fclose.o)
 .comment       0x000000000000007e       0x3a c:/users/zeezoo/appdata/roaming/xpacks/@xpack-dev-tools/arm-none-eabi-gcc/11.3.1-1.1.2/.content/bin/../lib/gcc/arm-none-eabi/11.3.1/../../../../arm-none-eabi/lib/thumb/v7e-m+fp/hard\libc.a(libc_a-makebuf.o)
 .comment       0x000000000000007e       0x3a c:/users/zeezoo/appdata/roaming/xpacks/@xpack-dev-tools/arm-none-eabi-gcc/11.3.1-1.1.2/.content/bin/../lib/gcc/arm-none-eabi/11.3.1/../../../../arm-none-eabi/lib/thumb/v7e-m+fp/hard\libc.a(libc_a-wbuf.o)
 .comment       0x000000000000007e       0x3a c:/users/zeezoo/appdata/roaming/xpacks/@xpack-dev-tools/arm-none-eabi-gcc/11.3.1-1.1.2/.content/bin/../lib/gcc/arm-none-eabi/11.3.1/../../../../arm-none-eabi/lib/thumb/v7e-m+fp/hard\libc.a(libc_a-signal.o)
 .comment       0x000000000000007e       0x3a c:/users/zeezoo/appdata/roaming/xpacks/@xpack-dev-tools/arm-none-eabi-gcc/11.3.1-1.1.2/.content/bin/../lib/gcc/arm-none-eabi/11.3.1/../../../../arm-none-eabi/lib/thumb/v7e-m+fp/hard\libc.a(libc_a-fstatr.o)
 .comment       0x000000000000007e       0x3a c:/users/zeezoo/appdata/roaming/xpacks/@xpack-dev-tools/arm-none-eabi-gcc/11.3.1-1.1.2/.content/bin/../lib/gcc/arm-none-eabi/11.3.1/../../../../arm-none-eabi/lib/thumb/v7e-m+fp/hard\libc.a(libc_a-isattyr.o)
 .comment       0x000000000000007e       0x3a c:/users/zeezoo/appdata/roaming/xpacks/@xpack-dev-tools/arm-none-eabi-gcc/11.3.1-1.1.2/.content/bin/../lib/gcc/arm-none-eabi/11.3.1/../../../../arm-none-eabi/lib/thumb/v7e-m+fp/hard\libc.a(libc_a-signalr.o)
 .comment       0x000000000000007e       0x3a c:/users/zeezoo/appdata/roaming/xpacks/@xpack-dev-tools/arm-none-eabi-gcc/11.3.1-1.1.2/.content/bin/../lib/gcc/arm-none-eabi/11.3.1/../../../../arm-none-eabi/lib/thumb/v7e-m+fp/hard\libc.a(libc_a-sbrkr.o)
 .comment       0x000000000000007e       0x3a c:/users/zeezoo/appdata/roaming/xpacks/@xpack-dev-tools/arm-none-eabi-gcc/11.3.1-1.1.2/.content/bin/../lib/gcc/arm-none-eabi/11.3.1/../../../../arm-none-eabi/lib/thumb/v7e-m+fp/hard\libc.a(libc_a-wcsnrtombs.o)
 .comment       0x000000000000007e       0x49 ../../../../../mcu/apollo3/hal/gcc/bin/libam_hal.a(am_hal_cachectrl.o)
                                         0x4a (size before relaxing)
 .comment       0x00000000000000c7       0x4a ../../../../../mcu/apollo3/hal/gcc/bin/libam_hal.a(am_hal_clkgen.o)
 .comment       0x00000000000000c7       0x4a ../../../../../mcu/apollo3/hal/gcc/bin/libam_hal.a(am_hal_flash.o)
 .comment       0x00000000000000c7       0x4a ../../../../../mcu/apollo3/hal/gcc/bin/libam_hal.a(am_hal_gpio.o)
 .comment       0x00000000000000c7       0x4a ../../../../../mcu/apollo3/hal/gcc/bin/libam_hal.a(am_hal_interrupt.o)
 .comment       0x00000000000000c7       0x4a ../../../../../mcu/apollo3/hal/gcc/bin/libam_hal.a(am_hal_mcuctrl.o)
 .comment       0x00000000000000c7       0x4a ../../../../../mcu/apollo3/hal/gcc/bin/libam_hal.a(am_hal_reset.o)
 .comment       0x00000000000000c7       0x4a ../../../../../mcu/apollo3/hal/gcc/bin/libam_hal.a(am_hal_stimer.o)
 .comment       0x00000000000000c7       0x4a ../../../../../mcu/apollo3/hal/gcc/bin/libam_hal.a(am_hal_uart.o)
 .comment       0x00000000000000c7       0x4a ../../../../../mcu/apollo3/hal/gcc/bin/libam_hal.a(am_hal_global.o)
 .comment       0x00000000000000c7       0x4a ../../../../../mcu/apollo3/hal/gcc/bin/libam_hal.a(am_hal_pwrctrl.o)
 .comment       0x00000000000000c7       0x4a ../../../../../mcu/apollo3/hal/gcc/bin/libam_hal.a(am_hal_queue.o)
 .comment       0x00000000000000c7       0x4a ../../../bsp/gcc/bin/libam_bsp.a(am_bsp_pins.o)

.debug_frame    0x0000000000000000      0x740
 .debug_frame   0x0000000000000000      0x3b0 bin/hello_world_uart.o
 .debug_frame   0x00000000000003b0       0x64 bin/am_util_delay.o
 .debug_frame   0x0000000000000414       0x48 bin/am_util_faultisr.o
 .debug_frame   0x000000000000045c      0x294 bin/am_util_stdio.o
 .debug_frame   0x00000000000006f0       0x50 bin/startup_gcc.o
