Archive member included to satisfy reference by file (symbol)

/home/jubayer/Downloads/SiFive/riscv64-unknown-elf-toolchain-10.2.0-2020.12.8/bin/../lib/gcc/riscv64-unknown-elf/10.2.0/../../../../riscv64-unknown-elf/lib/rv32imac/ilp32/libc_nano.a(lib_a-clock.o)
                              /tmp/ccGMpU3Z.o (clock)
/home/jubayer/Downloads/SiFive/riscv64-unknown-elf-toolchain-10.2.0-2020.12.8/bin/../lib/gcc/riscv64-unknown-elf/10.2.0/../../../../riscv64-unknown-elf/lib/rv32imac/ilp32/libc_nano.a(lib_a-impure.o)
                              /home/jubayer/Downloads/SiFive/riscv64-unknown-elf-toolchain-10.2.0-2020.12.8/bin/../lib/gcc/riscv64-unknown-elf/10.2.0/../../../../riscv64-unknown-elf/lib/rv32imac/ilp32/libc_nano.a(lib_a-clock.o) (_impure_ptr)
/home/jubayer/Downloads/SiFive/riscv64-unknown-elf-toolchain-10.2.0-2020.12.8/bin/../lib/gcc/riscv64-unknown-elf/10.2.0/../../../../riscv64-unknown-elf/lib/rv32imac/ilp32/libc_nano.a(lib_a-memcmp.o)
                              /tmp/ccGMpU3Z.o (memcmp)
/home/jubayer/Downloads/SiFive/riscv64-unknown-elf-toolchain-10.2.0-2020.12.8/bin/../lib/gcc/riscv64-unknown-elf/10.2.0/../../../../riscv64-unknown-elf/lib/rv32imac/ilp32/libc_nano.a(lib_a-memcpy.o)
                              /tmp/ccpHHpkZ.o (memcpy)
/home/jubayer/Downloads/SiFive/riscv64-unknown-elf-toolchain-10.2.0-2020.12.8/bin/../lib/gcc/riscv64-unknown-elf/10.2.0/../../../../riscv64-unknown-elf/lib/rv32imac/ilp32/libc_nano.a(lib_a-timesr.o)
                              /home/jubayer/Downloads/SiFive/riscv64-unknown-elf-toolchain-10.2.0-2020.12.8/bin/../lib/gcc/riscv64-unknown-elf/10.2.0/../../../../riscv64-unknown-elf/lib/rv32imac/ilp32/libc_nano.a(lib_a-clock.o) (_times_r)
/home/jubayer/Documents/riscV/AES_test/bsp/install/lib/debug//libmetal.a(inline.o)
                              /tmp/ccGMpU3Z.o (__metal_dt_mem_dtim_80000000)
/home/jubayer/Documents/riscV/AES_test/bsp/install/lib/debug//libmetal.a(riscv_clint0.o)
                              /home/jubayer/Documents/riscV/AES_test/bsp/install/lib/debug//libmetal.a(inline.o) (__metal_driver_vtable_riscv_clint0)
/home/jubayer/Documents/riscV/AES_test/bsp/install/lib/debug//libmetal.a(riscv_cpu.o)
                              /home/jubayer/Documents/riscV/AES_test/bsp/install/lib/debug//libmetal.a(riscv_clint0.o) (__metal_controller_interrupt_vector_mode)
/home/jubayer/Documents/riscV/AES_test/bsp/install/lib/debug//libmetal.a(riscv_plic0.o)
                              /home/jubayer/Documents/riscV/AES_test/bsp/install/lib/debug//libmetal.a(inline.o) (__metal_driver_vtable_riscv_plic0)
/home/jubayer/Documents/riscV/AES_test/bsp/install/lib/debug//libmetal.a(sifive_fe310-g000_hfrosc.o)
                              /home/jubayer/Documents/riscV/AES_test/bsp/install/lib/debug//libmetal.a(inline.o) (__metal_driver_vtable_sifive_fe310_g000_hfrosc)
/home/jubayer/Documents/riscV/AES_test/bsp/install/lib/debug//libmetal.a(sifive_fe310-g000_hfxosc.o)
                              /home/jubayer/Documents/riscV/AES_test/bsp/install/lib/debug//libmetal.a(inline.o) (__metal_driver_vtable_sifive_fe310_g000_hfxosc)
/home/jubayer/Documents/riscV/AES_test/bsp/install/lib/debug//libmetal.a(sifive_fe310-g000_lfrosc.o)
                              /home/jubayer/Documents/riscV/AES_test/bsp/install/lib/debug//libmetal.a(inline.o) (__metal_driver_vtable_sifive_fe310_g000_lfrosc)
/home/jubayer/Documents/riscV/AES_test/bsp/install/lib/debug//libmetal.a(sifive_fe310-g000_pll.o)
                              /home/jubayer/Documents/riscV/AES_test/bsp/install/lib/debug//libmetal.a(inline.o) (__metal_driver_vtable_sifive_fe310_g000_pll)
/home/jubayer/Documents/riscV/AES_test/bsp/install/lib/debug//libmetal.a(sifive_fe310-g000_prci.o)
                              /home/jubayer/Documents/riscV/AES_test/bsp/install/lib/debug//libmetal.a(inline.o) (__metal_driver_vtable_sifive_fe310_g000_prci)
/home/jubayer/Documents/riscV/AES_test/bsp/install/lib/debug//libmetal.a(sifive_gpio-leds.o)
                              /home/jubayer/Documents/riscV/AES_test/bsp/install/lib/debug//libmetal.a(inline.o) (__metal_driver_vtable_sifive_led)
/home/jubayer/Documents/riscV/AES_test/bsp/install/lib/debug//libmetal.a(sifive_gpio0.o)
                              /home/jubayer/Documents/riscV/AES_test/bsp/install/lib/debug//libmetal.a(inline.o) (__metal_driver_vtable_sifive_gpio0)
/home/jubayer/Documents/riscV/AES_test/bsp/install/lib/debug//libmetal.a(sifive_i2c0.o)
                              /home/jubayer/Documents/riscV/AES_test/bsp/install/lib/debug//libmetal.a(inline.o) (__metal_driver_vtable_sifive_i2c0)
/home/jubayer/Documents/riscV/AES_test/bsp/install/lib/debug//libmetal.a(sifive_pwm0.o)
                              /home/jubayer/Documents/riscV/AES_test/bsp/install/lib/debug//libmetal.a(inline.o) (__metal_driver_vtable_sifive_pwm0)
/home/jubayer/Documents/riscV/AES_test/bsp/install/lib/debug//libmetal.a(sifive_rtc0.o)
[...]
Memory Configuration

Name             Origin             Length             Attributes
itim             0x0000000008000000 0x0000000000002000 axrwl
ram              0x0000000080000000 0x0000000000004000 arw !xl
rom              0x0000000020010000 0x000000000006a120 xrl !aw
*default*        0x0000000000000000 0xffffffffffffffff

Linker script and memory map

LOAD /tmp/ccGMpU3Z.o
LOAD /tmp/ccpHHpkZ.o
START GROUP
LOAD /home/jubayer/Downloads/SiFive/riscv64-unknown-elf-toolchain-10.2.0-2020.12.8/bin/../lib/gcc/riscv64-unknown-elf/10.2.0/../../../../riscv64-unknown-elf/lib/rv32imac/ilp32/libc_nano.a
LOAD /home/jubayer/Downloads/SiFive/riscv64-unknown-elf-toolchain-10.2.0-2020.12.8/bin/../lib/gcc/riscv64-unknown-elf/10.2.0/rv32imac/ilp32/libgcc.a
LOAD /home/jubayer/Downloads/SiFive/riscv64-unknown-elf-toolchain-10.2.0-2020.12.8/bin/../lib/gcc/riscv64-unknown-elf/10.2.0/../../../../riscv64-unknown-elf/lib/rv32imac/ilp32/libm_nano.a
LOAD /home/jubayer/Documents/riscV/AES_test/bsp/install/lib/debug//libmetal.a
LOAD /home/jubayer/Documents/riscV/AES_test/bsp/install/lib/debug//libmetal-gloss.a
END GROUP
                0x0000000000000400                __stack_size = DEFINED (__stack_size)?__stack_size:0x400
                [!provide]                        PROVIDE (__stack_size = __stack_size)
                0x0000000000000800                __heap_size = DEFINED (__heap_size)?__heap_size:0x800
                0x0000000000000000                PROVIDE (__metal_boot_hart = 0x0)
                0x0000000000000001                PROVIDE (__metal_chicken_bit = 0x1)
                0x0000000000000000                PROVIDE (__metal_eccscrub_bit = 0x0)
                [!provide]                        PROVIDE (metal_dtim_0_memory_start = 0x80000000)
                [!provide]                        PROVIDE (metal_dtim_0_memory_end = 0x80004000)
                [!provide]                        PROVIDE (metal_itim_0_memory_start = 0x8000000)
                [!provide]                        PROVIDE (metal_itim_0_memory_end = 0x8002000)

.init           0x0000000020010000      0x2dc
 *(.text.metal.init.enter)
 .text.metal.init.enter
                0x0000000020010000       0x88 /home/jubayer/Documents/riscV/AES_test/bsp/install/lib/debug//libmetal.a(entry.o)
                0x0000000020010000                _enter
 *(.text.metal.init.*)
 .text.metal.init.__register_frame_info
                0x0000000020010088        0x2 /home/jubayer/Documents/riscV/AES_test/bsp/install/lib/debug//libmetal.a(entry.o)
                0x0000000020010088                __register_frame_info
 .text.metal.init.scrub
                0x000000002001008a       0xa8 /home/jubayer/Documents/riscV/AES_test/bsp/install/lib/debug//libmetal.a(scrub.o)
                0x000000002001008a                metal_mem_scrub
                0x00000000200100cc                __metal_before_start
 *fill*         0x0000000020010132        0x2 
 .text.metal.init.trapvec
                0x0000000020010134        0xe /home/jubayer/Documents/riscV/AES_test/bsp/install/lib/debug//libmetal.a(trap.o)
                0x0000000020010134                early_trap_vector
 *(SORT_NONE(.init))
 .init          0x0000000020010142        0xe /home/jubayer/Documents/riscV/AES_test/bsp/install/lib/debug//libmetal.a(synchronize_harts.o)
                0x0000000020010142                __metal_synchronize_harts
 *(.text.libgloss.start)
 .text.libgloss.start
                0x0000000020010150      0x18c /home/jubayer/Documents/riscV/AES_test/bsp/install/lib/debug//libmetal-gloss.a(crt0.o)
                0x0000000020010150                _start
                0x00000000200102ba                _init
                0x00000000200102ba                _fini
                0x00000000200102bc                secondary_main

.fini
 *(SORT_NONE(.fini))

.preinit_array  0x00000000200102e0        0x0
                0x00000000200102e0                PROVIDE (__preinit_array_start = .)
 *(.preinit_array)
                0x00000000200102e0                PROVIDE (__preinit_array_end = .)

.init_array     0x00000000200102e0        0x8
                0x00000000200102e0                PROVIDE (__init_array_start = .)
 *(SORT_BY_INIT_PRIORITY(.init_array.*) SORT_BY_INIT_PRIORITY(.ctors.*))
 *(.init_array EXCLUDE_FILE(*crtend?.o *crtend.o *crtbegin?.o *crtbegin.o) .ctors)
                0x00000000200102e0                PROVIDE (__init_array_end = .)
                0x00000000200102e0                PROVIDE (metal_constructors_start = .)
 *(SORT_BY_INIT_PRIORITY(.metal.init_array.*))
 .metal.init_array.5000
                0x00000000200102e0        0x8 /home/jubayer/Documents/riscV/AES_test/bsp/install/lib/debug//libmetal.a(sifive_fe310-g000_pll.o)
                0x00000000200102e0                _metal_sifive_fe310_g000_pll_init_ptr
                0x00000000200102e4                _use_hfxosc_ptr
 *(.metal.init_array)
                0x00000000200102e8                PROVIDE (metal_constructors_end = .)

.fini_array     0x00000000200102e8        0x0
                0x00000000200102e8                PROVIDE (__fini_array_start = .)
 *(SORT_BY_INIT_PRIORITY(.fini_array.*) SORT_BY_INIT_PRIORITY(.dtors.*))
 *(.fini_array EXCLUDE_FILE(*crtend?.o *crtend.o *crtbegin?.o *crtbegin.o) .dtors)
                0x00000000200102e8                PROVIDE (__fini_array_end = .)
                0x00000000200102e8                PROVIDE (metal_destructors_start = .)
 *(SORT_BY_INIT_PRIORITY(.metal.fini_array.*))
 *(.metal.fini_array)
                0x00000000200102e8                PROVIDE (metal_destructors_end = .)

.ctors          0x00000000200102e8       0x56
 *crtbegin.o(.ctors)
 *crtbegin?.o(.ctors)
 *(EXCLUDE_FILE(*crtend?.o *crtend.o) .ctors)
 *(SORT_BY_NAME(.ctors.*))
 *(.ctors)
 *(.metal.ctors .metal.ctors.*)
 .metal.ctors   0x00000000200102e8       0x56 /home/jubayer/Documents/riscV/AES_test/bsp/install/lib/debug//libmetal.a(sifive_fe310-g000_pll.o)
                0x00000000200102e8                metal_sifive_fe310_g000_pll_init
                0x0000000020010314                use_hfxosc

.dtors
 *crtbegin.o(.dtors)
 *crtbegin?.o(.dtors)
 *(EXCLUDE_FILE(*crtend?.o *crtend.o) .dtors)
 *(SORT_BY_NAME(.dtors.*))
 *(.dtors)
 *(.metal.dtors .metal.dtors.*)

.rodata         0x0000000020010340      0xd7c
 *(.rdata)
 *(.rodata .rodata.*)
 .rodata.sbox   0x0000000020010340      0x100 /tmp/ccpHHpkZ.o
 .rodata.Rcon   0x0000000020010440        0xb /tmp/ccpHHpkZ.o
 *fill*         0x000000002001044b        0x1 
 .rodata        0x000000002001044c       0x40 /tmp/ccpHHpkZ.o
 .rodata.__metal_driver_vtable_riscv_clint0
                0x000000002001048c       0x64 /home/jubayer/Documents/riscV/AES_test/bsp/install/lib/debug//libmetal.a(riscv_clint0.o)
                0x000000002001048c                __metal_driver_vtable_riscv_clint0
 .rodata.__metal_local_interrupt_enable
                0x00000000200104f0       0x80 /home/jubayer/Documents/riscV/AES_test/bsp/install/lib/debug//libmetal.a(riscv_cpu.o)
 .rodata.__metal_driver_vtable_riscv_cpu_intc
                0x0000000020010570       0x64 /home/jubayer/Documents/riscV/AES_test/bsp/install/lib/debug//libmetal.a(riscv_cpu.o)
                0x0000000020010570                __metal_driver_vtable_riscv_cpu_intc
 .rodata.__metal_driver_vtable_cpu
                0x00000000200105d4       0x44 /home/jubayer/Documents/riscV/AES_test/bsp/install/lib/debug//libmetal.a(riscv_cpu.o)
                0x00000000200105d4                __metal_driver_vtable_cpu
 .rodata.__metal_driver_vtable_riscv_plic0
                0x0000000020010618       0x64 /home/jubayer/Documents/riscV/AES_test/bsp/install/lib/debug//libmetal.a(riscv_plic0.o)
                0x0000000020010618                __metal_driver_vtable_riscv_plic0
 .rodata.pll_configs
                0x000000002001067c      0x880 /home/jubayer/Documents/riscV/AES_test/bsp/install/lib/debug//libmetal.a(sifive_fe310-g000_pll.o)
 .rodata.__metal_driver_vtable_sifive_fe310_g000_pll
                0x0000000020010efc        0xc /home/jubayer/Documents/riscV/AES_test/bsp/install/lib/debug//libmetal.a(sifive_fe310-g000_pll.o)
                0x0000000020010efc                __metal_driver_vtable_sifive_fe310_g000_pll
 .rodata.__metal_driver_sifive_gpio0_config_int
                0x0000000020010f08       0x20 /home/jubayer/Documents/riscV/AES_test/bsp/install/lib/debug//libmetal.a(sifive_gpio0.o)
 .rodata.__metal_driver_sifive_gpio0_clear_int
                0x0000000020010f28       0x20 /home/jubayer/Documents/riscV/AES_test/bsp/install/lib/debug//libmetal.a(sifive_gpio0.o)
 .rodata.__metal_driver_vtable_sifive_gpio0
                0x0000000020010f48       0x3c /home/jubayer/Documents/riscV/AES_test/bsp/install/lib/debug//libmetal.a(sifive_gpio0.o)
                0x0000000020010f48                __metal_driver_vtable_sifive_gpio0
 .rodata.libgloss.start
                0x0000000020010f84       0x11 /home/jubayer/Documents/riscV/AES_test/bsp/install/lib/debug//libmetal-gloss.a(crt0.o)
 *fill*         0x0000000020010f95        0x3 
 .rodata        0x0000000020010f98      0x100 /home/jubayer/Downloads/SiFive/riscv64-unknown-elf-toolchain-10.2.0-2020.12.8/bin/../lib/gcc/riscv64-unknown-elf/10.2.0/rv32imac/ilp32/libgcc.a(_clz.o)
                0x0000000020010f98                __clz_tab
 *(.gnu.linkonce.r.*)
                0x0000000020011098                . = ALIGN (0x8)
 *(.srodata.cst16)
 *(.srodata.cst8)
 *(.srodata.cst4)
 *(.srodata.cst2)
 *(.srodata .srodata.*)
 .srodata._global_impure_ptr
                0x0000000020011098        0x4 /home/jubayer/Downloads/SiFive/riscv64-unknown-elf-toolchain-10.2.0-2020.12.8/bin/../lib/gcc/riscv64-unknown-elf/10.2.0/../../../../riscv64-unknown-elf/lib/rv32imac/ilp32/libc_nano.a(lib_a-impure.o)
                0x0000000020011098                _global_impure_ptr
 .srodata.__metal_driver_vtable_sifive_fe310_g000_hfrosc
                0x000000002001109c        0x8 /home/jubayer/Documents/riscV/AES_test/bsp/install/lib/debug//libmetal.a(sifive_fe310-g000_hfrosc.o)
                0x000000002001109c                __metal_driver_vtable_sifive_fe310_g000_hfrosc
 .srodata.__metal_driver_vtable_sifive_fe310_g000_hfxosc
                0x00000000200110a4        0x8 /home/jubayer/Documents/riscV/AES_test/bsp/install/lib/debug//libmetal.a(sifive_fe310-g000_hfxosc.o)
                0x00000000200110a4                __metal_driver_vtable_sifive_fe310_g000_hfxosc
 .srodata.__metal_driver_vtable_sifive_fe310_g000_prci
                0x00000000200110ac        0x8 /home/jubayer/Documents/riscV/AES_test/bsp/install/lib/debug//libmetal.a(sifive_fe310-g000_prci.o)
                0x00000000200110ac                __metal_driver_vtable_sifive_fe310_g000_prci
 .srodata.__metal_driver_vtable_fixed_clock
                0x00000000200110b4        0x8 /home/jubayer/Documents/riscV/AES_test/bsp/install/lib/debug//libmetal.a(fixed-clock.o)
                0x00000000200110b4                __metal_driver_vtable_fixed_clock

.itim           0x0000000008000000        0x0 load address 0x00000000200110c0
 *(.itim .itim.*)
                0x00000000200110c0                PROVIDE (metal_segment_itim_source_start = LOADADDR (.itim))
                0x0000000008000000                PROVIDE (metal_segment_itim_target_start = ADDR (.itim))
                0x0000000008000000                PROVIDE (metal_segment_itim_target_end = (ADDR (.itim) + SIZEOF (.itim)))

.lim            0x0000000080000000        0x0 load address 0x00000000200110c0
 *(.lim .lim.*)
                0x00000000200110c0                PROVIDE (metal_segment_lim_source_start = LOADADDR (.lim))
                0x0000000080000000                PROVIDE (metal_segment_lim_target_start = ADDR (.lim))
                0x0000000080000000                PROVIDE (metal_segment_lim_target_end = (ADDR (.lim) + SIZEOF (.lim)))

.text           0x0000000020011100     0x5882
 *(.text.unlikely .text.unlikely.*)
 *(.text.startup .text.startup.*)
 *(.text .text.*)
 .text.init_aes
                0x0000000020011100        0xe /tmp/ccGMpU3Z.o
                0x0000000020011100                init_aes
 .text.test_encrypt
                0x000000002001110e       0x16 /tmp/ccGMpU3Z.o
                0x000000002001110e                test_encrypt
 .text.AES_loop
                0x0000000020011124       0x34 /tmp/ccGMpU3Z.o
                0x0000000020011124                AES_loop
 .text.main     0x0000000020011158       0x86 /tmp/ccGMpU3Z.o
                0x0000000020011158                main
 .text.phex     0x00000000200111de       0x38 /tmp/ccpHHpkZ.o
 .text.KeyExpansion
                0x0000000020011216      0x310 /tmp/ccpHHpkZ.o
 .text.AES_init_ctx
                0x0000000020011526       0x26 /tmp/ccpHHpkZ.o
                0x0000000020011526                AES_init_ctx
 .text.AddRoundKey
                0x000000002001154c       0xa8 /tmp/ccpHHpkZ.o
 .text.SubBytes
                0x00000000200115f4       0x84 /tmp/ccpHHpkZ.o
 .text.ShiftRows
                0x0000000020011678       0xf2 /tmp/ccpHHpkZ.o
 .text.xtime    0x000000002001176a       0x48 /tmp/ccpHHpkZ.o
 .text.MixColumns
                0x00000000200117b2      0x22c /tmp/ccpHHpkZ.o
 .text.Cipher   0x00000000200119de       0x76 /tmp/ccpHHpkZ.o
 .text.AES_encrypt
                0x0000000020011a54       0x26 /tmp/ccpHHpkZ.o
                0x0000000020011a54                AES_encrypt
 .text.test_AES_encrypt
                0x0000000020011a7a       0xea /tmp/ccpHHpkZ.o
                0x0000000020011a7a                test_AES_encrypt
 .text.clock    0x0000000020011b64       0x2a /home/jubayer/Downloads/SiFive/riscv64-unknown-elf-toolchain-10.2.0-2020.12.8/bin/../lib/gcc/riscv64-unknown-elf/10.2.0/../../../../riscv64-unknown-elf/lib/rv32imac/ilp32/libc_nano.a(lib_a-clock.o)
                0x0000000020011b64                clock
 .text.memcmp   0x0000000020011b8e       0x26 /home/jubayer/Downloads/SiFive/riscv64-unknown-elf-toolchain-10.2.0-2020.12.8/bin/../lib/gcc/riscv64-unknown-elf/10.2.0/../../../../riscv64-unknown-elf/lib/rv32imac/ilp32/libc_nano.a(lib_a-memcmp.o)
                0x0000000020011b8e                memcmp
 .text._times_r
                0x0000000020011bb4        0x6 /home/jubayer/Downloads/SiFive/riscv64-unknown-elf-toolchain-10.2.0-2020.12.8/bin/../lib/gcc/riscv64-unknown-elf/10.2.0/../../../../riscv64-unknown-elf/lib/rv32imac/ilp32/libc_nano.a(lib_a-timesr.o)
                0x0000000020011bb4                _times_r
 .text.__metal_driver_sifive_clint0_control_base
                0x0000000020011bba       0x2a /home/jubayer/Documents/riscV/AES_test/bsp/install/lib/debug//libmetal.a(riscv_clint0.o)
 .text.__metal_driver_sifive_clint0_num_interrupts
                0x0000000020011be4       0x28 /home/jubayer/Documents/riscV/AES_test/bsp/install/lib/debug//libmetal.a(riscv_clint0.o)
 .text.__metal_driver_sifive_clint0_interrupt_parents
                0x0000000020011c0c       0x3c /home/jubayer/Documents/riscV/AES_test/bsp/install/lib/debug//libmetal.a(riscv_clint0.o)
 .text.__metal_driver_sifive_clint0_interrupt_lines
                0x0000000020011c48       0x30 /home/jubayer/Documents/riscV/AES_test/bsp/install/lib/debug//libmetal.a(riscv_clint0.o)
 .text.__metal_clint0_mtime_get
                0x0000000020011c78       0x9a /home/jubayer/Documents/riscV/AES_test/bsp/install/lib/debug//libmetal.a(riscv_clint0.o)
                0x0000000020011c78                __metal_clint0_mtime_get
 .text.__metal_driver_riscv_clint0_mtimecmp_set
                0x0000000020011d12       0x96 /home/jubayer/Documents/riscV/AES_test/bsp/install/lib/debug//libmetal.a(riscv_clint0.o)
                0x0000000020011d12                __metal_driver_riscv_clint0_mtimecmp_set
 .text._get_cpu_intc
                0x0000000020011da8       0x36 /home/jubayer/Documents/riscV/AES_test/bsp/install/lib/debug//libmetal.a(riscv_clint0.o)
 .text.__metal_driver_riscv_clint0_init
                0x0000000020011dde       0x88 /home/jubayer/Documents/riscV/AES_test/bsp/install/lib/debug//libmetal.a(riscv_clint0.o)
                0x0000000020011dde                __metal_driver_riscv_clint0_init
 .text.__metal_driver_riscv_clint0_register
                0x0000000020011e66       0xda /home/jubayer/Documents/riscV/AES_test/bsp/install/lib/debug//libmetal.a(riscv_clint0.o)
                0x0000000020011e66                __metal_driver_riscv_clint0_register
 .text.__metal_driver_riscv_clint0_vector_register
                0x0000000020011f40       0x28 /home/jubayer/Documents/riscV/AES_test/bsp/install/lib/debug//libmetal.a(riscv_clint0.o)
                0x0000000020011f40                __metal_driver_riscv_clint0_vector_register
 .text.__metal_driver_riscv_clint0_get_vector_mode
                0x0000000020011f68       0x1c /home/jubayer/Documents/riscV/AES_test/bsp/install/lib/debug//libmetal.a(riscv_clint0.o)
                0x0000000020011f68                __metal_driver_riscv_clint0_get_vector_mode
 .text.__metal_driver_riscv_clint0_set_vector_mode
                0x0000000020011f84       0x58 /home/jubayer/Documents/riscV/AES_test/bsp/install/lib/debug//libmetal.a(riscv_clint0.o)
                0x0000000020011f84                __metal_driver_riscv_clint0_set_vector_mode
 .text.__metal_driver_riscv_clint0_enable
                0x0000000020011fdc       0xb2 /home/jubayer/Documents/riscV/AES_test/bsp/install/lib/debug//libmetal.a(riscv_clint0.o)
                0x0000000020011fdc                __metal_driver_riscv_clint0_enable
 .text.__metal_driver_riscv_clint0_disable
                0x000000002001208e       0xb2 /home/jubayer/Documents/riscV/AES_test/bsp/install/lib/debug//libmetal.a(riscv_clint0.o)
                0x000000002001208e                __metal_driver_riscv_clint0_disable
 .text.__metal_driver_riscv_clint0_command_request
                0x0000000020012140      0x13c /home/jubayer/Documents/riscV/AES_test/bsp/install/lib/debug//libmetal.a(riscv_clint0.o)
                0x0000000020012140                __metal_driver_riscv_clint0_command_request
 .text.__metal_driver_riscv_clint0_clear_interrupt
                0x000000002001227c       0x34 /home/jubayer/Documents/riscV/AES_test/bsp/install/lib/debug//libmetal.a(riscv_clint0.o)
                0x000000002001227c                __metal_driver_riscv_clint0_clear_interrupt
 .text.__metal_driver_riscv_clint0_set_interrupt
                0x00000000200122b0       0x34 /home/jubayer/Documents/riscV/AES_test/bsp/install/lib/debug//libmetal.a(riscv_clint0.o)
                0x00000000200122b0                __metal_driver_riscv_clint0_set_interrupt
 .text.__metal_driver_cpu_hartid
                0x00000000200122e4       0x24 /home/jubayer/Documents/riscV/AES_test/bsp/install/lib/debug//libmetal.a(riscv_cpu.o)
 .text.__metal_driver_cpu_timebase
                0x0000000020012308       0x2a /home/jubayer/Documents/riscV/AES_test/bsp/install/lib/debug//libmetal.a(riscv_cpu.o)
 .text.__metal_driver_cpu_interrupt_controller
                0x0000000020012332       0x2a /home/jubayer/Documents/riscV/AES_test/bsp/install/lib/debug//libmetal.a(riscv_cpu.o)
 .text.__metal_driver_cpu_buserror
                0x000000002001235c       0x24 /home/jubayer/Documents/riscV/AES_test/bsp/install/lib/debug//libmetal.a(riscv_cpu.o)
 .text.__metal_driver_cpu_get
                0x0000000020012380       0x30 /home/jubayer/Documents/riscV/AES_test/bsp/install/lib/debug//libmetal.a(riscv_cpu.o)
                0x0000000020012380                __metal_driver_cpu_get
 .text.__metal_myhart_id
                0x00000000200123b0       0x1a /home/jubayer/Documents/riscV/AES_test/bsp/install/lib/debug//libmetal.a(riscv_cpu.o)
                0x00000000200123b0                __metal_myhart_id
 .text.__metal_interrupt_global_enable
                0x00000000200123ca       0x18 /home/jubayer/Documents/riscV/AES_test/bsp/install/lib/debug//libmetal.a(riscv_cpu.o)
                0x00000000200123ca                __metal_interrupt_global_enable
 .text.__metal_interrupt_global_disable
                0x00000000200123e2       0x18 /home/jubayer/Documents/riscV/AES_test/bsp/install/lib/debug//libmetal.a(riscv_cpu.o)
                0x00000000200123e2                __metal_interrupt_global_disable
 .text.__metal_interrupt_software_enable
                0x00000000200123fa       0x18 /home/jubayer/Documents/riscV/AES_test/bsp/install/lib/debug//libmetal.a(riscv_cpu.o)
                0x00000000200123fa                __metal_interrupt_software_enable
 .text.__metal_interrupt_software_disable
                0x0000000020012412       0x18 /home/jubayer/Documents/riscV/AES_test/bsp/install/lib/debug//libmetal.a(riscv_cpu.o)
                0x0000000020012412                __metal_interrupt_software_disable
 .text.__metal_interrupt_timer_enable
                0x000000002001242a       0x1a /home/jubayer/Documents/riscV/AES_test/bsp/install/lib/debug//libmetal.a(riscv_cpu.o)
                0x000000002001242a                __metal_interrupt_timer_enable
 .text.__metal_interrupt_timer_disable
                0x0000000020012444       0x1a /home/jubayer/Documents/riscV/AES_test/bsp/install/lib/debug//libmetal.a(riscv_cpu.o)
                0x0000000020012444                __metal_interrupt_timer_disable
 .text.__metal_interrupt_external_enable
                0x000000002001245e       0x1c /home/jubayer/Documents/riscV/AES_test/bsp/install/lib/debug//libmetal.a(riscv_cpu.o)
                0x000000002001245e                __metal_interrupt_external_enable
 .text.__metal_interrupt_external_disable
                0x000000002001247a       0x1c /home/jubayer/Documents/riscV/AES_test/bsp/install/lib/debug//libmetal.a(riscv_cpu.o)
                0x000000002001247a                __metal_interrupt_external_disable
 .text.__metal_interrupt_local_enable
                0x0000000020012496       0x2c /home/jubayer/Documents/riscV/AES_test/bsp/install/lib/debug//libmetal.a(riscv_cpu.o)
                0x0000000020012496                __metal_interrupt_local_enable
 .text.__metal_interrupt_local_disable
                0x00000000200124c2       0x2c /home/jubayer/Documents/riscV/AES_test/bsp/install/lib/debug//libmetal.a(riscv_cpu.o)
                0x00000000200124c2                __metal_interrupt_local_disable
 .text.__metal_default_exception_handler
                0x00000000200124ee       0x18 /home/jubayer/Documents/riscV/AES_test/bsp/install/lib/debug//libmetal.a(riscv_cpu.o)
                0x00000000200124ee                __metal_default_exception_handler
 .text.__metal_default_interrupt_handler
                0x0000000020012506       0x18 /home/jubayer/Documents/riscV/AES_test/bsp/install/lib/debug//libmetal.a(riscv_cpu.o)
                0x0000000020012506                __metal_default_interrupt_handler
 .text.metal_interrupt_vector_handler
                0x000000002001251e       0x2e /home/jubayer/Documents/riscV/AES_test/bsp/install/lib/debug//libmetal.a(riscv_cpu.o)
                0x000000002001251e                metal_interrupt_vector_handler
 .text.metal_software_interrupt_vector_handler
                0x000000002001254c       0x92 /home/jubayer/Documents/riscV/AES_test/bsp/install/lib/debug//libmetal.a(riscv_cpu.o)
                0x000000002001254c                metal_software_interrupt_vector_handler
 .text.__metal_default_sw_handler
                0x00000000200125de       0x68 /home/jubayer/Documents/riscV/AES_test/bsp/install/lib/debug//libmetal.a(riscv_cpu.o)
                0x00000000200125de                __metal_default_sw_handler
 .text.metal_timer_interrupt_vector_handler
                0x0000000020012646       0x92 /home/jubayer/Documents/riscV/AES_test/bsp/install/lib/debug//libmetal.a(riscv_cpu.o)
                0x0000000020012646                metal_timer_interrupt_vector_handler
 .text.__metal_default_beu_handler
                0x00000000200126d8       0x16 /home/jubayer/Documents/riscV/AES_test/bsp/install/lib/debug//libmetal.a(riscv_cpu.o)
                0x00000000200126d8                __metal_default_beu_handler
 .text.__metal_default_timer_handler
                0x00000000200126ee       0x66 /home/jubayer/Documents/riscV/AES_test/bsp/install/lib/debug//libmetal.a(riscv_cpu.o)
                0x00000000200126ee                __metal_default_timer_handler
 *fill*         0x0000000020012754       0x2c 
 .text.__metal_exception_handler
                0x0000000020012780      0x1f6 /home/jubayer/Documents/riscV/AES_test/bsp/install/lib/debug//libmetal.a(riscv_cpu.o)
                0x0000000020012780                __metal_exception_handler
 .text.metal_lc0_interrupt_vector_handler
                0x0000000020012976       0x96 /home/jubayer/Documents/riscV/AES_test/bsp/install/lib/debug//libmetal.a(riscv_cpu.o)
                0x0000000020012976                metal_lc0_interrupt_vector_handler
 .text.metal_lc1_interrupt_vector_handler
                0x0000000020012a0c       0x96 /home/jubayer/Documents/riscV/AES_test/bsp/install/lib/debug//libmetal.a(riscv_cpu.o)
                0x0000000020012a0c                metal_lc1_interrupt_vector_handler
 .text.metal_lc2_interrupt_vector_handler
                0x0000000020012aa2       0x96 /home/jubayer/Documents/riscV/AES_test/bsp/install/lib/debug//libmetal.a(riscv_cpu.o)
                0x0000000020012aa2                metal_lc2_interrupt_vector_handler
 .text.metal_lc3_interrupt_vector_handler
                0x0000000020012b38       0x96 /home/jubayer/Documents/riscV/AES_test/bsp/install/lib/debug//libmetal.a(riscv_cpu.o)
                0x0000000020012b38                metal_lc3_interrupt_vector_handler
 .text.metal_lc4_interrupt_vector_handler
                0x0000000020012bce       0x96 /home/jubayer/Documents/riscV/AES_test/bsp/install/lib/debug//libmetal.a(riscv_cpu.o)
                0x0000000020012bce                metal_lc4_interrupt_vector_handler
 .text.metal_lc5_interrupt_vector_handler
                0x0000000020012c64       0x96 /home/jubayer/Documents/riscV/AES_test/bsp/install/lib/debug//libmetal.a(riscv_cpu.o)
                0x0000000020012c64                metal_lc5_interrupt_vector_handler
 .text.metal_lc6_interrupt_vector_handler
                0x0000000020012cfa       0x96 /home/jubayer/Documents/riscV/AES_test/bsp/install/lib/debug//libmetal.a(riscv_cpu.o)
                0x0000000020012cfa                metal_lc6_interrupt_vector_handler
 .text.metal_lc7_interrupt_vector_handler
                0x0000000020012d90       0x96 /home/jubayer/Documents/riscV/AES_test/bsp/install/lib/debug//libmetal.a(riscv_cpu.o)
                0x0000000020012d90                metal_lc7_interrupt_vector_handler
 .text.metal_lc8_interrupt_vector_handler
                0x0000000020012e26       0x96 /home/jubayer/Documents/riscV/AES_test/bsp/install/lib/debug//libmetal.a(riscv_cpu.o)
                0x0000000020012e26                metal_lc8_interrupt_vector_handler
 .text.metal_lc9_interrupt_vector_handler
                0x0000000020012ebc       0x96 /home/jubayer/Documents/riscV/AES_test/bsp/install/lib/debug//libmetal.a(riscv_cpu.o)
                0x0000000020012ebc                metal_lc9_interrupt_vector_handler
 .text.metal_lc10_interrupt_vector_handler
                0x0000000020012f52       0x96 /home/jubayer/Documents/riscV/AES_test/bsp/install/lib/debug//libmetal.a(riscv_cpu.o)
                0x0000000020012f52                metal_lc10_interrupt_vector_handler
 .text.metal_lc11_interrupt_vector_handler
                0x0000000020012fe8       0x96 /home/jubayer/Documents/riscV/AES_test/bsp/install/lib/debug//libmetal.a(riscv_cpu.o)
                0x0000000020012fe8                metal_lc11_interrupt_vector_handler
 .text.metal_lc12_interrupt_vector_handler
                0x000000002001307e       0x96 /home/jubayer/Documents/riscV/AES_test/bsp/install/lib/debug//libmetal.a(riscv_cpu.o)
                0x000000002001307e                metal_lc12_interrupt_vector_handler
 .text.metal_lc13_interrupt_vector_handler
                0x0000000020013114       0x96 /home/jubayer/Documents/riscV/AES_test/bsp/install/lib/debug//libmetal.a(riscv_cpu.o)
                0x0000000020013114                metal_lc13_interrupt_vector_handler
 .text.metal_lc14_interrupt_vector_handler
                0x00000000200131aa       0x96 /home/jubayer/Documents/riscV/AES_test/bsp/install/lib/debug//libmetal.a(riscv_cpu.o)
                0x00000000200131aa                metal_lc14_interrupt_vector_handler
 .text.metal_lc15_interrupt_vector_handler
                0x0000000020013240       0x96 /home/jubayer/Documents/riscV/AES_test/bsp/install/lib/debug//libmetal.a(riscv_cpu.o)
                0x0000000020013240                metal_lc15_interrupt_vector_handler
 .text.__metal_controller_interrupt_vector_mode
                0x00000000200132d6       0x58 /home/jubayer/Documents/riscV/AES_test/bsp/install/lib/debug//libmetal.a(riscv_cpu.o)
                0x00000000200132d6                __metal_controller_interrupt_vector_mode
 .text.__metal_controller_interrupt_vector
                0x000000002001332e       0xb2 /home/jubayer/Documents/riscV/AES_test/bsp/install/lib/debug//libmetal.a(riscv_cpu.o)
                0x000000002001332e                __metal_controller_interrupt_vector
 .text.__metal_valid_interrupt_id
                0x00000000200133e0       0x58 /home/jubayer/Documents/riscV/AES_test/bsp/install/lib/debug//libmetal.a(riscv_cpu.o)
                0x00000000200133e0                __metal_valid_interrupt_id
 .text.__metal_local_interrupt_enable
                0x0000000020013438       0xbc /home/jubayer/Documents/riscV/AES_test/bsp/install/lib/debug//libmetal.a(riscv_cpu.o)
                0x0000000020013438                __metal_local_interrupt_enable
 .text.__metal_exception_register
                0x00000000200134f4       0x4e /home/jubayer/Documents/riscV/AES_test/bsp/install/lib/debug//libmetal.a(riscv_cpu.o)
                0x00000000200134f4                __metal_exception_register
 .text.__metal_driver_riscv_cpu_controller_interrupt_init
                0x0000000020013542       0xe2 /home/jubayer/Documents/riscV/AES_test/bsp/install/lib/debug//libmetal.a(riscv_cpu.o)
                0x0000000020013542                __metal_driver_riscv_cpu_controller_interrupt_init
 .text.__metal_driver_riscv_cpu_controller_interrupt_register
                0x0000000020013624      0x1e0 /home/jubayer/Documents/riscV/AES_test/bsp/install/lib/debug//libmetal.a(riscv_cpu.o)
                0x0000000020013624                __metal_driver_riscv_cpu_controller_interrupt_register
 .text.__metal_driver_riscv_cpu_controller_interrupt_enable
                0x0000000020013804       0x2a /home/jubayer/Documents/riscV/AES_test/bsp/install/lib/debug//libmetal.a(riscv_cpu.o)
                0x0000000020013804                __metal_driver_riscv_cpu_controller_interrupt_enable
 .text.__metal_driver_riscv_cpu_controller_interrupt_disable
                0x000000002001382e       0x2a /home/jubayer/Documents/riscV/AES_test/bsp/install/lib/debug//libmetal.a(riscv_cpu.o)
                0x000000002001382e                __metal_driver_riscv_cpu_controller_interrupt_disable
 .text.__metal_driver_riscv_cpu_controller_get_vector_mode
                0x0000000020013858       0x1c /home/jubayer/Documents/riscV/AES_test/bsp/install/lib/debug//libmetal.a(riscv_cpu.o)
                0x0000000020013858                __metal_driver_riscv_cpu_controller_get_vector_mode
 .text.__metal_driver_riscv_cpu_controller_set_vector_mode
                0x0000000020013874       0x54 /home/jubayer/Documents/riscV/AES_test/bsp/install/lib/debug//libmetal.a(riscv_cpu.o)
                0x0000000020013874                __metal_driver_riscv_cpu_controller_set_vector_mode
 .text.__metal_driver_riscv_cpu_controller_command_request
                0x00000000200138c8       0x1c /home/jubayer/Documents/riscV/AES_test/bsp/install/lib/debug//libmetal.a(riscv_cpu.o)
                0x00000000200138c8                __metal_driver_riscv_cpu_controller_command_request
 .text.__metal_driver_cpu_mcycle_get
                0x00000000200138e4       0x70 /home/jubayer/Documents/riscV/AES_test/bsp/install/lib/debug//libmetal.a(riscv_cpu.o)
                0x00000000200138e4                __metal_driver_cpu_mcycle_get
 .text.__metal_driver_cpu_timebase_get
                0x0000000020013954       0x46 /home/jubayer/Documents/riscV/AES_test/bsp/install/lib/debug//libmetal.a(riscv_cpu.o)
                0x0000000020013954                __metal_driver_cpu_timebase_get
 .text.__metal_driver_cpu_mtime_get
                0x000000002001399a       0x66 /home/jubayer/Documents/riscV/AES_test/bsp/install/lib/debug//libmetal.a(riscv_cpu.o)
                0x000000002001399a                __metal_driver_cpu_mtime_get
 .text.__metal_driver_cpu_mtimecmp_set
                0x0000000020013a00       0x76 /home/jubayer/Documents/riscV/AES_test/bsp/install/lib/debug//libmetal.a(riscv_cpu.o)
                0x0000000020013a00                __metal_driver_cpu_mtimecmp_set
 .text.__metal_driver_cpu_timer_controller_interrupt
                0x0000000020013a76       0x1a /home/jubayer/Documents/riscV/AES_test/bsp/install/lib/debug//libmetal.a(riscv_cpu.o)
                0x0000000020013a76                __metal_driver_cpu_timer_controller_interrupt
 .text.__metal_driver_cpu_get_timer_interrupt_id
                0x0000000020013a90       0x14 /home/jubayer/Documents/riscV/AES_test/bsp/install/lib/debug//libmetal.a(riscv_cpu.o)
                0x0000000020013a90                __metal_driver_cpu_get_timer_interrupt_id
 .text.__metal_driver_cpu_sw_controller_interrupt
                0x0000000020013aa4       0x1a /home/jubayer/Documents/riscV/AES_test/bsp/install/lib/debug//libmetal.a(riscv_cpu.o)
                0x0000000020013aa4                __metal_driver_cpu_sw_controller_interrupt
 .text.__metal_driver_cpu_get_sw_interrupt_id
                0x0000000020013abe       0x14 /home/jubayer/Documents/riscV/AES_test/bsp/install/lib/debug//libmetal.a(riscv_cpu.o)
                0x0000000020013abe                __metal_driver_cpu_get_sw_interrupt_id
 .text.__metal_driver_cpu_set_sw_ipi
                0x0000000020013ad2       0x62 /home/jubayer/Documents/riscV/AES_test/bsp/install/lib/debug//libmetal.a(riscv_cpu.o)
                0x0000000020013ad2                __metal_driver_cpu_set_sw_ipi
 .text.__metal_driver_cpu_clear_sw_ipi
                0x0000000020013b34       0x62 /home/jubayer/Documents/riscV/AES_test/bsp/install/lib/debug//libmetal.a(riscv_cpu.o)
                0x0000000020013b34                __metal_driver_cpu_clear_sw_ipi
 .text.__metal_driver_cpu_get_msip
                0x0000000020013b96       0x60 /home/jubayer/Documents/riscV/AES_test/bsp/install/lib/debug//libmetal.a(riscv_cpu.o)
                0x0000000020013b96                __metal_driver_cpu_get_msip
 .text.__metal_driver_cpu_controller_interrupt
                0x0000000020013bf6       0x20 /home/jubayer/Documents/riscV/AES_test/bsp/install/lib/debug//libmetal.a(riscv_cpu.o)
                0x0000000020013bf6                __metal_driver_cpu_controller_interrupt
 .text.__metal_driver_cpu_exception_register
                0x0000000020013c16       0x46 /home/jubayer/Documents/riscV/AES_test/bsp/install/lib/debug//libmetal.a(riscv_cpu.o)
                0x0000000020013c16                __metal_driver_cpu_exception_register
 .text.__metal_driver_cpu_get_instruction_length
                0x0000000020013c5c       0x2e /home/jubayer/Documents/riscV/AES_test/bsp/install/lib/debug//libmetal.a(riscv_cpu.o)
                0x0000000020013c5c                __metal_driver_cpu_get_instruction_length
 .text.__metal_driver_cpu_get_exception_pc
                0x0000000020013c8a       0x1e /home/jubayer/Documents/riscV/AES_test/bsp/install/lib/debug//libmetal.a(riscv_cpu.o)
                0x0000000020013c8a                __metal_driver_cpu_get_exception_pc
 .text.__metal_driver_cpu_set_exception_pc
                0x0000000020013ca8       0x20 /home/jubayer/Documents/riscV/AES_test/bsp/install/lib/debug//libmetal.a(riscv_cpu.o)
                0x0000000020013ca8                __metal_driver_cpu_set_exception_pc
 .text.__metal_driver_cpu_get_buserror
                0x0000000020013cc8       0x20 /home/jubayer/Documents/riscV/AES_test/bsp/install/lib/debug//libmetal.a(riscv_cpu.o)
                0x0000000020013cc8                __metal_driver_cpu_get_buserror
 .text.__metal_driver_sifive_plic0_control_base
                0x0000000020013ce8       0x2a /home/jubayer/Documents/riscV/AES_test/bsp/install/lib/debug//libmetal.a(riscv_plic0.o)
 .text.__metal_driver_sifive_plic0_num_interrupts
                0x0000000020013d12       0x2a /home/jubayer/Documents/riscV/AES_test/bsp/install/lib/debug//libmetal.a(riscv_plic0.o)
 .text.__metal_driver_sifive_plic0_max_priority
                0x0000000020013d3c       0x28 /home/jubayer/Documents/riscV/AES_test/bsp/install/lib/debug//libmetal.a(riscv_plic0.o)
 .text.__metal_driver_sifive_plic0_interrupt_parents
                0x0000000020013d64       0x28 /home/jubayer/Documents/riscV/AES_test/bsp/install/lib/debug//libmetal.a(riscv_plic0.o)
 .text.__metal_driver_sifive_plic0_interrupt_lines
                0x0000000020013d8c       0x22 /home/jubayer/Documents/riscV/AES_test/bsp/install/lib/debug//libmetal.a(riscv_plic0.o)
 .text.__metal_driver_sifive_plic0_context_ids
                0x0000000020013dae       0x1e /home/jubayer/Documents/riscV/AES_test/bsp/install/lib/debug//libmetal.a(riscv_plic0.o)
 .text.__metal_plic0_claim_interrupt
                0x0000000020013dcc       0x3c /home/jubayer/Documents/riscV/AES_test/bsp/install/lib/debug//libmetal.a(riscv_plic0.o)
                0x0000000020013dcc                __metal_plic0_claim_interrupt
 .text.__metal_plic0_complete_interrupt
                0x0000000020013e08       0x46 /home/jubayer/Documents/riscV/AES_test/bsp/install/lib/debug//libmetal.a(riscv_plic0.o)
                0x0000000020013e08                __metal_plic0_complete_interrupt
 .text.__metal_plic0_set_threshold
                0x0000000020013e4e       0x46 /home/jubayer/Documents/riscV/AES_test/bsp/install/lib/debug//libmetal.a(riscv_plic0.o)
                0x0000000020013e4e                __metal_plic0_set_threshold
 .text.__metal_plic0_get_threshold
                0x0000000020013e94       0x3a /home/jubayer/Documents/riscV/AES_test/bsp/install/lib/debug//libmetal.a(riscv_plic0.o)
                0x0000000020013e94                __metal_plic0_get_threshold
 .text.__metal_driver_riscv_plic0_set_priority
                0x0000000020013ece       0x62 /home/jubayer/Documents/riscV/AES_test/bsp/install/lib/debug//libmetal.a(riscv_plic0.o)
                0x0000000020013ece                __metal_driver_riscv_plic0_set_priority
 .text.__metal_driver_riscv_plic0_get_priority
                0x0000000020013f30       0x34 /home/jubayer/Documents/riscV/AES_test/bsp/install/lib/debug//libmetal.a(riscv_plic0.o)
                0x0000000020013f30                __metal_driver_riscv_plic0_get_priority
 .text.__metal_plic0_enable
                0x0000000020013f64       0xa2 /home/jubayer/Documents/riscV/AES_test/bsp/install/lib/debug//libmetal.a(riscv_plic0.o)
                0x0000000020013f64                __metal_plic0_enable
 .text.__metal_plic0_default_handler
                0x0000000020014006       0x18 /home/jubayer/Documents/riscV/AES_test/bsp/install/lib/debug//libmetal.a(riscv_plic0.o)
                0x0000000020014006                __metal_plic0_default_handler
 .text.__metal_plic0_handler
                0x000000002001401e       0xa4 /home/jubayer/Documents/riscV/AES_test/bsp/install/lib/debug//libmetal.a(riscv_plic0.o)
                0x000000002001401e                __metal_plic0_handler
 .text.__metal_driver_riscv_plic0_init
                0x00000000200140c2      0x150 /home/jubayer/Documents/riscV/AES_test/bsp/install/lib/debug//libmetal.a(riscv_plic0.o)
                0x00000000200140c2                __metal_driver_riscv_plic0_init
 .text.__metal_driver_riscv_plic0_register
                0x0000000020014212       0xbe /home/jubayer/Documents/riscV/AES_test/bsp/install/lib/debug//libmetal.a(riscv_plic0.o)
                0x0000000020014212                __metal_driver_riscv_plic0_register
 .text.__metal_driver_riscv_plic0_enable
                0x00000000200142d0       0x4e /home/jubayer/Documents/riscV/AES_test/bsp/install/lib/debug//libmetal.a(riscv_plic0.o)
                0x00000000200142d0                __metal_driver_riscv_plic0_enable
 .text.__metal_driver_riscv_plic0_disable
                0x000000002001431e       0x4e /home/jubayer/Documents/riscV/AES_test/bsp/install/lib/debug//libmetal.a(riscv_plic0.o)
                0x000000002001431e                __metal_driver_riscv_plic0_disable
 .text.__metal_driver_riscv_plic0_set_threshold
                0x000000002001436c       0x30 /home/jubayer/Documents/riscV/AES_test/bsp/install/lib/debug//libmetal.a(riscv_plic0.o)
                0x000000002001436c                __metal_driver_riscv_plic0_set_threshold
 .text.__metal_driver_riscv_plic0_get_threshold
                0x000000002001439c       0x28 /home/jubayer/Documents/riscV/AES_test/bsp/install/lib/debug//libmetal.a(riscv_plic0.o)
                0x000000002001439c                __metal_driver_riscv_plic0_get_threshold
 .text.__metal_driver_riscv_plic0_affinity_enable
                0x00000000200143c4       0x9c /home/jubayer/Documents/riscV/AES_test/bsp/install/lib/debug//libmetal.a(riscv_plic0.o)
                0x00000000200143c4                __metal_driver_riscv_plic0_affinity_enable
 .text.__metal_driver_riscv_plic0_affinity_disable
                0x0000000020014460       0x9c /home/jubayer/Documents/riscV/AES_test/bsp/install/lib/debug//libmetal.a(riscv_plic0.o)
                0x0000000020014460                __metal_driver_riscv_plic0_affinity_disable
 .text.__metal_driver_riscv_plic0_affinity_set_threshold
                0x00000000200144fc       0x74 /home/jubayer/Documents/riscV/AES_test/bsp/install/lib/debug//libmetal.a(riscv_plic0.o)
                0x00000000200144fc                __metal_driver_riscv_plic0_affinity_set_threshold
 .text.__metal_driver_riscv_plic0_affinity_get_threshold
                0x0000000020014570       0x28 /home/jubayer/Documents/riscV/AES_test/bsp/install/lib/debug//libmetal.a(riscv_plic0.o)
                0x0000000020014570                __metal_driver_riscv_plic0_affinity_get_threshold
 .text.__metal_driver_sifive_fe310_g000_hfrosc_ref
                0x0000000020014598       0x1a /home/jubayer/Documents/riscV/AES_test/bsp/install/lib/debug//libmetal.a(sifive_fe310-g000_hfrosc.o)
 .text.__metal_driver_sifive_fe310_g000_hfrosc_config_base
                0x00000000200145b2       0x16 /home/jubayer/Documents/riscV/AES_test/bsp/install/lib/debug//libmetal.a(sifive_fe310-g000_hfrosc.o)
 .text.__metal_driver_sifive_fe310_g000_hfrosc_config_offset
                0x00000000200145c8       0x14 /home/jubayer/Documents/riscV/AES_test/bsp/install/lib/debug//libmetal.a(sifive_fe310-g000_hfrosc.o)
 .text.__metal_driver_sifive_fe310_g000_prci_vtable
                0x00000000200145dc       0x16 /home/jubayer/Documents/riscV/AES_test/bsp/install/lib/debug//libmetal.a(sifive_fe310-g000_hfrosc.o)
 .text.__metal_driver_sifive_fe310_g000_hfrosc_get_rate_hz
                0x00000000200145f2       0x84 /home/jubayer/Documents/riscV/AES_test/bsp/install/lib/debug//libmetal.a(sifive_fe310-g000_hfrosc.o)
                0x00000000200145f2                __metal_driver_sifive_fe310_g000_hfrosc_get_rate_hz
 .text.__metal_driver_sifive_fe310_g000_hfrosc_set_rate_hz
                0x0000000020014676       0x22 /home/jubayer/Documents/riscV/AES_test/bsp/install/lib/debug//libmetal.a(sifive_fe310-g000_hfrosc.o)
                0x0000000020014676                __metal_driver_sifive_fe310_g000_hfrosc_set_rate_hz
 .text.__metal_driver_sifive_fe310_g000_hfxosc_ref
                0x0000000020014698       0x1a /home/jubayer/Documents/riscV/AES_test/bsp/install/lib/debug//libmetal.a(sifive_fe310-g000_hfxosc.o)
 .text.__metal_driver_sifive_fe310_g000_hfxosc_config_base
                0x00000000200146b2       0x16 /home/jubayer/Documents/riscV/AES_test/bsp/install/lib/debug//libmetal.a(sifive_fe310-g000_hfxosc.o)
 .text.__metal_driver_sifive_fe310_g000_hfxosc_config_offset
                0x00000000200146c8       0x14 /home/jubayer/Documents/riscV/AES_test/bsp/install/lib/debug//libmetal.a(sifive_fe310-g000_hfxosc.o)
 .text.__metal_driver_sifive_fe310_g000_prci_vtable
                0x00000000200146dc       0x16 /home/jubayer/Documents/riscV/AES_test/bsp/install/lib/debug//libmetal.a(sifive_fe310-g000_hfxosc.o)
 .text.__metal_driver_sifive_fe310_g000_hfxosc_get_rate_hz
                0x00000000200146f2       0x74 /home/jubayer/Documents/riscV/AES_test/bsp/install/lib/debug//libmetal.a(sifive_fe310-g000_hfxosc.o)
                0x00000000200146f2                __metal_driver_sifive_fe310_g000_hfxosc_get_rate_hz
 .text.__metal_driver_sifive_fe310_g000_hfxosc_set_rate_hz
                0x0000000020014766       0x22 /home/jubayer/Documents/riscV/AES_test/bsp/install/lib/debug//libmetal.a(sifive_fe310-g000_hfxosc.o)
                0x0000000020014766                __metal_driver_sifive_fe310_g000_hfxosc_set_rate_hz
 .text.__metal_driver_sifive_fe310_g000_pll_pllsel0
                0x0000000020014788       0x1a /home/jubayer/Documents/riscV/AES_test/bsp/install/lib/debug//libmetal.a(sifive_fe310-g000_pll.o)
 .text.__metal_driver_sifive_fe310_g000_pll_pllref
                0x00000000200147a2       0x1a /home/jubayer/Documents/riscV/AES_test/bsp/install/lib/debug//libmetal.a(sifive_fe310-g000_pll.o)
 .text.__metal_driver_sifive_fe310_g000_pll_divider_base
                0x00000000200147bc       0x16 /home/jubayer/Documents/riscV/AES_test/bsp/install/lib/debug//libmetal.a(sifive_fe310-g000_pll.o)
 .text.__metal_driver_sifive_fe310_g000_pll_divider_offset
                0x00000000200147d2       0x14 /home/jubayer/Documents/riscV/AES_test/bsp/install/lib/debug//libmetal.a(sifive_fe310-g000_pll.o)
 .text.__metal_driver_sifive_fe310_g000_pll_config_base
                0x00000000200147e6       0x12 /home/jubayer/Documents/riscV/AES_test/bsp/install/lib/debug//libmetal.a(sifive_fe310-g000_pll.o)
 .text.__metal_driver_sifive_fe310_g000_pll_config_offset
                0x00000000200147f8       0x10 /home/jubayer/Documents/riscV/AES_test/bsp/install/lib/debug//libmetal.a(sifive_fe310-g000_pll.o)
 .text.__metal_driver_sifive_fe310_g000_pll_init_rate
                0x0000000020014808       0x16 /home/jubayer/Documents/riscV/AES_test/bsp/install/lib/debug//libmetal.a(sifive_fe310-g000_pll.o)
 .text.__metal_driver_sifive_fe310_g000_prci_base
                0x000000002001481e       0x12 /home/jubayer/Documents/riscV/AES_test/bsp/install/lib/debug//libmetal.a(sifive_fe310-g000_pll.o)
 .text.__metal_driver_sifive_fe310_g000_prci_vtable
                0x0000000020014830       0x16 /home/jubayer/Documents/riscV/AES_test/bsp/install/lib/debug//libmetal.a(sifive_fe310-g000_pll.o)
 .text.get_pll_config_freq
                0x0000000020014846       0x4e /home/jubayer/Documents/riscV/AES_test/bsp/install/lib/debug//libmetal.a(sifive_fe310-g000_pll.o)
 .text.__metal_driver_sifive_fe310_g000_pll_init
                0x0000000020014894       0xa4 /home/jubayer/Documents/riscV/AES_test/bsp/install/lib/debug//libmetal.a(sifive_fe310-g000_pll.o)
                0x0000000020014894                __metal_driver_sifive_fe310_g000_pll_init
 .text.__metal_driver_sifive_fe310_g000_pll_get_rate_hz
                0x0000000020014938      0x170 /home/jubayer/Documents/riscV/AES_test/bsp/install/lib/debug//libmetal.a(sifive_fe310-g000_pll.o)
                0x0000000020014938                __metal_driver_sifive_fe310_g000_pll_get_rate_hz
 .text.find_closest_config
                0x0000000020014aa8       0xaa /home/jubayer/Documents/riscV/AES_test/bsp/install/lib/debug//libmetal.a(sifive_fe310-g000_pll.o)
 .text.configure_pll
                0x0000000020014b52      0x1b0 /home/jubayer/Documents/riscV/AES_test/bsp/install/lib/debug//libmetal.a(sifive_fe310-g000_pll.o)
 .text.__metal_driver_sifive_fe310_g000_pll_set_rate_hz
                0x0000000020014d02      0x162 /home/jubayer/Documents/riscV/AES_test/bsp/install/lib/debug//libmetal.a(sifive_fe310-g000_pll.o)
                0x0000000020014d02                __metal_driver_sifive_fe310_g000_pll_set_rate_hz
 .text.__metal_driver_sifive_fe310_g000_prci_base
                0x0000000020014e64       0x12 /home/jubayer/Documents/riscV/AES_test/bsp/install/lib/debug//libmetal.a(sifive_fe310-g000_prci.o)
 .text.__metal_driver_sifive_fe310_g000_prci_get_reg
                0x0000000020014e76       0x2e /home/jubayer/Documents/riscV/AES_test/bsp/install/lib/debug//libmetal.a(sifive_fe310-g000_prci.o)
                0x0000000020014e76                __metal_driver_sifive_fe310_g000_prci_get_reg
 .text.__metal_driver_sifive_fe310_g000_prci_set_reg
                0x0000000020014ea4       0x38 /home/jubayer/Documents/riscV/AES_test/bsp/install/lib/debug//libmetal.a(sifive_fe310-g000_prci.o)
                0x0000000020014ea4                __metal_driver_sifive_fe310_g000_prci_set_reg
 .text.__metal_driver_sifive_gpio0_base
                0x0000000020014edc       0x26 /home/jubayer/Documents/riscV/AES_test/bsp/install/lib/debug//libmetal.a(sifive_gpio0.o)
 .text.__metal_driver_sifive_gpio0_interrupt_parent
                0x0000000020014f02       0x2a /home/jubayer/Documents/riscV/AES_test/bsp/install/lib/debug//libmetal.a(sifive_gpio0.o)
 .text.__metal_driver_sifive_gpio0_interrupt_lines
                0x0000000020014f2c      0x35e /home/jubayer/Documents/riscV/AES_test/bsp/install/lib/debug//libmetal.a(sifive_gpio0.o)
 .text.__metal_driver_sifive_gpio0_enable_input
                0x000000002001528a       0x40 /home/jubayer/Documents/riscV/AES_test/bsp/install/lib/debug//libmetal.a(sifive_gpio0.o)
                0x000000002001528a                __metal_driver_sifive_gpio0_enable_input
 .text.__metal_driver_sifive_gpio0_disable_input
                0x00000000200152ca       0x46 /home/jubayer/Documents/riscV/AES_test/bsp/install/lib/debug//libmetal.a(sifive_gpio0.o)
                0x00000000200152ca                __metal_driver_sifive_gpio0_disable_input
 .text.__metal_driver_sifive_gpio0_input
                0x0000000020015310       0x2a /home/jubayer/Documents/riscV/AES_test/bsp/install/lib/debug//libmetal.a(sifive_gpio0.o)
                0x0000000020015310                __metal_driver_sifive_gpio0_input
 .text.__metal_driver_sifive_gpio0_output
                0x000000002001533a       0x2c /home/jubayer/Documents/riscV/AES_test/bsp/install/lib/debug//libmetal.a(sifive_gpio0.o)
                0x000000002001533a                __metal_driver_sifive_gpio0_output
 .text.__metal_driver_sifive_gpio0_disable_output
                0x0000000020015366       0x46 /home/jubayer/Documents/riscV/AES_test/bsp/install/lib/debug//libmetal.a(sifive_gpio0.o)
                0x0000000020015366                __metal_driver_sifive_gpio0_disable_output
 .text.__metal_driver_sifive_gpio0_enable_output
                0x00000000200153ac       0x40 /home/jubayer/Documents/riscV/AES_test/bsp/install/lib/debug//libmetal.a(sifive_gpio0.o)
                0x00000000200153ac                __metal_driver_sifive_gpio0_enable_output
 .text.__metal_driver_sifive_gpio0_output_set
                0x00000000200153ec       0x40 /home/jubayer/Documents/riscV/AES_test/bsp/install/lib/debug//libmetal.a(sifive_gpio0.o)
                0x00000000200153ec                __metal_driver_sifive_gpio0_output_set
 .text.__metal_driver_sifive_gpio0_output_clear
                0x000000002001542c       0x46 /home/jubayer/Documents/riscV/AES_test/bsp/install/lib/debug//libmetal.a(sifive_gpio0.o)
                0x000000002001542c                __metal_driver_sifive_gpio0_output_clear
 .text.__metal_driver_sifive_gpio0_output_toggle
                0x0000000020015472       0x40 /home/jubayer/Documents/riscV/AES_test/bsp/install/lib/debug//libmetal.a(sifive_gpio0.o)
                0x0000000020015472                __metal_driver_sifive_gpio0_output_toggle
 .text.__metal_driver_sifive_gpio0_enable_io
                0x00000000200154b2       0x62 /home/jubayer/Documents/riscV/AES_test/bsp/install/lib/debug//libmetal.a(sifive_gpio0.o)
                0x00000000200154b2                __metal_driver_sifive_gpio0_enable_io
 .text.__metal_driver_sifive_gpio0_disable_io
                0x0000000020015514       0x4a /home/jubayer/Documents/riscV/AES_test/bsp/install/lib/debug//libmetal.a(sifive_gpio0.o)
                0x0000000020015514                __metal_driver_sifive_gpio0_disable_io
 .text.__metal_driver_sifive_gpio0_config_int
                0x000000002001555e      0x206 /home/jubayer/Documents/riscV/AES_test/bsp/install/lib/debug//libmetal.a(sifive_gpio0.o)
                0x000000002001555e                __metal_driver_sifive_gpio0_config_int
 .text.__metal_driver_sifive_gpio0_clear_int
                0x0000000020015764      0x188 /home/jubayer/Documents/riscV/AES_test/bsp/install/lib/debug//libmetal.a(sifive_gpio0.o)
                0x0000000020015764                __metal_driver_sifive_gpio0_clear_int
 .text.__metal_driver_gpio_interrupt_controller
                0x00000000200158ec       0x20 /home/jubayer/Documents/riscV/AES_test/bsp/install/lib/debug//libmetal.a(sifive_gpio0.o)
                0x00000000200158ec                __metal_driver_gpio_interrupt_controller
 .text.__metal_driver_gpio_get_interrupt_id
                0x000000002001590c       0x2e /home/jubayer/Documents/riscV/AES_test/bsp/install/lib/debug//libmetal.a(sifive_gpio0.o)
                0x000000002001590c                __metal_driver_gpio_get_interrupt_id
 .text._metal_clock_call_all_callbacks
                0x000000002001593a       0x42 /home/jubayer/Documents/riscV/AES_test/bsp/install/lib/debug//libmetal.a(clock.o)
                0x000000002001593a                _metal_clock_call_all_callbacks
 .text.metal_clock_get_rate_hz
                0x000000002001597c       0x26 /home/jubayer/Documents/riscV/AES_test/bsp/install/lib/debug//libmetal.a(clock.o)
                0x000000002001597c                metal_clock_get_rate_hz
 .text.metal_clock_set_rate_hz
                0x00000000200159a2       0x48 /home/jubayer/Documents/riscV/AES_test/bsp/install/lib/debug//libmetal.a(clock.o)
                0x00000000200159a2                metal_clock_set_rate_hz
 .text.metal_cpu_get_timer
                0x00000000200159ea       0x2a /home/jubayer/Documents/riscV/AES_test/bsp/install/lib/debug//libmetal.a(cpu.o)
                0x00000000200159ea                metal_cpu_get_timer
 .text.metal_cpu_get_timebase
                0x0000000020015a14       0x2a /home/jubayer/Documents/riscV/AES_test/bsp/install/lib/debug//libmetal.a(cpu.o)
                0x0000000020015a14                metal_cpu_get_timebase
 .text.metal_cpu_interrupt_controller
                0x0000000020015a3e       0x26 /home/jubayer/Documents/riscV/AES_test/bsp/install/lib/debug//libmetal.a(cpu.o)
                0x0000000020015a3e                metal_cpu_interrupt_controller
 .text.metal_cpu_get
                0x0000000020015a64       0x2e /home/jubayer/Documents/riscV/AES_test/bsp/install/lib/debug//libmetal.a(cpu.o)
                0x0000000020015a64                metal_cpu_get
 .text.metal_cpu_get_current_hartid
                0x0000000020015a92       0x1a /home/jubayer/Documents/riscV/AES_test/bsp/install/lib/debug//libmetal.a(cpu.o)
                0x0000000020015a92                metal_cpu_get_current_hartid
 .text.metal_gpio_disable_input
                0x0000000020015aac       0x40 /home/jubayer/Documents/riscV/AES_test/bsp/install/lib/debug//libmetal.a(gpio.o)
                0x0000000020015aac                metal_gpio_disable_input
 .text.metal_gpio_enable_output
                0x0000000020015aec       0x40 /home/jubayer/Documents/riscV/AES_test/bsp/install/lib/debug//libmetal.a(gpio.o)
                0x0000000020015aec                metal_gpio_enable_output
 .text.metal_gpio_set_pin
                0x0000000020015b2c       0x68 /home/jubayer/Documents/riscV/AES_test/bsp/install/lib/debug//libmetal.a(gpio.o)
                0x0000000020015b2c                metal_gpio_set_pin
 .text.metal_gpio_disable_pinmux
                0x0000000020015b94       0x40 /home/jubayer/Documents/riscV/AES_test/bsp/install/lib/debug//libmetal.a(gpio.o)
                0x0000000020015b94                metal_gpio_disable_pinmux
 .text.metal_gpio_get_device
                0x0000000020015bd4       0x32 /home/jubayer/Documents/riscV/AES_test/bsp/install/lib/debug//libmetal.a(gpio.o)
                0x0000000020015bd4                metal_gpio_get_device
 .text.metal_shutdown
                0x0000000020015c06        0xe /home/jubayer/Documents/riscV/AES_test/bsp/install/lib/debug//libmetal.a(shutdown.o)
                0x0000000020015c06                metal_shutdown
 *fill*         0x0000000020015c14       0x6c 
 .text          0x0000000020015c80       0x80 /home/jubayer/Documents/riscV/AES_test/bsp/install/lib/debug//libmetal.a(vector.o)
                0x0000000020015c80                __metal_vector_table
 .text.__metal_driver_fixed_clock_rate
                0x0000000020015d00       0x70 /home/jubayer/Documents/riscV/AES_test/bsp/install/lib/debug//libmetal.a(fixed-clock.o)
 .text.__metal_driver_fixed_clock_get_rate_hz
                0x0000000020015d70       0x1e /home/jubayer/Documents/riscV/AES_test/bsp/install/lib/debug//libmetal.a(fixed-clock.o)
                0x0000000020015d70                __metal_driver_fixed_clock_get_rate_hz
 .text.__metal_driver_fixed_clock_set_rate_hz
                0x0000000020015d8e       0x22 /home/jubayer/Documents/riscV/AES_test/bsp/install/lib/debug//libmetal.a(fixed-clock.o)
                0x0000000020015d8e                __metal_driver_fixed_clock_set_rate_hz
 .text.metal_timer_get_cyclecount
                0x0000000020015db0       0x48 /home/jubayer/Documents/riscV/AES_test/bsp/install/lib/debug//libmetal.a(timer.o)
                0x0000000020015db0                metal_timer_get_cyclecount
 .text.metal_timer_get_timebase_frequency
                0x0000000020015df8       0x48 /home/jubayer/Documents/riscV/AES_test/bsp/install/lib/debug//libmetal.a(timer.o)
                0x0000000020015df8                metal_timer_get_timebase_frequency
 .text.muldiv   0x0000000020015e40       0xe0 /home/jubayer/Documents/riscV/AES_test/bsp/install/lib/debug//libmetal-gloss.a(sys_times.o)
 .text._times   0x0000000020015f20       0x8a /home/jubayer/Documents/riscV/AES_test/bsp/install/lib/debug//libmetal-gloss.a(sys_times.o)
                0x0000000020015f20                times
                0x0000000020015f20                _times
 .text.atexit   0x0000000020015faa        0xa /home/jubayer/Downloads/SiFive/riscv64-unknown-elf-toolchain-10.2.0-2020.12.8/bin/../lib/gcc/riscv64-unknown-elf/10.2.0/../../../../riscv64-unknown-elf/lib/rv32imac/ilp32/libc_nano.a(lib_a-atexit.o)
                0x0000000020015faa                atexit
 .text.exit     0x0000000020015fb4       0x2a /home/jubayer/Downloads/SiFive/riscv64-unknown-elf-toolchain-10.2.0-2020.12.8/bin/../lib/gcc/riscv64-unknown-elf/10.2.0/../../../../riscv64-unknown-elf/lib/rv32imac/ilp32/libc_nano.a(lib_a-exit.o)
                0x0000000020015fb4                exit
 .text.__libc_fini_array
                0x0000000020015fde       0x36 /home/jubayer/Downloads/SiFive/riscv64-unknown-elf-toolchain-10.2.0-2020.12.8/bin/../lib/gcc/riscv64-unknown-elf/10.2.0/../../../../riscv64-unknown-elf/lib/rv32imac/ilp32/libc_nano.a(lib_a-fini.o)
                0x0000000020015fde                __libc_fini_array
 .text.__libc_init_array
                0x0000000020016014       0x5e /home/jubayer/Downloads/SiFive/riscv64-unknown-elf-toolchain-10.2.0-2020.12.8/bin/../lib/gcc/riscv64-unknown-elf/10.2.0/../../../../riscv64-unknown-elf/lib/rv32imac/ilp32/libc_nano.a(lib_a-init.o)
                0x0000000020016014                __libc_init_array
 .text.__register_exitproc
                0x0000000020016072       0x7c /home/jubayer/Downloads/SiFive/riscv64-unknown-elf-toolchain-10.2.0-2020.12.8/bin/../lib/gcc/riscv64-unknown-elf/10.2.0/../../../../riscv64-unknown-elf/lib/rv32imac/ilp32/libc_nano.a(lib_a-__atexit.o)
                0x0000000020016072                __register_exitproc
 .text.__call_exitprocs
                0x00000000200160ee       0xc8 /home/jubayer/Downloads/SiFive/riscv64-unknown-elf-toolchain-10.2.0-2020.12.8/bin/../lib/gcc/riscv64-unknown-elf/10.2.0/../../../../riscv64-unknown-elf/lib/rv32imac/ilp32/libc_nano.a(lib_a-__call_atexit.o)
                0x00000000200160ee                __call_exitprocs
 .text          0x00000000200161b6      0x360 /home/jubayer/Downloads/SiFive/riscv64-unknown-elf-toolchain-10.2.0-2020.12.8/bin/../lib/gcc/riscv64-unknown-elf/10.2.0/rv32imac/ilp32/libgcc.a(_udivdi3.o)
                0x00000000200161b6                __udivdi3
 .text          0x0000000020016516      0x340 /home/jubayer/Downloads/SiFive/riscv64-unknown-elf-toolchain-10.2.0-2020.12.8/bin/../lib/gcc/riscv64-unknown-elf/10.2.0/rv32imac/ilp32/libgcc.a(_umoddi3.o)
                0x0000000020016516                __umoddi3
 .text.metal_init
                0x0000000020016856       0x78 /home/jubayer/Documents/riscV/AES_test/bsp/install/lib/debug//libmetal.a(init.o)
                0x0000000020016856                metal_init
 .text.metal_fini
                0x00000000200168ce       0x78 /home/jubayer/Documents/riscV/AES_test/bsp/install/lib/debug//libmetal.a(init.o)
                0x00000000200168ce                metal_fini
 .text.metal_init_run
                0x0000000020016946       0x14 /home/jubayer/Documents/riscV/AES_test/bsp/install/lib/debug//libmetal.a(init.o)
                0x0000000020016946                metal_init_run
 .text.metal_fini_run
                0x000000002001695a       0x14 /home/jubayer/Documents/riscV/AES_test/bsp/install/lib/debug//libmetal.a(init.o)
                0x000000002001695a                metal_fini_run
 .text._exit    0x000000002001696e       0x14 /home/jubayer/Documents/riscV/AES_test/bsp/install/lib/debug//libmetal-gloss.a(sys_exit.o)
                0x000000002001696e                _exit
 *(.gnu.linkonce.t.*)

.rela.dyn       0x0000000020016984        0x0
 .rela.data.impure_data
                0x0000000020016984        0x0 /tmp/ccGMpU3Z.o
 .rela.text.__metal_driver_cpu_get
                0x0000000020016984        0x0 /tmp/ccGMpU3Z.o
 .rela.text.metal_software_interrupt_vector_handler
                0x0000000020016984        0x0 /tmp/ccGMpU3Z.o
 .rela.text.__metal_default_sw_handler
                0x0000000020016984        0x0 /tmp/ccGMpU3Z.o
 .rela.text.metal_timer_interrupt_vector_handler
                0x0000000020016984        0x0 /tmp/ccGMpU3Z.o
 .rela.text.__metal_exception_handler
                0x0000000020016984        0x0 /tmp/ccGMpU3Z.o
 .rela.text.metal_lc0_interrupt_vector_handler
                0x0000000020016984        0x0 /tmp/ccGMpU3Z.o
 .rela.text.metal_lc1_interrupt_vector_handler
                0x0000000020016984        0x0 /tmp/ccGMpU3Z.o
 .rela.text.metal_lc2_interrupt_vector_handler
                0x0000000020016984        0x0 /tmp/ccGMpU3Z.o
 .rela.text.metal_lc3_interrupt_vector_handler
                0x0000000020016984        0x0 /tmp/ccGMpU3Z.o
 .rela.text.metal_lc4_interrupt_vector_handler
                0x0000000020016984        0x0 /tmp/ccGMpU3Z.o
 .rela.text.metal_lc5_interrupt_vector_handler
                0x0000000020016984        0x0 /tmp/ccGMpU3Z.o
 .rela.text.metal_lc6_interrupt_vector_handler
                0x0000000020016984        0x0 /tmp/ccGMpU3Z.o
 .rela.text.metal_lc7_interrupt_vector_handler
                0x0000000020016984        0x0 /tmp/ccGMpU3Z.o
 .rela.text.metal_lc8_interrupt_vector_handler
                0x0000000020016984        0x0 /tmp/ccGMpU3Z.o
 .rela.text.metal_lc9_interrupt_vector_handler
                0x0000000020016984        0x0 /tmp/ccGMpU3Z.o
 .rela.text.metal_lc10_interrupt_vector_handler
                0x0000000020016984        0x0 /tmp/ccGMpU3Z.o
 .rela.text.metal_lc11_interrupt_vector_handler
                0x0000000020016984        0x0 /tmp/ccGMpU3Z.o
 .rela.text.metal_lc12_interrupt_vector_handler
                0x0000000020016984        0x0 /tmp/ccGMpU3Z.o
 .rela.text.metal_lc13_interrupt_vector_handler
                0x0000000020016984        0x0 /tmp/ccGMpU3Z.o
 .rela.text.metal_lc14_interrupt_vector_handler
                0x0000000020016984        0x0 /tmp/ccGMpU3Z.o
 .rela.text.metal_lc15_interrupt_vector_handler
                0x0000000020016984        0x0 /tmp/ccGMpU3Z.o
 .rela.text.metal_cpu_get
                0x0000000020016984        0x0 /tmp/ccGMpU3Z.o
 .rela.text.metal.init.enter
                0x0000000020016984        0x0 /tmp/ccGMpU3Z.o
 .rela.text.metal.init.scrub
                0x0000000020016984        0x0 /tmp/ccGMpU3Z.o
 .rela.text.metal_gpio_get_device
                0x0000000020016984        0x0 /tmp/ccGMpU3Z.o
 .rela.text     0x0000000020016984        0x0 /tmp/ccGMpU3Z.o
 .rela.text.libgloss.start
                0x0000000020016984        0x0 /tmp/ccGMpU3Z.o
 .rela.text.__libc_fini_array
                0x0000000020016984        0x0 /tmp/ccGMpU3Z.o
 .rela.text.__libc_init_array
                0x0000000020016984        0x0 /tmp/ccGMpU3Z.o
 .rela.text.__register_exitproc
                0x0000000020016984        0x0 /tmp/ccGMpU3Z.o
 .rela.text.metal_init
                0x0000000020016984        0x0 /tmp/ccGMpU3Z.o
 .rela.text.metal_fini
                0x0000000020016984        0x0 /tmp/ccGMpU3Z.o

.data           0x0000000080000000      0xa84 load address 0x0000000020016988
 *(.data .data.*)
 .data.impure_data
                0x0000000080000000       0x60 /home/jubayer/Downloads/SiFive/riscv64-unknown-elf-toolchain-10.2.0-2020.12.8/bin/../lib/gcc/riscv64-unknown-elf/10.2.0/../../../../riscv64-unknown-elf/lib/rv32imac/ilp32/libc_nano.a(lib_a-impure.o)
 .data.__metal_dt_clock_0
                0x0000000080000060        0xc /home/jubayer/Documents/riscV/AES_test/bsp/install/lib/debug//libmetal.a(inline.o)
                0x0000000080000060                __metal_dt_clock_0
 .data.__metal_dt_clock_2
                0x000000008000006c        0xc /home/jubayer/Documents/riscV/AES_test/bsp/install/lib/debug//libmetal.a(inline.o)
                0x000000008000006c                __metal_dt_clock_2
 .data.__metal_dt_clock_5
                0x0000000080000078        0xc /home/jubayer/Documents/riscV/AES_test/bsp/install/lib/debug//libmetal.a(inline.o)
                0x0000000080000078                __metal_dt_clock_5
 .data.__metal_dt_clock_6
                0x0000000080000084        0xc /home/jubayer/Documents/riscV/AES_test/bsp/install/lib/debug//libmetal.a(inline.o)
                0x0000000080000084                __metal_dt_clock_6
 .data.__metal_dt_cpu_0_interrupt_controller
                0x0000000080000090      0x3d0 /home/jubayer/Documents/riscV/AES_test/bsp/install/lib/debug//libmetal.a(inline.o)
                0x0000000080000090                __metal_dt_cpu_0_interrupt_controller
 .data.__metal_dt_interrupt_controller_c000000
                0x0000000080000460      0x5d8 /home/jubayer/Documents/riscV/AES_test/bsp/install/lib/debug//libmetal.a(inline.o)
                0x0000000080000460                __metal_dt_interrupt_controller_c000000
 .data.__metal_dt_clock_3
                0x0000000080000a38        0xc /home/jubayer/Documents/riscV/AES_test/bsp/install/lib/debug//libmetal.a(inline.o)
                0x0000000080000a38                __metal_dt_clock_3
 .data.__metal_dt_clock_1
                0x0000000080000a44        0xc /home/jubayer/Documents/riscV/AES_test/bsp/install/lib/debug//libmetal.a(inline.o)
                0x0000000080000a44                __metal_dt_clock_1
 .data.__metal_dt_clock_4
                0x0000000080000a50        0xc /home/jubayer/Documents/riscV/AES_test/bsp/install/lib/debug//libmetal.a(inline.o)
                0x0000000080000a50                __metal_dt_clock_4
 *(.gnu.linkonce.d.*)
                0x0000000080000a60                . = ALIGN (0x8)
 *fill*         0x0000000080000a5c        0x4 
                0x0000000080001260                PROVIDE (__global_pointer$ = (. + 0x800))
 *(.sdata .sdata.* .sdata2.*)
 .sdata.__metal_cpu_table
                0x0000000080000a60        0x4 /tmp/ccGMpU3Z.o
                0x0000000080000a60                __metal_cpu_table
 .sdata.__metal_gpio_table
                0x0000000080000a64        0x4 /tmp/ccGMpU3Z.o
                0x0000000080000a64                __metal_gpio_table
 .sdata._impure_ptr
                0x0000000080000a68        0x4 /home/jubayer/Downloads/SiFive/riscv64-unknown-elf-toolchain-10.2.0-2020.12.8/bin/../lib/gcc/riscv64-unknown-elf/10.2.0/../../../../riscv64-unknown-elf/lib/rv32imac/ilp32/libc_nano.a(lib_a-impure.o)
                0x0000000080000a68                _impure_ptr
 .sdata.__metal_dt_clint_2000000
                0x0000000080000a6c        0x8 /home/jubayer/Documents/riscV/AES_test/bsp/install/lib/debug//libmetal.a(inline.o)
                0x0000000080000a6c                __metal_dt_clint_2000000
 .sdata.__metal_dt_cpu_0
                0x0000000080000a74        0x8 /home/jubayer/Documents/riscV/AES_test/bsp/install/lib/debug//libmetal.a(inline.o)
                0x0000000080000a74                __metal_dt_cpu_0
 .sdata.__metal_dt_gpio_10012000
                0x0000000080000a7c        0x4 /home/jubayer/Documents/riscV/AES_test/bsp/install/lib/debug//libmetal.a(inline.o)
                0x0000000080000a7c                __metal_dt_gpio_10012000
 .sdata.__metal_dt_prci_10008000
                0x0000000080000a80        0x4 /home/jubayer/Documents/riscV/AES_test/bsp/install/lib/debug//libmetal.a(inline.o)
                0x0000000080000a80                __metal_dt_prci_10008000
 *(.gnu.linkonce.s.*)

.tdata          0x0000000080000a88        0x0 load address 0x0000000020017410
                0x0000000080000a88                PROVIDE (__tls_base = .)
 *(.tdata .tdata.* .gnu.linkonce.td.*)
                [!provide]                        PROVIDE (__tdata_source = LOADADDR (.tdata))
                [!provide]                        PROVIDE (__tdata_size = SIZEOF (.tdata))
                0x0000000020016988                PROVIDE (metal_segment_data_source_start = LOADADDR (.data))
                0x0000000080000000                PROVIDE (metal_segment_data_target_start = ADDR (.data))
                0x0000000080000a88                PROVIDE (metal_segment_data_target_end = (ADDR (.tdata) + SIZEOF (.tdata)))

.tbss           0x0000000080000a88        0x0
 *(.tbss .tbss.* .gnu.linkonce.tb.*)
 *(.tcommon .tcommon.*)
                [!provide]                        PROVIDE (__tls_end = .)
                0x0000000000000000                PROVIDE (__tbss_size = SIZEOF (.tbss))
                [!provide]                        PROVIDE (__tls_size = (__tls_end - __tls_base))

.tbss_space     0x0000000080000a88        0x0
                0x0000000080000a88                . = (. + __tbss_size)

.bss            0x0000000080000a88       0x98
 *(.sbss*)
 .sbss._global_atexit
                0x0000000080000a88        0x4 /home/jubayer/Downloads/SiFive/riscv64-unknown-elf-toolchain-10.2.0-2020.12.8/bin/../lib/gcc/riscv64-unknown-elf/10.2.0/../../../../riscv64-unknown-elf/lib/rv32imac/ilp32/libc_nano.a(lib_a-__call_atexit.o)
                0x0000000080000a88                _global_atexit
 .sbss.init_done.1
                0x0000000080000a8c        0x4 /home/jubayer/Documents/riscV/AES_test/bsp/install/lib/debug//libmetal.a(init.o)
 .sbss.fini_done.0
                0x0000000080000a90        0x4 /home/jubayer/Documents/riscV/AES_test/bsp/install/lib/debug//libmetal.a(init.o)
 *(.gnu.linkonce.sb.*)
 *(.bss .bss.*)
 .bss._global_atexit0
                0x0000000080000a94       0x8c /home/jubayer/Downloads/SiFive/riscv64-unknown-elf-toolchain-10.2.0-2020.12.8/bin/../lib/gcc/riscv64-unknown-elf/10.2.0/../../../../riscv64-unknown-elf/lib/rv32imac/ilp32/libc_nano.a(lib_a-__atexit.o)
 *(.gnu.linkonce.b.*)
 *(COMMON)
                [!provide]                        PROVIDE (metal_segment_bss_source_start = LOADADDR (.tbss))
                0x0000000080000a88                PROVIDE (metal_segment_bss_target_start = ADDR (.tbss))
                0x0000000080000b20                PROVIDE (metal_segment_bss_target_end = (ADDR (.bss) + SIZEOF (.bss)))

.stack          0x0000000080000b20      0x400
                [!provide]                        PROVIDE (metal_segment_stack_begin = .)
                0x0000000080000f20                . = (. + __stack_size)
 *fill*         0x0000000080000b20      0x400 
                0x0000000080000f20                PROVIDE (_sp = .)
                [!provide]                        PROVIDE (metal_segment_stack_end = .)

.heap           0x0000000080000f20      0x800
                [!provide]                        PROVIDE (__end = .)
                [!provide]                        PROVIDE (__heap_start = .)
                [!provide]                        PROVIDE (metal_segment_heap_target_start = .)
                0x0000000000000800                . = DEFINED (__heap_max)?MIN ((LENGTH (ram) - (. - ORIGIN (ram))), 0x10000000):__heap_size
 *fill*         0x0000000080000f20      0x800 
                [!provide]                        PROVIDE (metal_segment_heap_target_end = .)
                [!provide]                        PROVIDE (_heap_end = .)
                [!provide]                        PROVIDE (__heap_end = .)

/DISCARD/
 *(.eh_frame .eh_frame.*)
OUTPUT(hello elf32-littleriscv)

.debug_info     0x0000000000000000    0x2042d
 .debug_info    0x0000000000000000     0x1b9e /tmp/ccGMpU3Z.o
 .debug_info    0x0000000000001b9e      0x79e /tmp/ccpHHpkZ.o
 .debug_info    0x000000000000233c     0x2229 /home/jubayer/Documents/riscV/AES_test/bsp/install/lib/debug//libmetal.a(inline.o)
 .debug_info    0x0000000000004565     0x2109 /home/jubayer/Documents/riscV/AES_test/bsp/install/lib/debug//libmetal.a(riscv_clint0.o)
 .debug_info    0x000000000000666e     0x2fbf /home/jubayer/Documents/riscV/AES_test/bsp/install/lib/debug//libmetal.a(riscv_cpu.o)
 .debug_info    0x000000000000962d     0x2259 /home/jubayer/Documents/riscV/AES_test/bsp/install/lib/debug//libmetal.a(riscv_plic0.o)
 .debug_info    0x000000000000b886     0x1c12 /home/jubayer/Documents/riscV/AES_test/bsp/install/lib/debug//libmetal.a(sifive_fe310-g000_hfrosc.o)
 .debug_info    0x000000000000d498     0x1c12 /home/jubayer/Documents/riscV/AES_test/bsp/install/lib/debug//libmetal.a(sifive_fe310-g000_hfxosc.o)
 .debug_info    0x000000000000f0aa     0x2183 /home/jubayer/Documents/riscV/AES_test/bsp/install/lib/debug//libmetal.a(sifive_fe310-g000_pll.o)
 .debug_info    0x000000000001122d     0x1a7c /home/jubayer/Documents/riscV/AES_test/bsp/install/lib/debug//libmetal.a(sifive_fe310-g000_prci.o)
 .debug_info    0x0000000000012ca9     0x1ecd /home/jubayer/Documents/riscV/AES_test/bsp/install/lib/debug//libmetal.a(sifive_gpio0.o)
 .debug_info    0x0000000000014b76      0x2c7 /home/jubayer/Documents/riscV/AES_test/bsp/install/lib/debug//libmetal.a(clock.o)
 .debug_info    0x0000000000014e3d     0x1cc1 /home/jubayer/Documents/riscV/AES_test/bsp/install/lib/debug//libmetal.a(cpu.o)
 .debug_info    0x0000000000016afe       0x22 /home/jubayer/Documents/riscV/AES_test/bsp/install/lib/debug//libmetal.a(entry.o)
 .debug_info    0x0000000000016b20       0x26 /home/jubayer/Documents/riscV/AES_test/bsp/install/lib/debug//libmetal.a(scrub.o)
 .debug_info    0x0000000000016b46       0x22 /home/jubayer/Documents/riscV/AES_test/bsp/install/lib/debug//libmetal.a(trap.o)
 .debug_info    0x0000000000016b68     0x1cdd /home/jubayer/Documents/riscV/AES_test/bsp/install/lib/debug//libmetal.a(gpio.o)
 .debug_info    0x0000000000018845     0x19cc /home/jubayer/Documents/riscV/AES_test/bsp/install/lib/debug//libmetal.a(shutdown.o)
 .debug_info    0x000000000001a211       0x26 /home/jubayer/Documents/riscV/AES_test/bsp/install/lib/debug//libmetal.a(vector.o)
 .debug_info    0x000000000001a237     0x1aca /home/jubayer/Documents/riscV/AES_test/bsp/install/lib/debug//libmetal.a(fixed-clock.o)
 .debug_info    0x000000000001bd01     0x1a22 /home/jubayer/Documents/riscV/AES_test/bsp/install/lib/debug//libmetal.a(timer.o)
 .debug_info    0x000000000001d723       0x26 /home/jubayer/Documents/riscV/AES_test/bsp/install/lib/debug//libmetal-gloss.a(crt0.o)
 .debug_info    0x000000000001d749      0x167 /home/jubayer/Documents/riscV/AES_test/bsp/install/lib/debug//libmetal-gloss.a(sys_times.o)
 .debug_info    0x000000000001d8b0      0x7c0 /home/jubayer/Downloads/SiFive/riscv64-unknown-elf-toolchain-10.2.0-2020.12.8/bin/../lib/gcc/riscv64-unknown-elf/10.2.0/rv32imac/ilp32/libgcc.a(_udivdi3.o)
 .debug_info    0x000000000001e070      0x81a /home/jubayer/Downloads/SiFive/riscv64-unknown-elf-toolchain-10.2.0-2020.12.8/bin/../lib/gcc/riscv64-unknown-elf/10.2.0/rv32imac/ilp32/libgcc.a(_umoddi3.o)
 .debug_info    0x000000000001e88a       0xe5 /home/jubayer/Downloads/SiFive/riscv64-unknown-elf-toolchain-10.2.0-2020.12.8/bin/../lib/gcc/riscv64-unknown-elf/10.2.0/rv32imac/ilp32/libgcc.a(_clz.o)
 .debug_info    0x000000000001e96f      0x14e /home/jubayer/Documents/riscV/AES_test/bsp/install/lib/debug//libmetal.a(init.o)
 .debug_info    0x000000000001eabd     0x1921 /home/jubayer/Documents/riscV/AES_test/bsp/install/lib/debug//libmetal.a(synchronize_harts.o)
 .debug_info    0x00000000000203de       0x4f /home/jubayer/Documents/riscV/AES_test/bsp/install/lib/debug//libmetal-gloss.a(sys_exit.o)

.debug_abbrev   0x0000000000000000     0x2abf
 .debug_abbrev  0x0000000000000000      0x222 /tmp/ccGMpU3Z.o
 .debug_abbrev  0x0000000000000222      0x204 /tmp/ccpHHpkZ.o
 .debug_abbrev  0x0000000000000426      0x181 /home/jubayer/Documents/riscV/AES_test/bsp/install/lib/debug//libmetal.a(inline.o)
 .debug_abbrev  0x00000000000005a7      0x2dd /home/jubayer/Documents/riscV/AES_test/bsp/install/lib/debug//libmetal.a(riscv_clint0.o)
 .debug_abbrev  0x0000000000000884      0x359 /home/jubayer/Documents/riscV/AES_test/bsp/install/lib/debug//libmetal.a(riscv_cpu.o)
 .debug_abbrev  0x0000000000000bdd      0x293 /home/jubayer/Documents/riscV/AES_test/bsp/install/lib/debug//libmetal.a(riscv_plic0.o)
 .debug_abbrev  0x0000000000000e70      0x202 /home/jubayer/Documents/riscV/AES_test/bsp/install/lib/debug//libmetal.a(sifive_fe310-g000_hfrosc.o)
 .debug_abbrev  0x0000000000001072      0x202 /home/jubayer/Documents/riscV/AES_test/bsp/install/lib/debug//libmetal.a(sifive_fe310-g000_hfxosc.o)
 .debug_abbrev  0x0000000000001274      0x2f9 /home/jubayer/Documents/riscV/AES_test/bsp/install/lib/debug//libmetal.a(sifive_fe310-g000_pll.o)
 .debug_abbrev  0x000000000000156d      0x1aa /home/jubayer/Documents/riscV/AES_test/bsp/install/lib/debug//libmetal.a(sifive_fe310-g000_prci.o)
 .debug_abbrev  0x0000000000001717      0x21d /home/jubayer/Documents/riscV/AES_test/bsp/install/lib/debug//libmetal.a(sifive_gpio0.o)
 .debug_abbrev  0x0000000000001934      0x129 /home/jubayer/Documents/riscV/AES_test/bsp/install/lib/debug//libmetal.a(clock.o)
 .debug_abbrev  0x0000000000001a5d      0x21b /home/jubayer/Documents/riscV/AES_test/bsp/install/lib/debug//libmetal.a(cpu.o)
 .debug_abbrev  0x0000000000001c78       0x12 /home/jubayer/Documents/riscV/AES_test/bsp/install/lib/debug//libmetal.a(entry.o)
 .debug_abbrev  0x0000000000001c8a       0x14 /home/jubayer/Documents/riscV/AES_test/bsp/install/lib/debug//libmetal.a(scrub.o)
 .debug_abbrev  0x0000000000001c9e       0x12 /home/jubayer/Documents/riscV/AES_test/bsp/install/lib/debug//libmetal.a(trap.o)
 .debug_abbrev  0x0000000000001cb0      0x210 /home/jubayer/Documents/riscV/AES_test/bsp/install/lib/debug//libmetal.a(gpio.o)
 .debug_abbrev  0x0000000000001ec0      0x1aa /home/jubayer/Documents/riscV/AES_test/bsp/install/lib/debug//libmetal.a(shutdown.o)
 .debug_abbrev  0x000000000000206a       0x14 /home/jubayer/Documents/riscV/AES_test/bsp/install/lib/debug//libmetal.a(vector.o)
 .debug_abbrev  0x000000000000207e      0x19b /home/jubayer/Documents/riscV/AES_test/bsp/install/lib/debug//libmetal.a(fixed-clock.o)
 .debug_abbrev  0x0000000000002219      0x1b2 /home/jubayer/Documents/riscV/AES_test/bsp/install/lib/debug//libmetal.a(timer.o)
 .debug_abbrev  0x00000000000023cb       0x14 /home/jubayer/Documents/riscV/AES_test/bsp/install/lib/debug//libmetal-gloss.a(crt0.o)
 .debug_abbrev  0x00000000000023df       0xcf /home/jubayer/Documents/riscV/AES_test/bsp/install/lib/debug//libmetal-gloss.a(sys_times.o)
 .debug_abbrev  0x00000000000024ae      0x19d /home/jubayer/Downloads/SiFive/riscv64-unknown-elf-toolchain-10.2.0-2020.12.8/bin/../lib/gcc/riscv64-unknown-elf/10.2.0/rv32imac/ilp32/libgcc.a(_udivdi3.o)
 .debug_abbrev  0x000000000000264b      0x1b9 /home/jubayer/Downloads/SiFive/riscv64-unknown-elf-toolchain-10.2.0-2020.12.8/bin/../lib/gcc/riscv64-unknown-elf/10.2.0/rv32imac/ilp32/libgcc.a(_umoddi3.o)
 .debug_abbrev  0x0000000000002804       0x70 /home/jubayer/Downloads/SiFive/riscv64-unknown-elf-toolchain-10.2.0-2020.12.8/bin/../lib/gcc/riscv64-unknown-elf/10.2.0/rv32imac/ilp32/libgcc.a(_clz.o)
 .debug_abbrev  0x0000000000002874       0xa1 /home/jubayer/Documents/riscV/AES_test/bsp/install/lib/debug//libmetal.a(init.o)
 .debug_abbrev  0x0000000000002915      0x15d /home/jubayer/Documents/riscV/AES_test/bsp/install/lib/debug//libmetal.a(synchronize_harts.o)
 .debug_abbrev  0x0000000000002a72       0x4d /home/jubayer/Documents/riscV/AES_test/bsp/install/lib/debug//libmetal-gloss.a(sys_exit.o)

.debug_aranges  0x0000000000000000      0xaf8
 .debug_aranges
                0x0000000000000000       0x50 /tmp/ccGMpU3Z.o
 .debug_aranges
                0x0000000000000050       0xc0 /tmp/ccpHHpkZ.o
 .debug_aranges
                0x0000000000000110       0x18 /home/jubayer/Documents/riscV/AES_test/bsp/install/lib/debug//libmetal.a(inline.o)
 .debug_aranges
                0x0000000000000128       0xa0 /home/jubayer/Documents/riscV/AES_test/bsp/install/lib/debug//libmetal.a(riscv_clint0.o)
 .debug_aranges
                0x00000000000001c8      0x278 /home/jubayer/Documents/riscV/AES_test/bsp/install/lib/debug//libmetal.a(riscv_cpu.o)
 .debug_aranges
                0x0000000000000440       0xe0 /home/jubayer/Documents/riscV/AES_test/bsp/install/lib/debug//libmetal.a(riscv_plic0.o)
 .debug_aranges
                0x0000000000000520       0x48 /home/jubayer/Documents/riscV/AES_test/bsp/install/lib/debug//libmetal.a(sifive_fe310-g000_hfrosc.o)
 .debug_aranges
                0x0000000000000568       0x48 /home/jubayer/Documents/riscV/AES_test/bsp/install/lib/debug//libmetal.a(sifive_fe310-g000_hfxosc.o)
 .debug_aranges
                0x00000000000005b0       0xa0 /home/jubayer/Documents/riscV/AES_test/bsp/install/lib/debug//libmetal.a(sifive_fe310-g000_pll.o)
 .debug_aranges
                0x0000000000000650       0x30 /home/jubayer/Documents/riscV/AES_test/bsp/install/lib/debug//libmetal.a(sifive_fe310-g000_prci.o)
 .debug_aranges
                0x0000000000000680       0xa8 /home/jubayer/Documents/riscV/AES_test/bsp/install/lib/debug//libmetal.a(sifive_gpio0.o)
 .debug_aranges
                0x0000000000000728       0x48 /home/jubayer/Documents/riscV/AES_test/bsp/install/lib/debug//libmetal.a(clock.o)
 .debug_aranges
                0x0000000000000770       0xb8 /home/jubayer/Documents/riscV/AES_test/bsp/install/lib/debug//libmetal.a(cpu.o)
 .debug_aranges
                0x0000000000000828       0x28 /home/jubayer/Documents/riscV/AES_test/bsp/install/lib/debug//libmetal.a(entry.o)
 .debug_aranges
                0x0000000000000850       0x20 /home/jubayer/Documents/riscV/AES_test/bsp/install/lib/debug//libmetal.a(scrub.o)
 .debug_aranges
                0x0000000000000870       0x28 /home/jubayer/Documents/riscV/AES_test/bsp/install/lib/debug//libmetal.a(trap.o)
 .debug_aranges
                0x0000000000000898       0x98 /home/jubayer/Documents/riscV/AES_test/bsp/install/lib/debug//libmetal.a(gpio.o)
 .debug_aranges
                0x0000000000000930       0x28 /home/jubayer/Documents/riscV/AES_test/bsp/install/lib/debug//libmetal.a(shutdown.o)
 .debug_aranges
                0x0000000000000958       0x20 /home/jubayer/Documents/riscV/AES_test/bsp/install/lib/debug//libmetal.a(vector.o)
 .debug_aranges
                0x0000000000000978       0x30 /home/jubayer/Documents/riscV/AES_test/bsp/install/lib/debug//libmetal.a(fixed-clock.o)
 .debug_aranges
                0x00000000000009a8       0x38 /home/jubayer/Documents/riscV/AES_test/bsp/install/lib/debug//libmetal.a(timer.o)
 .debug_aranges
                0x00000000000009e0       0x20 /home/jubayer/Documents/riscV/AES_test/bsp/install/lib/debug//libmetal-gloss.a(crt0.o)
 .debug_aranges
                0x0000000000000a00       0x28 /home/jubayer/Documents/riscV/AES_test/bsp/install/lib/debug//libmetal-gloss.a(sys_times.o)
 .debug_aranges
                0x0000000000000a28       0x20 /home/jubayer/Downloads/SiFive/riscv64-unknown-elf-toolchain-10.2.0-2020.12.8/bin/../lib/gcc/riscv64-unknown-elf/10.2.0/rv32imac/ilp32/libgcc.a(_udivdi3.o)
 .debug_aranges
                0x0000000000000a48       0x20 /home/jubayer/Downloads/SiFive/riscv64-unknown-elf-toolchain-10.2.0-2020.12.8/bin/../lib/gcc/riscv64-unknown-elf/10.2.0/rv32imac/ilp32/libgcc.a(_umoddi3.o)
 .debug_aranges
                0x0000000000000a68       0x18 /home/jubayer/Downloads/SiFive/riscv64-unknown-elf-toolchain-10.2.0-2020.12.8/bin/../lib/gcc/riscv64-unknown-elf/10.2.0/rv32imac/ilp32/libgcc.a(_clz.o)
 .debug_aranges
                0x0000000000000a80       0x38 /home/jubayer/Documents/riscV/AES_test/bsp/install/lib/debug//libmetal.a(init.o)
 .debug_aranges
                0x0000000000000ab8       0x20 /home/jubayer/Documents/riscV/AES_test/bsp/install/lib/debug//libmetal.a(synchronize_harts.o)
 .debug_aranges
                0x0000000000000ad8       0x20 /home/jubayer/Documents/riscV/AES_test/bsp/install/lib/debug//libmetal-gloss.a(sys_exit.o)

.debug_ranges   0x0000000000000000      0xaf0
 .debug_ranges  0x0000000000000000       0x40 /tmp/ccGMpU3Z.o
 .debug_ranges  0x0000000000000040       0xb0 /tmp/ccpHHpkZ.o
 .debug_ranges  0x00000000000000f0       0xd8 /home/jubayer/Documents/riscV/AES_test/bsp/install/lib/debug//libmetal.a(riscv_clint0.o)
 .debug_ranges  0x00000000000001c8      0x268 /home/jubayer/Documents/riscV/AES_test/bsp/install/lib/debug//libmetal.a(riscv_cpu.o)
 .debug_ranges  0x0000000000000430       0xd0 /home/jubayer/Documents/riscV/AES_test/bsp/install/lib/debug//libmetal.a(riscv_plic0.o)
 .debug_ranges  0x0000000000000500       0x38 /home/jubayer/Documents/riscV/AES_test/bsp/install/lib/debug//libmetal.a(sifive_fe310-g000_hfrosc.o)
 .debug_ranges  0x0000000000000538       0x38 /home/jubayer/Documents/riscV/AES_test/bsp/install/lib/debug//libmetal.a(sifive_fe310-g000_hfxosc.o)
 .debug_ranges  0x0000000000000570       0x90 /home/jubayer/Documents/riscV/AES_test/bsp/install/lib/debug//libmetal.a(sifive_fe310-g000_pll.o)
 .debug_ranges  0x0000000000000600       0x20 /home/jubayer/Documents/riscV/AES_test/bsp/install/lib/debug//libmetal.a(sifive_fe310-g000_prci.o)
 .debug_ranges  0x0000000000000620       0x98 /home/jubayer/Documents/riscV/AES_test/bsp/install/lib/debug//libmetal.a(sifive_gpio0.o)
 .debug_ranges  0x00000000000006b8       0x38 /home/jubayer/Documents/riscV/AES_test/bsp/install/lib/debug//libmetal.a(clock.o)
 .debug_ranges  0x00000000000006f0       0xa8 /home/jubayer/Documents/riscV/AES_test/bsp/install/lib/debug//libmetal.a(cpu.o)
 .debug_ranges  0x0000000000000798       0x20 /home/jubayer/Documents/riscV/AES_test/bsp/install/lib/debug//libmetal.a(entry.o)
 .debug_ranges  0x00000000000007b8       0x20 /home/jubayer/Documents/riscV/AES_test/bsp/install/lib/debug//libmetal.a(trap.o)
 .debug_ranges  0x00000000000007d8       0x88 /home/jubayer/Documents/riscV/AES_test/bsp/install/lib/debug//libmetal.a(gpio.o)
 .debug_ranges  0x0000000000000860       0x18 /home/jubayer/Documents/riscV/AES_test/bsp/install/lib/debug//libmetal.a(shutdown.o)
 .debug_ranges  0x0000000000000878       0x20 /home/jubayer/Documents/riscV/AES_test/bsp/install/lib/debug//libmetal.a(fixed-clock.o)
 .debug_ranges  0x0000000000000898       0x28 /home/jubayer/Documents/riscV/AES_test/bsp/install/lib/debug//libmetal.a(timer.o)
 .debug_ranges  0x00000000000008c0       0x18 /home/jubayer/Documents/riscV/AES_test/bsp/install/lib/debug//libmetal-gloss.a(sys_times.o)
 .debug_ranges  0x00000000000008d8       0xf8 /home/jubayer/Downloads/SiFive/riscv64-unknown-elf-toolchain-10.2.0-2020.12.8/bin/../lib/gcc/riscv64-unknown-elf/10.2.0/rv32imac/ilp32/libgcc.a(_udivdi3.o)
 .debug_ranges  0x00000000000009d0       0xd8 /home/jubayer/Downloads/SiFive/riscv64-unknown-elf-toolchain-10.2.0-2020.12.8/bin/../lib/gcc/riscv64-unknown-elf/10.2.0/rv32imac/ilp32/libgcc.a(_umoddi3.o)
 .debug_ranges  0x0000000000000aa8       0x28 /home/jubayer/Documents/riscV/AES_test/bsp/install/lib/debug//libmetal.a(init.o)
 .debug_ranges  0x0000000000000ad0       0x10 /home/jubayer/Documents/riscV/AES_test/bsp/install/lib/debug//libmetal.a(synchronize_harts.o)
 .debug_ranges  0x0000000000000ae0       0x10 /home/jubayer/Documents/riscV/AES_test/bsp/install/lib/debug//libmetal-gloss.a(sys_exit.o)

.debug_line     0x0000000000000000     0xb090
 .debug_line    0x0000000000000000      0x548 /tmp/ccGMpU3Z.o
 .debug_line    0x0000000000000548     0x1029 /tmp/ccpHHpkZ.o
 .debug_line    0x0000000000001571      0x43d /home/jubayer/Documents/riscV/AES_test/bsp/install/lib/debug//libmetal.a(inline.o)
 .debug_line    0x00000000000019ae      0xb84 /home/jubayer/Documents/riscV/AES_test/bsp/install/lib/debug//libmetal.a(riscv_clint0.o)
 .debug_line    0x0000000000002532     0x180d /home/jubayer/Documents/riscV/AES_test/bsp/install/lib/debug//libmetal.a(riscv_cpu.o)
 .debug_line    0x0000000000003d3f      0xc38 /home/jubayer/Documents/riscV/AES_test/bsp/install/lib/debug//libmetal.a(riscv_plic0.o)
 .debug_line    0x0000000000004977      0x53b /home/jubayer/Documents/riscV/AES_test/bsp/install/lib/debug//libmetal.a(sifive_fe310-g000_hfrosc.o)
 .debug_line    0x0000000000004eb2      0x523 /home/jubayer/Documents/riscV/AES_test/bsp/install/lib/debug//libmetal.a(sifive_fe310-g000_hfxosc.o)
 .debug_line    0x00000000000053d5      0xb69 /home/jubayer/Documents/riscV/AES_test/bsp/install/lib/debug//libmetal.a(sifive_fe310-g000_pll.o)
 .debug_line    0x0000000000005f3e      0x467 /home/jubayer/Documents/riscV/AES_test/bsp/install/lib/debug//libmetal.a(sifive_fe310-g000_prci.o)
 .debug_line    0x00000000000063a5      0xf17 /home/jubayer/Documents/riscV/AES_test/bsp/install/lib/debug//libmetal.a(sifive_gpio0.o)
 .debug_line    0x00000000000072bc      0x1fb /home/jubayer/Documents/riscV/AES_test/bsp/install/lib/debug//libmetal.a(clock.o)
 .debug_line    0x00000000000074b7      0x77a /home/jubayer/Documents/riscV/AES_test/bsp/install/lib/debug//libmetal.a(cpu.o)
 .debug_line    0x0000000000007c31      0x142 /home/jubayer/Documents/riscV/AES_test/bsp/install/lib/debug//libmetal.a(entry.o)
 .debug_line    0x0000000000007d73      0x179 /home/jubayer/Documents/riscV/AES_test/bsp/install/lib/debug//libmetal.a(scrub.o)
 .debug_line    0x0000000000007eec       0xe0 /home/jubayer/Documents/riscV/AES_test/bsp/install/lib/debug//libmetal.a(trap.o)
 .debug_line    0x0000000000007fcc      0x857 /home/jubayer/Documents/riscV/AES_test/bsp/install/lib/debug//libmetal.a(gpio.o)
 .debug_line    0x0000000000008823      0x3f2 /home/jubayer/Documents/riscV/AES_test/bsp/install/lib/debug//libmetal.a(shutdown.o)
 .debug_line    0x0000000000008c15      0x12d /home/jubayer/Documents/riscV/AES_test/bsp/install/lib/debug//libmetal.a(vector.o)
 .debug_line    0x0000000000008d42      0x499 /home/jubayer/Documents/riscV/AES_test/bsp/install/lib/debug//libmetal.a(fixed-clock.o)
 .debug_line    0x00000000000091db      0x49f /home/jubayer/Documents/riscV/AES_test/bsp/install/lib/debug//libmetal.a(timer.o)
 .debug_line    0x000000000000967a      0x2be /home/jubayer/Documents/riscV/AES_test/bsp/install/lib/debug//libmetal-gloss.a(crt0.o)
 .debug_line    0x0000000000009938      0x193 /home/jubayer/Documents/riscV/AES_test/bsp/install/lib/debug//libmetal-gloss.a(sys_times.o)
 .debug_line    0x0000000000009acb      0x74d /home/jubayer/Downloads/SiFive/riscv64-unknown-elf-toolchain-10.2.0-2020.12.8/bin/../lib/gcc/riscv64-unknown-elf/10.2.0/rv32imac/ilp32/libgcc.a(_udivdi3.o)
 .debug_line    0x000000000000a218      0x80b /home/jubayer/Downloads/SiFive/riscv64-unknown-elf-toolchain-10.2.0-2020.12.8/bin/../lib/gcc/riscv64-unknown-elf/10.2.0/rv32imac/ilp32/libgcc.a(_umoddi3.o)
 .debug_line    0x000000000000aa23       0x57 /home/jubayer/Downloads/SiFive/riscv64-unknown-elf-toolchain-10.2.0-2020.12.8/bin/../lib/gcc/riscv64-unknown-elf/10.2.0/rv32imac/ilp32/libgcc.a(_clz.o)
 .debug_line    0x000000000000aa7a      0x1db /home/jubayer/Documents/riscV/AES_test/bsp/install/lib/debug//libmetal.a(init.o)
 .debug_line    0x000000000000ac55      0x3bd /home/jubayer/Documents/riscV/AES_test/bsp/install/lib/debug//libmetal.a(synchronize_harts.o)
 .debug_line    0x000000000000b012       0x7e /home/jubayer/Documents/riscV/AES_test/bsp/install/lib/debug//libmetal-gloss.a(sys_exit.o)

.debug_str      0x0000000000000000     0x47e0
 .debug_str     0x0000000000000000     0x10fe /tmp/ccGMpU3Z.o
                                       0x1405 (size before relaxing)
 .debug_str     0x00000000000010fe      0x101 /tmp/ccpHHpkZ.o
                                        0x29d (size before relaxing)
 .debug_str     0x00000000000011ff      0x64d /home/jubayer/Documents/riscV/AES_test/bsp/install/lib/debug//libmetal.a(inline.o)
                                       0x198e (size before relaxing)
 .debug_str     0x000000000000184c      0x397 /home/jubayer/Documents/riscV/AES_test/bsp/install/lib/debug//libmetal.a(riscv_clint0.o)
                                       0x1793 (size before relaxing)
 .debug_str     0x0000000000001be3      0xf00 /home/jubayer/Documents/riscV/AES_test/bsp/install/lib/debug//libmetal.a(riscv_cpu.o)
                                       0x23b0 (size before relaxing)
 .debug_str     0x0000000000002ae3      0x41e /home/jubayer/Documents/riscV/AES_test/bsp/install/lib/debug//libmetal.a(riscv_plic0.o)
                                       0x186e (size before relaxing)