Archive member included to satisfy reference by file (symbol)

c:/program files (x86)/atmel/studio/7.0/toolchain/arm/arm-gnu-toolchain/bin/../lib/gcc/arm-none-eabi/6.3.1/../../../../arm-none-eabi/lib/thumb/v8-m.base\libc_nano.a(lib_a-exit.o)
                              c:/program files (x86)/atmel/studio/7.0/toolchain/arm/arm-gnu-toolchain/bin/../lib/gcc/arm-none-eabi/6.3.1/../../../../arm-none-eabi/lib/thumb/v8-m.base/crt0.o (exit)
c:/program files (x86)/atmel/studio/7.0/toolchain/arm/arm-gnu-toolchain/bin/../lib/gcc/arm-none-eabi/6.3.1/../../../../arm-none-eabi/lib/thumb/v8-m.base\libc_nano.a(lib_a-fgets.o)
                              gladman/aesaux.o (fgets)
c:/program files (x86)/atmel/studio/7.0/toolchain/arm/arm-gnu-toolchain/bin/../lib/gcc/arm-none-eabi/6.3.1/../../../../arm-none-eabi/lib/thumb/v8-m.base\libc_nano.a(lib_a-findfp.o)
                              c:/program files (x86)/atmel/studio/7.0/toolchain/arm/arm-gnu-toolchain/bin/../lib/gcc/arm-none-eabi/6.3.1/../../../../arm-none-eabi/lib/thumb/v8-m.base\libc_nano.a(lib_a-fgets.o) (__sinit)
c:/program files (x86)/atmel/studio/7.0/toolchain/arm/arm-gnu-toolchain/bin/../lib/gcc/arm-none-eabi/6.3.1/../../../../arm-none-eabi/lib/thumb/v8-m.base\libc_nano.a(lib_a-fopen.o)
                              gladman/aesaux.o (fopen)
c:/program files (x86)/atmel/studio/7.0/toolchain/arm/arm-gnu-toolchain/bin/../lib/gcc/arm-none-eabi/6.3.1/../../../../arm-none-eabi/lib/thumb/v8-m.base\libc_nano.a(lib_a-fprintf.o)
                              gladman/aesaux.o (fprintf)
c:/program files (x86)/atmel/studio/7.0/toolchain/arm/arm-gnu-toolchain/bin/../lib/gcc/arm-none-eabi/6.3.1/../../../../arm-none-eabi/lib/thumb/v8-m.base\libc_nano.a(lib_a-fseek.o)
                              c:/program files (x86)/atmel/studio/7.0/toolchain/arm/arm-gnu-toolchain/bin/../lib/gcc/arm-none-eabi/6.3.1/../../../../arm-none-eabi/lib/thumb/v8-m.base\libc_nano.a(lib_a-fopen.o) (_fseek_r)
c:/program files (x86)/atmel/studio/7.0/toolchain/arm/arm-gnu-toolchain/bin/../lib/gcc/arm-none-eabi/6.3.1/../../../../arm-none-eabi/lib/thumb/v8-m.base\libc_nano.a(lib_a-fseeko.o)
                              c:/program files (x86)/atmel/studio/7.0/toolchain/arm/arm-gnu-toolchain/bin/../lib/gcc/arm-none-eabi/6.3.1/../../../../arm-none-eabi/lib/thumb/v8-m.base\libc_nano.a(lib_a-fseek.o) (_fseeko_r)
c:/program files (x86)/atmel/studio/7.0/toolchain/arm/arm-gnu-toolchain/bin/../lib/gcc/arm-none-eabi/6.3.1/../../../../arm-none-eabi/lib/thumb/v8-m.base\libc_nano.a(lib_a-fwalk.o)
                              c:/program files (x86)/atmel/studio/7.0/toolchain/arm/arm-gnu-toolchain/bin/../lib/gcc/arm-none-eabi/6.3.1/../../../../arm-none-eabi/lib/thumb/v8-m.base\libc_nano.a(lib_a-findfp.o) (_fwalk)
c:/program files (x86)/atmel/studio/7.0/toolchain/arm/arm-gnu-toolchain/bin/../lib/gcc/arm-none-eabi/6.3.1/../../../../arm-none-eabi/lib/thumb/v8-m.base\libc_nano.a(lib_a-impure.o)
                              c:/program files (x86)/atmel/studio/7.0/toolchain/arm/arm-gnu-toolchain/bin/../lib/gcc/arm-none-eabi/6.3.1/../../../../arm-none-eabi/lib/thumb/v8-m.base\libc_nano.a(lib_a-exit.o) (_global_impure_ptr)
c:/program files (x86)/atmel/studio/7.0/toolchain/arm/arm-gnu-toolchain/bin/../lib/gcc/arm-none-eabi/6.3.1/../../../../arm-none-eabi/lib/thumb/v8-m.base\libc_nano.a(lib_a-init.o)
                              c:/program files (x86)/atmel/studio/7.0/toolchain/arm/arm-gnu-toolchain/bin/../lib/gcc/arm-none-eabi/6.3.1/../../../../arm-none-eabi/lib/thumb/v8-m.base/crt0.o (__libc_init_array)
c:/program files (x86)/atmel/studio/7.0/toolchain/arm/arm-gnu-toolchain/bin/../lib/gcc/arm-none-eabi/6.3.1/../../../../arm-none-eabi/lib/thumb/v8-m.base\libc_nano.a(lib_a-locale.o)
                              gladman/aesaux.o (__locale_ctype_ptr)
c:/program files (x86)/atmel/studio/7.0/toolchain/arm/arm-gnu-toolchain/bin/../lib/gcc/arm-none-eabi/6.3.1/../../../../arm-none-eabi/lib/thumb/v8-m.base\libc_nano.a(lib_a-makebuf.o)
                              c:/program files (x86)/atmel/studio/7.0/toolchain/arm/arm-gnu-toolchain/bin/../lib/gcc/arm-none-eabi/6.3.1/../../../../arm-none-eabi/lib/thumb/v8-m.base\libc_nano.a(lib_a-fseeko.o) (__smakebuf_r)
c:/program files (x86)/atmel/studio/7.0/toolchain/arm/arm-gnu-toolchain/bin/../lib/gcc/arm-none-eabi/6.3.1/../../../../arm-none-eabi/lib/thumb/v8-m.base\libc_nano.a(lib_a-malloc.o)
                              aes.o (malloc)
c:/program files (x86)/atmel/studio/7.0/toolchain/arm/arm-gnu-toolchain/bin/../lib/gcc/arm-none-eabi/6.3.1/../../../../arm-none-eabi/lib/thumb/v8-m.base\libc_nano.a(lib_a-mbtowc_r.o)
                              c:/program files (x86)/atmel/studio/7.0/toolchain/arm/arm-gnu-toolchain/bin/../lib/gcc/arm-none-eabi/6.3.1/../../../../arm-none-eabi/lib/thumb/v8-m.base\libc_nano.a(lib_a-locale.o) (__ascii_mbtowc)
[...]
Memory Configuration

Name             Origin             Length             Attributes
rom              0x00000000         0x0000ff00         xr
rom_nsc          0x0000ff00         0x00000000         xr
ram              0x20000000         0x00003f80         xrw
userrow          0x00804000         0x00000100         rw
*default*        0x00000000         0xffffffff

Linker script and memory map

LOAD c:/program files (x86)/atmel/studio/7.0/toolchain/arm/arm-gnu-toolchain/bin/../lib/gcc/arm-none-eabi/6.3.1/thumb/v8-m.base/crti.o
LOAD c:/program files (x86)/atmel/studio/7.0/toolchain/arm/arm-gnu-toolchain/bin/../lib/gcc/arm-none-eabi/6.3.1/thumb/v8-m.base/crtbegin.o
LOAD c:/program files (x86)/atmel/studio/7.0/toolchain/arm/arm-gnu-toolchain/bin/../lib/gcc/arm-none-eabi/6.3.1/../../../../arm-none-eabi/lib/thumb/v8-m.base/crt0.o
LOAD aes.o
LOAD atmel_start.o
LOAD cmac/cmac.o
LOAD cmac/utils.o
LOAD Device_Startup/startup_saml11e16a.o
LOAD Device_Startup/system_saml11e16a.o
LOAD driver_init.o
LOAD examples/driver_examples.o
LOAD gladman/aesaux.o
LOAD gladman/aescrypt.o
LOAD gladman/aeskey.o
LOAD gladman/aestab.o
LOAD gladman/aestst.o
LOAD hal/src/hal_atomic.o
LOAD hal/src/hal_delay.o
LOAD hal/src/hal_gpio.o
LOAD hal/src/hal_init.o
LOAD hal/src/hal_io.o
LOAD hal/src/hal_sleep.o
LOAD hal/utils/src/utils_assert.o
LOAD hal/utils/src/utils_event.o
LOAD hal/utils/src/utils_list.o
LOAD hal/utils/src/utils_syscalls.o
LOAD hpl/core/hpl_core_m23_base.o
LOAD hpl/core/hpl_init.o
LOAD hpl/dmac/hpl_dmac.o
LOAD hpl/gclk/hpl_gclk.o
LOAD hpl/mclk/hpl_mclk.o
LOAD hpl/osc32kctrl/hpl_osc32kctrl.o
LOAD hpl/oscctrl/hpl_oscctrl.o
LOAD hpl/pm/hpl_pm.o
LOAD hpl/systick/hpl_systick.o
LOAD main.o
LOAD mbedtls/aes.o
LOAD tiny_aes/aes.o
LOAD trustzone/trustzone_manager.o
LOAD trustzone/trustzone_veneer.o
START GROUP
LOAD c:/program files (x86)/atmel/studio/7.0/toolchain/arm/arm-gnu-toolchain/bin/../lib/gcc/arm-none-eabi/6.3.1/../../../../arm-none-eabi/lib/thumb/v8-m.base\libm.a
END GROUP
START GROUP
LOAD c:/program files (x86)/atmel/studio/7.0/toolchain/arm/arm-gnu-toolchain/bin/../lib/gcc/arm-none-eabi/6.3.1/thumb/v8-m.base\libgcc.a
LOAD c:/program files (x86)/atmel/studio/7.0/toolchain/arm/arm-gnu-toolchain/bin/../lib/gcc/arm-none-eabi/6.3.1/../../../../arm-none-eabi/lib/thumb/v8-m.base\libc_nano.a
END GROUP
START GROUP
LOAD c:/program files (x86)/atmel/studio/7.0/toolchain/arm/arm-gnu-toolchain/bin/../lib/gcc/arm-none-eabi/6.3.1/thumb/v8-m.base\libgcc.a
LOAD c:/program files (x86)/atmel/studio/7.0/toolchain/arm/arm-gnu-toolchain/bin/../lib/gcc/arm-none-eabi/6.3.1/../../../../arm-none-eabi/lib/thumb/v8-m.base\libc_nano.a
LOAD c:/program files (x86)/atmel/studio/7.0/toolchain/arm/arm-gnu-toolchain/bin/../lib/gcc/arm-none-eabi/6.3.1/../../../../arm-none-eabi/lib/thumb/v8-m.base\libnosys.a
END GROUP
START GROUP
LOAD c:/program files (x86)/atmel/studio/7.0/toolchain/arm/arm-gnu-toolchain/bin/../lib/gcc/arm-none-eabi/6.3.1/thumb/v8-m.base\libgcc.a
LOAD c:/program files (x86)/atmel/studio/7.0/toolchain/arm/arm-gnu-toolchain/bin/../lib/gcc/arm-none-eabi/6.3.1/../../../../arm-none-eabi/lib/thumb/v8-m.base\libc_nano.a
LOAD c:/program files (x86)/atmel/studio/7.0/toolchain/arm/arm-gnu-toolchain/bin/../lib/gcc/arm-none-eabi/6.3.1/../../../../arm-none-eabi/lib/thumb/v8-m.base\libnosys.a
END GROUP
LOAD c:/program files (x86)/atmel/studio/7.0/toolchain/arm/arm-gnu-toolchain/bin/../lib/gcc/arm-none-eabi/6.3.1/thumb/v8-m.base/crtend.o
LOAD c:/program files (x86)/atmel/studio/7.0/toolchain/arm/arm-gnu-toolchain/bin/../lib/gcc/arm-none-eabi/6.3.1/thumb/v8-m.base/crtn.o
                0x00000400                STACK_SIZE = DEFINED (STACK_SIZE)?STACK_SIZE:DEFINED (__stack_size__)?__stack_size__:0x400
                0x00000200                HEAP_SIZE = DEFINED (HEAP_SIZE)?HEAP_SIZE:DEFINED (__heap_size__)?__heap_size__:0x200

.text           0x00000000     0x1844
                0x00000000                . = ALIGN (0x4)
                0x00000000                _sfixed = .
 *(.vectors .vectors.*)
 .vectors       0x00000000       0xf4 Device_Startup/startup_saml11e16a.o
                0x00000000                exception_table
 *trustzone_veneer.o(.text.*)
 *(.text .text.* .gnu.linkonce.t.*)
 .text          0x000000f4       0x6c c:/program files (x86)/atmel/studio/7.0/toolchain/arm/arm-gnu-toolchain/bin/../lib/gcc/arm-none-eabi/6.3.1/thumb/v8-m.base/crtbegin.o
 .text.SubWord  0x00000160       0x1c aes.o
                0x00000160                SubWord
 .text.RotWord  0x0000017c       0x28 aes.o
                0x0000017c                RotWord
 .text.KeyExpansion
                0x000001a4       0xac aes.o
                0x000001a4                KeyExpansion
 .text.SubBytes
                0x00000250       0x24 aes.o
                0x00000250                SubBytes
 .text.ShiftRows
                0x00000274       0x38 aes.o
                0x00000274                ShiftRows
 .text.mul      0x000002ac       0x40 aes.o
                0x000002ac                mul
 .text.MixColumns
                0x000002ec       0x7c aes.o
                0x000002ec                MixColumns
 .text.AddRoundKey
                0x00000368       0x20 aes.o
                0x00000368                AddRoundKey
 .text.Cipher   0x00000388       0x88 aes.o
                0x00000388                Cipher
 .text.aes_128_encrypt
                0x00000410       0x48 aes.o
                0x00000410                aes_128_encrypt
 .text.atmel_start_init
                0x00000458       0x28 atmel_start.o
                0x00000458                atmel_start_init
 .text.init_aes_context
                0x00000480       0x2c cmac/cmac.o
                0x00000480                init_aes_context
 .text.GenerateSubkey
                0x000004ac       0x74 cmac/cmac.o
                0x000004ac                GenerateSubkey
 .text.aes_cmac
                0x00000520      0x110 cmac/cmac.o
                0x00000520                aes_cmac
 .text.cmac_block_xor
                0x00000630       0x14 cmac/utils.o
                0x00000630                cmac_block_xor
 .text.block_leftshift
                0x00000644       0x18 cmac/utils.o
                0x00000644                block_leftshift
 .text.Dummy_Handler
                0x0000065c        0x2 Device_Startup/startup_saml11e16a.o
                0x0000065c                SVCall_Handler
                0x0000065c                SERCOM0_2_Handler
                0x0000065c                EVSYS_0_Handler
                0x0000065c                TRNG_Handler
                0x0000065c                HardFault_Handler
                0x0000065c                ADC_RESRDY_Handler
                0x0000065c                TC2_Handler
                0x0000065c                AC_Handler
                0x0000065c                DMAC_OTHER_Handler
                0x0000065c                SysTick_Handler
                0x0000065c                PendSV_Handler
                0x0000065c                EVSYS_3_Handler
                0x0000065c                NonMaskableInt_Handler
                0x0000065c                SERCOM0_OTHER_Handler
                0x0000065c                EIC_3_Handler
                0x0000065c                SERCOM0_0_Handler
                0x0000065c                RTC_Handler
                0x0000065c                SERCOM1_OTHER_Handler
                0x0000065c                EVSYS_1_Handler
                0x0000065c                DMAC_0_Handler
                0x0000065c                WDT_Handler
                0x0000065c                TRAM_Handler
                0x0000065c                EVSYS_NSCHK_Handler
                0x0000065c                TC1_Handler
                0x0000065c                DAC_EMPTY_Handler
                0x0000065c                PAC_Handler
                0x0000065c                EIC_0_Handler
                0x0000065c                Dummy_Handler
                0x0000065c                DMAC_2_Handler
                0x0000065c                SERCOM0_1_Handler
                0x0000065c                DMAC_1_Handler
                0x0000065c                SERCOM1_1_Handler
                0x0000065c                EIC_2_Handler
                0x0000065c                NVMCTRL_Handler
                0x0000065c                PORT_Handler
                0x0000065c                SYSTEM_Handler
                0x0000065c                SERCOM1_0_Handler
                0x0000065c                SERCOM2_1_Handler
                0x0000065c                SERCOM1_2_Handler
                0x0000065c                EIC_1_Handler
                0x0000065c                SERCOM2_2_Handler
                0x0000065c                PTC_Handler
                0x0000065c                EVSYS_2_Handler
                0x0000065c                SERCOM2_OTHER_Handler
                0x0000065c                FREQM_Handler
                0x0000065c                DAC_UNDERRUN_A_Handler
                0x0000065c                TC0_Handler
                0x0000065c                EIC_OTHER_Handler
                0x0000065c                ADC_OTHER_Handler
                0x0000065c                DMAC_3_Handler
                0x0000065c                SERCOM2_0_Handler
 *fill*         0x0000065e        0x2 
 .text.Reset_Handler
                0x00000660       0x68 Device_Startup/startup_saml11e16a.o
                0x00000660                Reset_Handler
 .text.delay_driver_init
                0x000006c8       0x14 driver_init.o
                0x000006c8                delay_driver_init
 .text.system_init
                0x000006dc       0x40 driver_init.o
                0x000006dc                system_init
 .text.delay_init
                0x0000071c       0x14 hal/src/hal_delay.o
                0x0000071c                delay_init
 .text._sbrk    0x00000730       0x1c hal/utils/src/utils_syscalls.o
                0x00000730                _sbrk
 .text._init_chip
                0x0000074c       0x44 hpl/core/hpl_init.o
                0x0000074c                _init_chip
 .text._gclk_init_generators_by_fref
                0x00000790       0x1c hpl/gclk/hpl_gclk.o
                0x00000790                _gclk_init_generators_by_fref
 .text._mclk_init
                0x000007ac        0xc hpl/mclk/hpl_mclk.o
                0x000007ac                _mclk_init
 .text._osc32kctrl_init_sources
                0x000007b8       0x18 hpl/osc32kctrl/hpl_osc32kctrl.o
                0x000007b8                _osc32kctrl_init_sources
 .text._oscctrl_init_sources
                0x000007d0       0x1c hpl/oscctrl/hpl_oscctrl.o
                0x000007d0                _oscctrl_init_sources
 .text._oscctrl_init_referenced_generators
                0x000007ec        0x2 hpl/oscctrl/hpl_oscctrl.o
                0x000007ec                _oscctrl_init_referenced_generators
 *fill*         0x000007ee        0x2 
 .text._set_performance_level
                0x000007f0       0x28 hpl/pm/hpl_pm.o
                0x000007f0                _set_performance_level
 .text._delay_init
                0x00000818       0x14 hpl/systick/hpl_systick.o
                0x00000818                _delay_init
 .text.start_timer_0_32_bit
                0x0000082c       0x44 main.o
                0x0000082c                start_timer_0_32_bit
 .text.read_time_0_32_bit
                0x00000870       0x20 main.o
                0x00000870                read_time_0_32_bit
 .text.startup.main
                0x00000890       0x70 main.o
                0x00000890                main
 .text.aes_gen_tables
                0x00000900      0x220 mbedtls/aes.o
 .text.mbedtls_aes_init
                0x00000b20       0x14 mbedtls/aes.o
                0x00000b20                mbedtls_aes_init
 .text.mbedtls_aes_setkey_enc
                0x00000b34      0x1c4 mbedtls/aes.o
                0x00000b34                mbedtls_aes_setkey_enc
 .text.mbedtls_internal_aes_encrypt
                0x00000cf8      0x454 mbedtls/aes.o
                0x00000cf8                mbedtls_internal_aes_encrypt
 .text.__libc_init_array
                0x0000114c       0x50 c:/program files (x86)/atmel/studio/7.0/toolchain/arm/arm-gnu-toolchain/bin/../lib/gcc/arm-none-eabi/6.3.1/../../../../arm-none-eabi/lib/thumb/v8-m.base\libc_nano.a(lib_a-init.o)
                0x0000114c                __libc_init_array
 .text.malloc   0x0000119c       0x14 c:/program files (x86)/atmel/studio/7.0/toolchain/arm/arm-gnu-toolchain/bin/../lib/gcc/arm-none-eabi/6.3.1/../../../../arm-none-eabi/lib/thumb/v8-m.base\libc_nano.a(lib_a-malloc.o)
                0x0000119c                malloc
 .text.free     0x000011b0       0x14 c:/program files (x86)/atmel/studio/7.0/toolchain/arm/arm-gnu-toolchain/bin/../lib/gcc/arm-none-eabi/6.3.1/../../../../arm-none-eabi/lib/thumb/v8-m.base\libc_nano.a(lib_a-malloc.o)
                0x000011b0                free
 .text.memcpy   0x000011c4       0x12 c:/program files (x86)/atmel/studio/7.0/toolchain/arm/arm-gnu-toolchain/bin/../lib/gcc/arm-none-eabi/6.3.1/../../../../arm-none-eabi/lib/thumb/v8-m.base\libc_nano.a(lib_a-memcpy-stub.o)
                0x000011c4                memcpy
 .text.memset   0x000011d6       0x10 c:/program files (x86)/atmel/studio/7.0/toolchain/arm/arm-gnu-toolchain/bin/../lib/gcc/arm-none-eabi/6.3.1/../../../../arm-none-eabi/lib/thumb/v8-m.base\libc_nano.a(lib_a-memset.o)
                0x000011d6                memset
 *fill*         0x000011e6        0x2 
 .text._free_r  0x000011e8       0x94 c:/program files (x86)/atmel/studio/7.0/toolchain/arm/arm-gnu-toolchain/bin/../lib/gcc/arm-none-eabi/6.3.1/../../../../arm-none-eabi/lib/thumb/v8-m.base\libc_nano.a(lib_a-nano-freer.o)
                0x000011e8                _free_r
 .text._malloc_r
                0x0000127c       0xbc c:/program files (x86)/atmel/studio/7.0/toolchain/arm/arm-gnu-toolchain/bin/../lib/gcc/arm-none-eabi/6.3.1/../../../../arm-none-eabi/lib/thumb/v8-m.base\libc_nano.a(lib_a-nano-mallocr.o)
                0x0000127c                _malloc_r
 .text._sbrk_r  0x00001338       0x20 c:/program files (x86)/atmel/studio/7.0/toolchain/arm/arm-gnu-toolchain/bin/../lib/gcc/arm-none-eabi/6.3.1/../../../../arm-none-eabi/lib/thumb/v8-m.base\libc_nano.a(lib_a-sbrkr.o)
                0x00001338                _sbrk_r
 .text          0x00001358        0xe c:/program files (x86)/atmel/studio/7.0/toolchain/arm/arm-gnu-toolchain/bin/../lib/gcc/arm-none-eabi/6.3.1/../../../../arm-none-eabi/lib/thumb/v8-m.base\libc_nano.a(lib_a-strlen.o)
                0x00001358                strlen
 .text.__malloc_lock
                0x00001366        0x2 c:/program files (x86)/atmel/studio/7.0/toolchain/arm/arm-gnu-toolchain/bin/../lib/gcc/arm-none-eabi/6.3.1/../../../../arm-none-eabi/lib/thumb/v8-m.base\libc_nano.a(lib_a-mlock.o)
                0x00001366                __malloc_lock
 .text.__malloc_unlock
                0x00001368        0x2 c:/program files (x86)/atmel/studio/7.0/toolchain/arm/arm-gnu-toolchain/bin/../lib/gcc/arm-none-eabi/6.3.1/../../../../arm-none-eabi/lib/thumb/v8-m.base\libc_nano.a(lib_a-mlock.o)
                0x00001368                __malloc_unlock
 *(.glue_7t)
 .glue_7t       0x0000136a        0x0 linker stubs
 *(.glue_7)
 .glue_7        0x0000136a        0x0 linker stubs
 *(.rodata .rodata* .gnu.linkonce.r.*)
 .rodata        0x0000136a      0x24c aes.o
 .rodata        0x000015b6       0x10 main.o
 .rodata.str1.1
                0x000015c6      0x1fc main.o
 *fill*         0x000017c2        0x2 
 .rodata.__sf_fake_stderr
                0x000017c4       0x20 c:/program files (x86)/atmel/studio/7.0/toolchain/arm/arm-gnu-toolchain/bin/../lib/gcc/arm-none-eabi/6.3.1/../../../../arm-none-eabi/lib/thumb/v8-m.base\libc_nano.a(lib_a-findfp.o)
                0x000017c4                __sf_fake_stderr
 .rodata.__sf_fake_stdin
                0x000017e4       0x20 c:/program files (x86)/atmel/studio/7.0/toolchain/arm/arm-gnu-toolchain/bin/../lib/gcc/arm-none-eabi/6.3.1/../../../../arm-none-eabi/lib/thumb/v8-m.base\libc_nano.a(lib_a-findfp.o)
                0x000017e4                __sf_fake_stdin
 .rodata.__sf_fake_stdout
                0x00001804       0x20 c:/program files (x86)/atmel/studio/7.0/toolchain/arm/arm-gnu-toolchain/bin/../lib/gcc/arm-none-eabi/6.3.1/../../../../arm-none-eabi/lib/thumb/v8-m.base\libc_nano.a(lib_a-findfp.o)
                0x00001804                __sf_fake_stdout
 *(.ARM.extab* .gnu.linkonce.armextab.*)
                0x00001824                . = ALIGN (0x4)
 *(.init)
 .init          0x00001824        0x4 c:/program files (x86)/atmel/studio/7.0/toolchain/arm/arm-gnu-toolchain/bin/../lib/gcc/arm-none-eabi/6.3.1/thumb/v8-m.base/crti.o
                0x00001824                _init
 .init          0x00001828        0x8 c:/program files (x86)/atmel/studio/7.0/toolchain/arm/arm-gnu-toolchain/bin/../lib/gcc/arm-none-eabi/6.3.1/thumb/v8-m.base/crtn.o
                0x00001830                . = ALIGN (0x4)
                0x00001830                __preinit_array_start = .
 *(.preinit_array)
                0x00001830                __preinit_array_end = .
                0x00001830                . = ALIGN (0x4)
                0x00001830                __init_array_start = .
 *(SORT(.init_array.*))
 *(.init_array)
 .init_array    0x00001830        0x4 c:/program files (x86)/atmel/studio/7.0/toolchain/arm/arm-gnu-toolchain/bin/../lib/gcc/arm-none-eabi/6.3.1/thumb/v8-m.base/crtbegin.o
                0x00001834                __init_array_end = .
                0x00001834                . = ALIGN (0x4)
 *crtbegin.o(.ctors)
 *(EXCLUDE_FILE(*crtend.o) .ctors)
 *(SORT(.ctors.*))
 *crtend.o(.ctors)
                0x00001834                . = ALIGN (0x4)
 *(.fini)
 .fini          0x00001834        0x4 c:/program files (x86)/atmel/studio/7.0/toolchain/arm/arm-gnu-toolchain/bin/../lib/gcc/arm-none-eabi/6.3.1/thumb/v8-m.base/crti.o
                0x00001834                _fini
 .fini          0x00001838        0x8 c:/program files (x86)/atmel/studio/7.0/toolchain/arm/arm-gnu-toolchain/bin/../lib/gcc/arm-none-eabi/6.3.1/thumb/v8-m.base/crtn.o
                0x00001840                . = ALIGN (0x4)
                0x00001840                __fini_array_start = .
 *(.fini_array)
 .fini_array    0x00001840        0x4 c:/program files (x86)/atmel/studio/7.0/toolchain/arm/arm-gnu-toolchain/bin/../lib/gcc/arm-none-eabi/6.3.1/thumb/v8-m.base/crtbegin.o
 *(SORT(.fini_array.*))
                0x00001844                __fini_array_end = .
 *crtbegin.o(.dtors)
 *(EXCLUDE_FILE(*crtend.o) .dtors)
 *(SORT(.dtors.*))
 *crtend.o(.dtors)
                0x00001844                . = ALIGN (0x4)
                0x00001844                _efixed = .
                [!provide]                PROVIDE (__exidx_start, .)

.vfp11_veneer   0x00001844        0x0
 .vfp11_veneer  0x00001844        0x0 linker stubs

.v4_bx          0x00001844        0x0
 .v4_bx         0x00001844        0x0 linker stubs

.iplt           0x00001844        0x0
 .iplt          0x00001844        0x0 c:/program files (x86)/atmel/studio/7.0/toolchain/arm/arm-gnu-toolchain/bin/../lib/gcc/arm-none-eabi/6.3.1/thumb/v8-m.base/crtbegin.o

.rel.dyn        0x00001844        0x0
 .rel.iplt      0x00001844        0x0 c:/program files (x86)/atmel/studio/7.0/toolchain/arm/arm-gnu-toolchain/bin/../lib/gcc/arm-none-eabi/6.3.1/thumb/v8-m.base/crtbegin.o

.ARM.exidx
 *(.ARM.exidx* .gnu.linkonce.armexidx.*)
                [!provide]                PROVIDE (__exidx_end, .)
                0x00001844                . = ALIGN (0x4)
                0x00001844                _etext = .
                0x00001844                . = ALIGN (0x4)

.gnu.sgstubs    0x0000ff00        0x0
                0x0000ff00                _ssgstubs = .

.relocate       0x20000000       0x68 load address 0x00001844
                0x20000000                . = ALIGN (0x4)
                0x20000000                _srelocate = .
 *(.ramfunc .ramfunc.*)
 *(.data .data.*)
 .data          0x20000000        0x4 cmac/cmac.o
                0x20000000                keysize
 .data._impure_ptr
                0x20000004        0x4 c:/program files (x86)/atmel/studio/7.0/toolchain/arm/arm-gnu-toolchain/bin/../lib/gcc/arm-none-eabi/6.3.1/../../../../arm-none-eabi/lib/thumb/v8-m.base\libc_nano.a(lib_a-impure.o)
                0x20000004                _impure_ptr
 .data.impure_data
                0x20000008       0x60 c:/program files (x86)/atmel/studio/7.0/toolchain/arm/arm-gnu-toolchain/bin/../lib/gcc/arm-none-eabi/6.3.1/../../../../arm-none-eabi/lib/thumb/v8-m.base\libc_nano.a(lib_a-impure.o)
                0x20000068                . = ALIGN (0x4)
                0x20000068                _erelocate = .

.bss            0x20000068     0x2374 load address 0x000018ac
                0x20000068                . = ALIGN (0x4)
                0x20000068                _sbss = .
                0x20000068                _szero = .
 *(.bss .bss.*)
 .bss           0x20000068       0x1c c:/program files (x86)/atmel/studio/7.0/toolchain/arm/arm-gnu-toolchain/bin/../lib/gcc/arm-none-eabi/6.3.1/thumb/v8-m.base/crtbegin.o
 .bss           0x20000084        0x4 hal/src/hal_delay.o
 .bss           0x20000088        0x4 hal/utils/src/utils_syscalls.o
 .bss           0x2000008c     0x222c mbedtls/aes.o
 .bss.__malloc_free_list
                0x200022b8        0x4 c:/program files (x86)/atmel/studio/7.0/toolchain/arm/arm-gnu-toolchain/bin/../lib/gcc/arm-none-eabi/6.3.1/../../../../arm-none-eabi/lib/thumb/v8-m.base\libc_nano.a(lib_a-nano-mallocr.o)
                0x200022b8                __malloc_free_list
 .bss.__malloc_sbrk_start
                0x200022bc        0x4 c:/program files (x86)/atmel/studio/7.0/toolchain/arm/arm-gnu-toolchain/bin/../lib/gcc/arm-none-eabi/6.3.1/../../../../arm-none-eabi/lib/thumb/v8-m.base\libc_nano.a(lib_a-nano-mallocr.o)
                0x200022bc                __malloc_sbrk_start
 *(COMMON)
 COMMON         0x200022c0      0x118 cmac/cmac.o
                0x200022c0                ctx
 COMMON         0x200023d8        0x4 c:/program files (x86)/atmel/studio/7.0/toolchain/arm/arm-gnu-toolchain/bin/../lib/gcc/arm-none-eabi/6.3.1/../../../../arm-none-eabi/lib/thumb/v8-m.base\libc_nano.a(lib_a-reent.o)
                0x200023d8                errno
                0x200023dc                . = ALIGN (0x4)
                0x200023dc                _ebss = .
                0x200023dc                _ezero = .

.heap           0x200023dc      0x204 load address 0x00003c20
                0x200023e0                . = ALIGN (0x8)
 *fill*         0x200023dc        0x4 
                0x200023e0                _sheap = .
                0x200025e0                . = (. + HEAP_SIZE)
 *fill*         0x200023e0      0x200 
                0x200025e0                . = ALIGN (0x8)
                0x200025e0                _eheap = .

.stack          0x200025e0      0x400 load address 0x00003e24
                0x200025e0                . = ALIGN (0x8)
                0x200025e0                _sstack = .
                0x200029e0                . = (. + STACK_SIZE)
 *fill*         0x200025e0      0x400 
                0x200029e0                . = ALIGN (0x8)
                0x200029e0                _estack = .
                0x200029e0                . = ALIGN (0x4)
                0x200029e0                _end = .
                0x20003f7f                _ram_end_ = ((ORIGIN (ram) + LENGTH (ram)) - 0x1)

.userRowBlock   0x00804000       0x20
 *(.userrowsec)
 .userrowsec    0x00804000       0x20 trustzone/trustzone_manager.o
                0x00804000                nvm_user_row
OUTPUT(test_AES.elf elf32-littlearm)

.eh_frame       0x00804020        0x0
 .eh_frame      0x00804020        0x0 c:/program files (x86)/atmel/studio/7.0/toolchain/arm/arm-gnu-toolchain/bin/../lib/gcc/arm-none-eabi/6.3.1/thumb/v8-m.base/crtbegin.o

.jcr            0x00804020        0x0
 .jcr           0x00804020        0x0 c:/program files (x86)/atmel/studio/7.0/toolchain/arm/arm-gnu-toolchain/bin/../lib/gcc/arm-none-eabi/6.3.1/thumb/v8-m.base/crtbegin.o

.igot.plt       0x00001844        0x0 load address 0x00804020
 .igot.plt      0x00001844        0x0 c:/program files (x86)/atmel/studio/7.0/toolchain/arm/arm-gnu-toolchain/bin/../lib/gcc/arm-none-eabi/6.3.1/thumb/v8-m.base/crtbegin.o

.ARM.attributes
                0x00000000       0x2c
 .ARM.attributes
                0x00000000       0x22 c:/program files (x86)/atmel/studio/7.0/toolchain/arm/arm-gnu-toolchain/bin/../lib/gcc/arm-none-eabi/6.3.1/thumb/v8-m.base/crti.o
 .ARM.attributes
                0x00000022       0x30 c:/program files (x86)/atmel/studio/7.0/toolchain/arm/arm-gnu-toolchain/bin/../lib/gcc/arm-none-eabi/6.3.1/thumb/v8-m.base/crtbegin.o
 .ARM.attributes
                0x00000052       0x2e aes.o
 .ARM.attributes
                0x00000080       0x2e atmel_start.o
 .ARM.attributes
                0x000000ae       0x2e cmac/cmac.o
 .ARM.attributes
                0x000000dc       0x2e cmac/utils.o
 .ARM.attributes
                0x0000010a       0x2e Device_Startup/startup_saml11e16a.o
 .ARM.attributes
                0x00000138       0x2e driver_init.o
 .ARM.attributes
                0x00000166       0x2e hal/src/hal_delay.o
 .ARM.attributes
                0x00000194       0x2e hal/utils/src/utils_syscalls.o
 .ARM.attributes
                0x000001c2       0x2e hpl/core/hpl_init.o
 .ARM.attributes
                0x000001f0       0x2e hpl/gclk/hpl_gclk.o
 .ARM.attributes
                0x0000021e       0x2e hpl/mclk/hpl_mclk.o
 .ARM.attributes
                0x0000024c       0x2e hpl/osc32kctrl/hpl_osc32kctrl.o
 .ARM.attributes
                0x0000027a       0x2e hpl/oscctrl/hpl_oscctrl.o
 .ARM.attributes
                0x000002a8       0x2e hpl/pm/hpl_pm.o
 .ARM.attributes
                0x000002d6       0x2e hpl/systick/hpl_systick.o
 .ARM.attributes
                0x00000304       0x2e main.o
 .ARM.attributes
                0x00000332       0x2e mbedtls/aes.o
 .ARM.attributes
                0x00000360       0x2e trustzone/trustzone_manager.o
 .ARM.attributes
                0x0000038e       0x30 c:/program files (x86)/atmel/studio/7.0/toolchain/arm/arm-gnu-toolchain/bin/../lib/gcc/arm-none-eabi/6.3.1/../../../../arm-none-eabi/lib/thumb/v8-m.base\libc_nano.a(lib_a-findfp.o)
 .ARM.attributes
                0x000003be       0x30 c:/program files (x86)/atmel/studio/7.0/toolchain/arm/arm-gnu-toolchain/bin/../lib/gcc/arm-none-eabi/6.3.1/../../../../arm-none-eabi/lib/thumb/v8-m.base\libc_nano.a(lib_a-impure.o)
 .ARM.attributes
                0x000003ee       0x30 c:/program files (x86)/atmel/studio/7.0/toolchain/arm/arm-gnu-toolchain/bin/../lib/gcc/arm-none-eabi/6.3.1/../../../../arm-none-eabi/lib/thumb/v8-m.base\libc_nano.a(lib_a-init.o)
 .ARM.attributes
                0x0000041e       0x30 c:/program files (x86)/atmel/studio/7.0/toolchain/arm/arm-gnu-toolchain/bin/../lib/gcc/arm-none-eabi/6.3.1/../../../../arm-none-eabi/lib/thumb/v8-m.base\libc_nano.a(lib_a-malloc.o)
 .ARM.attributes
                0x0000044e       0x30 c:/program files (x86)/atmel/studio/7.0/toolchain/arm/arm-gnu-toolchain/bin/../lib/gcc/arm-none-eabi/6.3.1/../../../../arm-none-eabi/lib/thumb/v8-m.base\libc_nano.a(lib_a-memcpy-stub.o)
 .ARM.attributes
                0x0000047e       0x30 c:/program files (x86)/atmel/studio/7.0/toolchain/arm/arm-gnu-toolchain/bin/../lib/gcc/arm-none-eabi/6.3.1/../../../../arm-none-eabi/lib/thumb/v8-m.base\libc_nano.a(lib_a-memset.o)
 .ARM.attributes
                0x000004ae       0x30 c:/program files (x86)/atmel/studio/7.0/toolchain/arm/arm-gnu-toolchain/bin/../lib/gcc/arm-none-eabi/6.3.1/../../../../arm-none-eabi/lib/thumb/v8-m.base\libc_nano.a(lib_a-nano-freer.o)
 .ARM.attributes
                0x000004de       0x30 c:/program files (x86)/atmel/studio/7.0/toolchain/arm/arm-gnu-toolchain/bin/../lib/gcc/arm-none-eabi/6.3.1/../../../../arm-none-eabi/lib/thumb/v8-m.base\libc_nano.a(lib_a-nano-mallocr.o)
 .ARM.attributes
                0x0000050e       0x30 c:/program files (x86)/atmel/studio/7.0/toolchain/arm/arm-gnu-toolchain/bin/../lib/gcc/arm-none-eabi/6.3.1/../../../../arm-none-eabi/lib/thumb/v8-m.base\libc_nano.a(lib_a-reent.o)
 .ARM.attributes
                0x0000053e       0x30 c:/program files (x86)/atmel/studio/7.0/toolchain/arm/arm-gnu-toolchain/bin/../lib/gcc/arm-none-eabi/6.3.1/../../../../arm-none-eabi/lib/thumb/v8-m.base\libc_nano.a(lib_a-sbrkr.o)
 .ARM.attributes
                0x0000056e       0x1c c:/program files (x86)/atmel/studio/7.0/toolchain/arm/arm-gnu-toolchain/bin/../lib/gcc/arm-none-eabi/6.3.1/../../../../arm-none-eabi/lib/thumb/v8-m.base\libc_nano.a(lib_a-strlen.o)
 .ARM.attributes
                0x0000058a       0x30 c:/program files (x86)/atmel/studio/7.0/toolchain/arm/arm-gnu-toolchain/bin/../lib/gcc/arm-none-eabi/6.3.1/../../../../arm-none-eabi/lib/thumb/v8-m.base\libc_nano.a(lib_a-mlock.o)
 .ARM.attributes
                0x000005ba       0x22 c:/program files (x86)/atmel/studio/7.0/toolchain/arm/arm-gnu-toolchain/bin/../lib/gcc/arm-none-eabi/6.3.1/thumb/v8-m.base/crtn.o

.comment        0x00000000       0x59
 .comment       0x00000000       0x59 aes.o
                                 0x5a (size before relaxing)
 .comment       0x00000059       0x5a atmel_start.o
 .comment       0x00000059       0x5a cmac/cmac.o
 .comment       0x00000059       0x5a cmac/utils.o
 .comment       0x00000059       0x5a Device_Startup/startup_saml11e16a.o
 .comment       0x00000059       0x5a driver_init.o
 .comment       0x00000059       0x5a hal/src/hal_delay.o
 .comment       0x00000059       0x5a hal/utils/src/utils_syscalls.o
 .comment       0x00000059       0x5a hpl/core/hpl_init.o
 .comment       0x00000059       0x5a hpl/gclk/hpl_gclk.o
 .comment       0x00000059       0x5a hpl/mclk/hpl_mclk.o
 .comment       0x00000059       0x5a hpl/osc32kctrl/hpl_osc32kctrl.o
 .comment       0x00000059       0x5a hpl/oscctrl/hpl_oscctrl.o
 .comment       0x00000059       0x5a hpl/pm/hpl_pm.o
 .comment       0x00000059       0x5a hpl/systick/hpl_systick.o
 .comment       0x00000059       0x5a main.o
 .comment       0x00000059       0x5a mbedtls/aes.o
 .comment       0x00000059       0x5a trustzone/trustzone_manager.o

.debug_info     0x00000000     0xe528
 .debug_info    0x00000000     0x1820 aes.o
 .debug_info    0x00001820      0xb2b atmel_start.o
 .debug_info    0x0000234b     0x11da cmac/cmac.o
 .debug_info    0x00003525     0x1277 cmac/utils.o
 .debug_info    0x0000479c      0x5f4 Device_Startup/startup_saml11e16a.o
 .debug_info    0x00004d90     0x100c driver_init.o
 .debug_info    0x00005d9c      0x1dc hal/src/hal_delay.o
 .debug_info    0x00005f78      0xdc8 hal/utils/src/utils_syscalls.o
 .debug_info    0x00006d40      0xc29 hpl/core/hpl_init.o
 .debug_info    0x00007969      0x531 hpl/gclk/hpl_gclk.o
 .debug_info    0x00007e9a      0x6fa hpl/mclk/hpl_mclk.o
 .debug_info    0x00008594      0x6d1 hpl/osc32kctrl/hpl_osc32kctrl.o
 .debug_info    0x00008c65      0xf09 hpl/oscctrl/hpl_oscctrl.o
 .debug_info    0x00009b6e      0x775 hpl/pm/hpl_pm.o
 .debug_info    0x0000a2e3      0x269 hpl/systick/hpl_systick.o
 .debug_info    0x0000a54c     0x207c main.o
 .debug_info    0x0000c5c8     0x1ea2 mbedtls/aes.o
 .debug_info    0x0000e46a       0xbe trustzone/trustzone_manager.o

.debug_abbrev   0x00000000     0x24be
 .debug_abbrev  0x00000000      0x2e8 aes.o
 .debug_abbrev  0x000002e8      0x187 atmel_start.o
 .debug_abbrev  0x0000046f      0x2d9 cmac/cmac.o
 .debug_abbrev  0x00000748      0x28b cmac/utils.o
 .debug_abbrev  0x000009d3      0x14f Device_Startup/startup_saml11e16a.o
 .debug_abbrev  0x00000b22      0x2a4 driver_init.o
 .debug_abbrev  0x00000dc6       0xe1 hal/src/hal_delay.o
 .debug_abbrev  0x00000ea7      0x25a hal/utils/src/utils_syscalls.o
 .debug_abbrev  0x00001101      0x1d9 hpl/core/hpl_init.o
 .debug_abbrev  0x000012da      0x184 hpl/gclk/hpl_gclk.o
 .debug_abbrev  0x0000145e      0x197 hpl/mclk/hpl_mclk.o
 .debug_abbrev  0x000015f5      0x1f2 hpl/osc32kctrl/hpl_osc32kctrl.o
 .debug_abbrev  0x000017e7      0x1dc hpl/oscctrl/hpl_oscctrl.o
 .debug_abbrev  0x000019c3      0x255 hpl/pm/hpl_pm.o
 .debug_abbrev  0x00001c18      0x185 hpl/systick/hpl_systick.o
 .debug_abbrev  0x00001d9d      0x2fa main.o
 .debug_abbrev  0x00002097      0x3b6 mbedtls/aes.o
 .debug_abbrev  0x0000244d       0x71 trustzone/trustzone_manager.o

.debug_loc      0x00000000     0x4eb5
 .debug_loc     0x00000000      0xf7c aes.o
 .debug_loc     0x00000f7c       0x20 atmel_start.o
 .debug_loc     0x00000f9c      0x488 cmac/cmac.o
 .debug_loc     0x00001424      0x31b cmac/utils.o
 .debug_loc     0x0000173f       0x63 Device_Startup/startup_saml11e16a.o
 .debug_loc     0x000017a2      0x190 driver_init.o
 .debug_loc     0x00001932       0xc3 hal/src/hal_delay.o
 .debug_loc     0x000019f5      0x11d hal/utils/src/utils_syscalls.o
 .debug_loc     0x00001b12       0x4c hpl/core/hpl_init.o
 .debug_loc     0x00001b5e       0x71 hpl/gclk/hpl_gclk.o
 .debug_loc     0x00001bcf       0x2c hpl/mclk/hpl_mclk.o
 .debug_loc     0x00001bfb       0x94 hpl/osc32kctrl/hpl_osc32kctrl.o
 .debug_loc     0x00001c8f       0x30 hpl/oscctrl/hpl_oscctrl.o
 .debug_loc     0x00001cbf      0x14e hpl/pm/hpl_pm.o
 .debug_loc     0x00001e0d       0xfe hpl/systick/hpl_systick.o
 .debug_loc     0x00001f0b       0x4d main.o
 .debug_loc     0x00001f58     0x2f5d mbedtls/aes.o

.debug_aranges  0x00000000      0x428
 .debug_aranges
                0x00000000       0xb0 aes.o
 .debug_aranges
                0x000000b0       0x20 atmel_start.o
 .debug_aranges
                0x000000d0       0x38 cmac/cmac.o
 .debug_aranges
                0x00000108       0x38 cmac/utils.o
 .debug_aranges
                0x00000140       0x28 Device_Startup/startup_saml11e16a.o
 .debug_aranges
                0x00000168       0x28 driver_init.o
 .debug_aranges
                0x00000190       0x38 hal/src/hal_delay.o
 .debug_aranges
                0x000001c8       0x60 hal/utils/src/utils_syscalls.o
 .debug_aranges
                0x00000228       0x20 hpl/core/hpl_init.o
 .debug_aranges
                0x00000248       0x28 hpl/gclk/hpl_gclk.o
 .debug_aranges
                0x00000270       0x20 hpl/mclk/hpl_mclk.o
 .debug_aranges
                0x00000290       0x20 hpl/osc32kctrl/hpl_osc32kctrl.o
 .debug_aranges
                0x000002b0       0x28 hpl/oscctrl/hpl_oscctrl.o
 .debug_aranges
                0x000002d8       0x30 hpl/pm/hpl_pm.o
 .debug_aranges
                0x00000308       0x40 hpl/systick/hpl_systick.o
 .debug_aranges
                0x00000348       0x40 main.o
 .debug_aranges
                0x00000388       0x88 mbedtls/aes.o
 .debug_aranges
                0x00000410       0x18 trustzone/trustzone_manager.o

.debug_ranges   0x00000000      0x6d8
 .debug_ranges  0x00000000      0x2d0 aes.o
 .debug_ranges  0x000002d0       0x28 atmel_start.o
 .debug_ranges  0x000002f8       0x58 cmac/cmac.o
 .debug_ranges  0x00000350       0x70 cmac/utils.o
 .debug_ranges  0x000003c0       0x18 Device_Startup/startup_saml11e16a.o
 .debug_ranges  0x000003d8       0x80 driver_init.o
 .debug_ranges  0x00000458       0x28 hal/src/hal_delay.o
 .debug_ranges  0x00000480       0x50 hal/utils/src/utils_syscalls.o
 .debug_ranges  0x000004d0       0x30 hpl/core/hpl_init.o
 .debug_ranges  0x00000500       0x18 hpl/gclk/hpl_gclk.o
 .debug_ranges  0x00000518       0x28 hpl/mclk/hpl_mclk.o
 .debug_ranges  0x00000540       0x28 hpl/osc32kctrl/hpl_osc32kctrl.o
 .debug_ranges  0x00000568       0x30 hpl/oscctrl/hpl_oscctrl.o
 .debug_ranges  0x00000598       0x38 hpl/pm/hpl_pm.o
 .debug_ranges  0x000005d0       0x48 hpl/systick/hpl_systick.o
 .debug_ranges  0x00000618       0x30 main.o
 .debug_ranges  0x00000648       0x90 mbedtls/aes.o

.debug_macro    0x00000000    0x1a68c
 .debug_macro   0x00000000      0x1f9 aes.o
 .debug_macro   0x000001f9      0x8c8 aes.o
 .debug_macro   0x00000ac1       0x22 aes.o
 .debug_macro   0x00000ae3       0x52 aes.o
 .debug_macro   0x00000b35       0x8d aes.o
 .debug_macro   0x00000bc2       0x35 aes.o
 .debug_macro   0x00000bf7       0x9c aes.o
 .debug_macro   0x00000c93       0x16 aes.o
 .debug_macro   0x00000ca9      0x10e aes.o
 .debug_macro   0x00000db7       0x86 aes.o
 .debug_macro   0x00000e3d       0x57 aes.o
 .debug_macro   0x00000e94       0x58 aes.o
 .debug_macro   0x00000eec       0x1f aes.o
 .debug_macro   0x00000f0b       0x43 aes.o
 .debug_macro   0x00000f4e       0x20 aes.o
 .debug_macro   0x00000f6e      0x187 aes.o
 .debug_macro   0x000010f5      0x353 aes.o
 .debug_macro   0x00001448       0x16 aes.o
 .debug_macro   0x0000145e       0x29 aes.o
 .debug_macro   0x00001487       0x16 aes.o
 .debug_macro   0x0000149d       0x35 aes.o
 .debug_macro   0x000014d2       0x1c aes.o
 .debug_macro   0x000014ee       0x10 aes.o
 .debug_macro   0x000014fe       0x10 aes.o
 .debug_macro   0x0000150e       0x6a aes.o
 .debug_macro   0x00001578       0x1c aes.o
 .debug_macro   0x00001594       0x52 aes.o
 .debug_macro   0x000015e6       0x40 aes.o
 .debug_macro   0x00001626       0x10 aes.o
 .debug_macro   0x00001636       0x40 aes.o
 .debug_macro   0x00001676       0xd7 aes.o
 .debug_macro   0x0000174d       0x16 aes.o
 .debug_macro   0x00001763      0x18b aes.o
 .debug_macro   0x000018ee       0x22 aes.o
 .debug_macro   0x00001910      0x542 atmel_start.o
 .debug_macro   0x00001e52      0x16d atmel_start.o
 .debug_macro   0x00001fbf       0x87 atmel_start.o
 .debug_macro   0x00002046       0x51 atmel_start.o
 .debug_macro   0x00002097       0xef atmel_start.o
 .debug_macro   0x00002186      0x1df atmel_start.o
 .debug_macro   0x00002365       0xde atmel_start.o
 .debug_macro   0x00002443       0x1c atmel_start.o
 .debug_macro   0x0000245f       0x22 atmel_start.o
 .debug_macro   0x00002481       0xb5 atmel_start.o
 .debug_macro   0x00002536      0xaec atmel_start.o
 .debug_macro   0x00003022       0x5e atmel_start.o
 .debug_macro   0x00003080      0x894 atmel_start.o
 .debug_macro   0x00003914      0xb83 atmel_start.o
 .debug_macro   0x00004497      0x3e0 atmel_start.o
 .debug_macro   0x00004877      0x373 atmel_start.o
 .debug_macro   0x00004bea      0xf2c atmel_start.o
 .debug_macro   0x00005b16      0x834 atmel_start.o
 .debug_macro   0x0000634a      0x814 atmel_start.o
 .debug_macro   0x00006b5e      0xbf2 atmel_start.o
 .debug_macro   0x00007750      0x20d atmel_start.o
 .debug_macro   0x0000795d      0x2b1 atmel_start.o
 .debug_macro   0x00007c0e      0x113 atmel_start.o
 .debug_macro   0x00007d21      0x532 atmel_start.o
 .debug_macro   0x00008253      0xfd0 atmel_start.o
 .debug_macro   0x00009223      0x267 atmel_start.o
 .debug_macro   0x0000948a      0xb82 atmel_start.o
 .debug_macro   0x0000a00c      0x370 atmel_start.o
 .debug_macro   0x0000a37c      0xe6d atmel_start.o
 .debug_macro   0x0000b1e9      0x292 atmel_start.o
 .debug_macro   0x0000b47b      0x5b7 atmel_start.o
 .debug_macro   0x0000ba32       0x1c atmel_start.o
 .debug_macro   0x0000ba4e       0x9a atmel_start.o
 .debug_macro   0x0000bae8     0x231e atmel_start.o
 .debug_macro   0x0000de06     0x15b1 atmel_start.o
 .debug_macro   0x0000f3b7      0x9c1 atmel_start.o
 .debug_macro   0x0000fd78      0xbee atmel_start.o
 .debug_macro   0x00010966      0x2b4 atmel_start.o
 .debug_macro   0x00010c1a      0x13d atmel_start.o
 .debug_macro   0x00010d57      0x41d atmel_start.o
 .debug_macro   0x00011174       0x88 atmel_start.o
 .debug_macro   0x000111fc       0xb2 atmel_start.o
 .debug_macro   0x000112ae       0x46 atmel_start.o
 .debug_macro   0x000112f4       0x5e atmel_start.o
 .debug_macro   0x00011352       0xdc atmel_start.o
 .debug_macro   0x0001142e       0xe8 atmel_start.o
 .debug_macro   0x00011516       0x94 atmel_start.o
 .debug_macro   0x000115aa      0x2a2 atmel_start.o
 .debug_macro   0x0001184c       0x52 atmel_start.o
 .debug_macro   0x0001189e       0xf4 atmel_start.o
 .debug_macro   0x00011992       0xbe atmel_start.o
 .debug_macro   0x00011a50       0x52 atmel_start.o
 .debug_macro   0x00011aa2       0xe2 atmel_start.o
 .debug_macro   0x00011b84       0x3a atmel_start.o
 .debug_macro   0x00011bbe       0xb8 atmel_start.o
 .debug_macro   0x00011c76       0x4c atmel_start.o
 .debug_macro   0x00011cc2       0x82 atmel_start.o
 .debug_macro   0x00011d44       0x46 atmel_start.o
 .debug_macro   0x00011d8a       0xb8 atmel_start.o
 .debug_macro   0x00011e42       0x34 atmel_start.o
 .debug_macro   0x00011e76       0x22 atmel_start.o
 .debug_macro   0x00011e98      0x14b atmel_start.o
 .debug_macro   0x00011fe3      0x189 atmel_start.o
 .debug_macro   0x0001216c      0x189 atmel_start.o
 .debug_macro   0x000122f5      0x189 atmel_start.o
 .debug_macro   0x0001247e       0x58 atmel_start.o
 .debug_macro   0x000124d6      0x11f atmel_start.o
 .debug_macro   0x000125f5      0x11f atmel_start.o
 .debug_macro   0x00012714      0x11f atmel_start.o
 .debug_macro   0x00012833      0x209 atmel_start.o
 .debug_macro   0x00012a3c       0x34 atmel_start.o
 .debug_macro   0x00012a70       0x40 atmel_start.o
 .debug_macro   0x00012ab0      0x38b atmel_start.o
 .debug_macro   0x00012e3b     0x1884 atmel_start.o
 .debug_macro   0x000146bf      0x31b atmel_start.o
 .debug_macro   0x000149da       0x10 atmel_start.o
 .debug_macro   0x000149ea       0x10 atmel_start.o
 .debug_macro   0x000149fa       0x16 atmel_start.o
 .debug_macro   0x00014a10       0x16 atmel_start.o
 .debug_macro   0x00014a26       0x16 atmel_start.o
 .debug_macro   0x00014a3c       0x16 atmel_start.o
 .debug_macro   0x00014a52       0x16 atmel_start.o
 .debug_macro   0x00014a68       0x16 atmel_start.o
 .debug_macro   0x00014a7e       0x16 atmel_start.o
 .debug_macro   0x00014a94       0x16 atmel_start.o
 .debug_macro   0x00014aaa       0x16 atmel_start.o
 .debug_macro   0x00014ac0       0x16 atmel_start.o
 .debug_macro   0x00014ad6       0x16 atmel_start.o
 .debug_macro   0x00014aec       0x16 atmel_start.o
 .debug_macro   0x00014b02       0x16 atmel_start.o
 .debug_macro   0x00014b18       0x16 atmel_start.o
 .debug_macro   0x00014b2e       0x16 atmel_start.o
 .debug_macro   0x00014b44       0x16 atmel_start.o
 .debug_macro   0x00014b5a       0x16 atmel_start.o
 .debug_macro   0x00014b70       0x16 atmel_start.o
 .debug_macro   0x00014b86       0x16 atmel_start.o
 .debug_macro   0x00014b9c       0x16 atmel_start.o
 .debug_macro   0x00014bb2       0x16 atmel_start.o
 .debug_macro   0x00014bc8       0x16 atmel_start.o
 .debug_macro   0x00014bde       0x16 atmel_start.o
 .debug_macro   0x00014bf4       0x16 atmel_start.o
 .debug_macro   0x00014c0a       0x16 atmel_start.o
 .debug_macro   0x00014c20       0xca atmel_start.o
 .debug_macro   0x00014cea       0x1c atmel_start.o
 .debug_macro   0x00014d06       0x16 atmel_start.o
 .debug_macro   0x00014d1c       0x10 atmel_start.o
 .debug_macro   0x00014d2c       0x40 atmel_start.o
 .debug_macro   0x00014d6c       0x40 atmel_start.o
 .debug_macro   0x00014dac       0x64 atmel_start.o
 .debug_macro   0x00014e10      0x41b atmel_start.o
 .debug_macro   0x0001522b      0x297 cmac/cmac.o
 .debug_macro   0x000154c2       0x10 cmac/cmac.o
 .debug_macro   0x000154d2       0x1c cmac/cmac.o
 .debug_macro   0x000154ee       0x10 cmac/cmac.o
 .debug_macro   0x000154fe       0x2e cmac/cmac.o
 .debug_macro   0x0001552c      0x383 cmac/cmac.o
 .debug_macro   0x000158af       0x2b cmac/cmac.o
 .debug_macro   0x000158da      0x118 cmac/cmac.o
 .debug_macro   0x000159f2       0x12 cmac/cmac.o
 .debug_macro   0x00015a04       0x22 cmac/cmac.o
 .debug_macro   0x00015a26      0x20e cmac/utils.o
 .debug_macro   0x00015c34       0x16 cmac/utils.o
 .debug_macro   0x00015c4a       0x97 cmac/utils.o
 .debug_macro   0x00015ce1       0xf6 cmac/utils.o
 .debug_macro   0x00015dd7      0x324 Device_Startup/startup_saml11e16a.o
 .debug_macro   0x000160fb       0xd8 Device_Startup/startup_saml11e16a.o
 .debug_macro   0x000161d3      0x51c driver_init.o
 .debug_macro   0x000166ef       0x10 driver_init.o
 .debug_macro   0x000166ff       0xc9 driver_init.o
 .debug_macro   0x000167c8      0x49c hal/src/hal_delay.o
 .debug_macro   0x00016c64      0x1d6 hal/utils/src/utils_syscalls.o
 .debug_macro   0x00016e3a       0x4c hal/utils/src/utils_syscalls.o
 .debug_macro   0x00016e86       0x16 hal/utils/src/utils_syscalls.o
 .debug_macro   0x00016e9c       0x10 hal/utils/src/utils_syscalls.o
 .debug_macro   0x00016eac       0x10 hal/utils/src/utils_syscalls.o
 .debug_macro   0x00016ebc       0x35 hal/utils/src/utils_syscalls.o
 .debug_macro   0x00016ef1      0x122 hal/utils/src/utils_syscalls.o
 .debug_macro   0x00017013      0x4df hpl/core/hpl_init.o
 .debug_macro   0x000174f2       0x22 hpl/core/hpl_init.o
 .debug_macro   0x00017514      0x3f2 hpl/core/hpl_init.o
 .debug_macro   0x00017906      0x486 hpl/gclk/hpl_gclk.o
 .debug_macro   0x00017d8c      0x137 hpl/gclk/hpl_gclk.o
 .debug_macro   0x00017ec3      0x47c hpl/mclk/hpl_mclk.o
 .debug_macro   0x0001833f      0x477 hpl/osc32kctrl/hpl_osc32kctrl.o
 .debug_macro   0x000187b6       0x80 hpl/osc32kctrl/hpl_osc32kctrl.o
 .debug_macro   0x00018836      0x48f hpl/oscctrl/hpl_oscctrl.o
 .debug_macro   0x00018cc5      0x145 hpl/oscctrl/hpl_oscctrl.o
 .debug_macro   0x00018e0a      0x482 hpl/pm/hpl_pm.o
 .debug_macro   0x0001928c      0x477 hpl/systick/hpl_systick.o
 .debug_macro   0x00019703       0x10 hpl/systick/hpl_systick.o
 .debug_macro   0x00019713      0x626 main.o
 .debug_macro   0x00019d39      0x37a mbedtls/aes.o
 .debug_macro   0x0001a0b3       0x25 mbedtls/aes.o
 .debug_macro   0x0001a0d8       0x10 mbedtls/aes.o
 .debug_macro   0x0001a0e8       0x10 mbedtls/aes.o
 .debug_macro   0x0001a0f8       0x10 mbedtls/aes.o
 .debug_macro   0x0001a108       0x91 mbedtls/aes.o
 .debug_macro   0x0001a199       0x1c mbedtls/aes.o
 .debug_macro   0x0001a1b5       0x22 mbedtls/aes.o
 .debug_macro   0x0001a1d7       0x10 mbedtls/aes.o
 .debug_macro   0x0001a1e7       0x16 mbedtls/aes.o
 .debug_macro   0x0001a1fd      0x48f trustzone/trustzone_manager.o

.debug_line     0x00000000     0xa1b5
 .debug_line    0x00000000      0x692 aes.o
 .debug_line    0x00000692      0xab5 atmel_start.o
 .debug_line    0x00001147      0x5a0 cmac/cmac.o
 .debug_line    0x000016e7      0x4ec cmac/utils.o
 .debug_line    0x00001bd3      0x705 Device_Startup/startup_saml11e16a.o
 .debug_line    0x000022d8      0xaa7 driver_init.o
 .debug_line    0x00002d7f      0x9bc hal/src/hal_delay.o
 .debug_line    0x0000373b      0x40e hal/utils/src/utils_syscalls.o
 .debug_line    0x00003b49      0xa38 hpl/core/hpl_init.o
 .debug_line    0x00004581      0x9a6 hpl/gclk/hpl_gclk.o
 .debug_line    0x00004f27      0x989 hpl/mclk/hpl_mclk.o
 .debug_line    0x000058b0      0x9a1 hpl/osc32kctrl/hpl_osc32kctrl.o
 .debug_line    0x00006251      0x9e9 hpl/oscctrl/hpl_oscctrl.o
 .debug_line    0x00006c3a      0x9d0 hpl/pm/hpl_pm.o
 .debug_line    0x0000760a      0x9e7 hpl/systick/hpl_systick.o
 .debug_line    0x00007ff1      0xbc7 main.o
 .debug_line    0x00008bb8      0xc8b mbedtls/aes.o
 .debug_line    0x00009843      0x972 trustzone/trustzone_manager.o

.debug_str      0x00000000    0x8d190
 .debug_str     0x00000000     0x6c73 aes.o
                               0x6e82 (size before relaxing)
 .debug_str     0x00006c73    0x7fd3e atmel_start.o
                              0x82f34 (size before relaxing)
 .debug_str     0x000869b1     0x1326 cmac/cmac.o
                               0x8afd (size before relaxing)
 .debug_str     0x00087cd7      0x14a cmac/utils.o
                               0x6f6f (size before relaxing)
 .debug_str     0x00087e21      0x519 Device_Startup/startup_saml11e16a.o
                              0x7f0d4 (size before relaxing)
 .debug_str     0x0008833a      0x727 driver_init.o
                              0x80a9e (size before relaxing)
 .debug_str     0x00088a61       0xc1 hal/src/hal_delay.o
                              0x7fc68 (size before relaxing)
 .debug_str     0x00088b22      0x74f hal/utils/src/utils_syscalls.o
                               0x73f5 (size before relaxing)
 .debug_str     0x00089271     0x10d0 hpl/core/hpl_init.o
                              0x80e68 (size before relaxing)
 .debug_str     0x0008a341      0x633 hpl/gclk/hpl_gclk.o
                              0x8027e (size before relaxing)
 .debug_str     0x0008a974      0x1f8 hpl/mclk/hpl_mclk.o
                              0x7fe5d (size before relaxing)
 .debug_str     0x0008ab6c      0x46d hpl/osc32kctrl/hpl_osc32kctrl.o
                              0x80065 (size before relaxing)
 .debug_str     0x0008afd9      0x8ae hpl/oscctrl/hpl_oscctrl.o
                              0x80606 (size before relaxing)
 .debug_str     0x0008b887      0x29a hpl/pm/hpl_pm.o
                              0x7fec0 (size before relaxing)
 .debug_str     0x0008bb21       0xcd hpl/systick/hpl_systick.o
                              0x7fc56 (size before relaxing)
 .debug_str     0x0008bbee      0x3bc main.o
                              0x85e03 (size before relaxing)
 .debug_str     0x0008bfaa     0x11b8 mbedtls/aes.o
                               0x9c05 (size before relaxing)
 .debug_str     0x0008d162       0x2e trustzone/trustzone_manager.o
                              0x8275a (size before relaxing)

.debug_frame    0x00000000      0xbe0
 .debug_frame   0x00000000      0x280 aes.o
 .debug_frame   0x00000280       0x28 atmel_start.o
 .debug_frame   0x000002a8       0x8c cmac/cmac.o
 .debug_frame   0x00000334       0x84 cmac/utils.o
 .debug_frame   0x000003b8       0x38 Device_Startup/startup_saml11e16a.o
 .debug_frame   0x000003f0       0x40 driver_init.o
 .debug_frame   0x00000430       0x68 hal/src/hal_delay.o
 .debug_frame   0x00000498       0xa8 hal/utils/src/utils_syscalls.o
 .debug_frame   0x00000540       0x28 hpl/core/hpl_init.o
 .debug_frame   0x00000568       0x30 hpl/gclk/hpl_gclk.o
 .debug_frame   0x00000598       0x20 hpl/mclk/hpl_mclk.o
 .debug_frame   0x000005b8       0x20 hpl/osc32kctrl/hpl_osc32kctrl.o
 .debug_frame   0x000005d8       0x30 hpl/oscctrl/hpl_oscctrl.o
 .debug_frame   0x00000608       0x40 hpl/pm/hpl_pm.o
 .debug_frame   0x00000648       0x7c hpl/systick/hpl_systick.o
 .debug_frame   0x000006c4       0x6c main.o
 .debug_frame   0x00000730      0x1c0 mbedtls/aes.o
 .debug_frame   0x000008f0      0x140 c:/program files (x86)/atmel/studio/7.0/toolchain/arm/arm-gnu-toolchain/bin/../lib/gcc/arm-none-eabi/6.3.1/../../../../arm-none-eabi/lib/thumb/v8-m.base\libc_nano.a(lib_a-findfp.o)
 .debug_frame   0x00000a30       0x2c c:/program files (x86)/atmel/studio/7.0/toolchain/arm/arm-gnu-toolchain/bin/../lib/gcc/arm-none-eabi/6.3.1/../../../../arm-none-eabi/lib/thumb/v8-m.base\libc_nano.a(lib_a-init.o)
 .debug_frame   0x00000a5c       0x40 c:/program files (x86)/atmel/studio/7.0/toolchain/arm/arm-gnu-toolchain/bin/../lib/gcc/arm-none-eabi/6.3.1/../../../../arm-none-eabi/lib/thumb/v8-m.base\libc_nano.a(lib_a-malloc.o)
 .debug_frame   0x00000a9c       0x28 c:/program files (x86)/atmel/studio/7.0/toolchain/arm/arm-gnu-toolchain/bin/../lib/gcc/arm-none-eabi/6.3.1/../../../../arm-none-eabi/lib/thumb/v8-m.base\libc_nano.a(lib_a-memcpy-stub.o)
 .debug_frame   0x00000ac4       0x20 c:/program files (x86)/atmel/studio/7.0/toolchain/arm/arm-gnu-toolchain/bin/../lib/gcc/arm-none-eabi/6.3.1/../../../../arm-none-eabi/lib/thumb/v8-m.base\libc_nano.a(lib_a-memset.o)
 .debug_frame   0x00000ae4       0x2c c:/program files (x86)/atmel/studio/7.0/toolchain/arm/arm-gnu-toolchain/bin/../lib/gcc/arm-none-eabi/6.3.1/../../../../arm-none-eabi/lib/thumb/v8-m.base\libc_nano.a(lib_a-nano-freer.o)
 .debug_frame   0x00000b10       0x2c c:/program files (x86)/atmel/studio/7.0/toolchain/arm/arm-gnu-toolchain/bin/../lib/gcc/arm-none-eabi/6.3.1/../../../../arm-none-eabi/lib/thumb/v8-m.base\libc_nano.a(lib_a-nano-mallocr.o)
 .debug_frame   0x00000b3c       0x48 c:/program files (x86)/atmel/studio/7.0/toolchain/arm/arm-gnu-toolchain/bin/../lib/gcc/arm-none-eabi/6.3.1/../../../../arm-none-eabi/lib/thumb/v8-m.base\libc_nano.a(lib_a-reent.o)
 .debug_frame   0x00000b84       0x2c c:/program files (x86)/atmel/studio/7.0/toolchain/arm/arm-gnu-toolchain/bin/../lib/gcc/arm-none-eabi/6.3.1/../../../../arm-none-eabi/lib/thumb/v8-m.base\libc_nano.a(lib_a-sbrkr.o)
 .debug_frame   0x00000bb0       0x30 c:/program files (x86)/atmel/studio/7.0/toolchain/arm/arm-gnu-toolchain/bin/../lib/gcc/arm-none-eabi/6.3.1/../../../../arm-none-eabi/lib/thumb/v8-m.base\libc_nano.a(lib_a-mlock.o)

.stabstr        0x00000000       0xa6
 .stabstr       0x00000000       0xa6 c:/program files (x86)/atmel/studio/7.0/toolchain/arm/arm-gnu-toolchain/bin/../lib/gcc/arm-none-eabi/6.3.1/../../../../arm-none-eabi/lib/thumb/v8-m.base\libnosys.a(open.o)
