<html>
<body>
<pre>
<h1>µVision Build Log</h1>
<h2>Tool Versions:</h2>
IDE-Version: µVision V5.38.0.0
Copyright (C) 2022 ARM Ltd and ARM Germany GmbH. All rights reserved.
License Information: Shambhavi Kuthe, Virginia Tech, LIC=----
 
Tool Versions:
Toolchain:       MDK-Lite  Version: 5.38.0.0
Toolchain Path:  C:\Keil_v5\ARM\ARM_Compiler_5.06u7\Bin
C Compiler:      Armcc.exe V5.06 update 7 (build 960)
Assembler:       Armasm.exe V5.06 update 7 (build 960)
Linker/Locator:  ArmLink.exe V5.06 update 7 (build 960)
Library Manager: ArmAr.exe V5.06 update 7 (build 960)
Hex Converter:   FromElf.exe V5.06 update 7 (build 960)
CPU DLL:         SARMCM3.DLL V5.38.0.0
Dialog DLL:      DCM.DLL V1.17.5.0
Target DLL:      Segger\JL2CM3.dll V2.99.42.0
Dialog DLL:      TCM.DLL V1.56.4.0
 
<h2>Project:</h2>
D:\AmbiqSuiteSDK-master\boards\apollo3_evb\examples\EnergyHarvestingTestCode\keil\binary_counter.uvprojx
Project File Date:  07/11/2023

<h2>Output:</h2>
*** Using Compiler 'V5.06 update 7 (build 960)', folder: 'C:\Keil_v5\ARM\ARM_Compiler_5.06u7\Bin'
Build target 'binary_counter'
compiling startup_keil.s...
compiling binary_counter.c...
linking...
Program Size: Code=11888 RO-data=1408 RW-data=156 ZI-data=6956  
After Build - User command #1: fromelf --bin --output bin\binary_counter.bin bin\binary_counter.axf
After Build - User command #2: fromelf -cedrst --output bin\binary_counter.txt bin\binary_counter.axf
".\bin\binary_counter.axf" - 0 Error(s), 0 Warning(s).

<h2>Software Packages used:</h2>

Package Vendor: AmbiqMicro
                https://download.ambiq.com/packs/AmbiqMicro.Apollo_DFP.1.3.0.pack
                AmbiqMicro.Apollo_DFP.1.3.0
                Ambiq Apollo Series Device Support

<h2>Collection of Component include folders:</h2>
  C:/Users/kuthe/AppData/Local/Arm/Packs/AmbiqMicro/Apollo_DFP/1.3.0/Device/Include

<h2>Collection of Component Files used:</h2>
Build Time Elapsed:  00:00:02
</pre>
</body>
</html>
