<?xml version="1.0" encoding="ISO-8859-1" ?>
<link_info>
   <banner>MSP430 Linker Unix v21.6.0.LTS</banner>
   <copyright>Copyright (c) 2003-2018 Texas Instruments Incorporated</copyright>
   <link_time>0x636bc6ae</link_time>
   <link_errors>0x0</link_errors>
   <output_file>EmbeddedCrypto_MSP430F5529LP.out</output_file>
   <entry_point>
      <name>_c_int00_noargs</name>
      <address>0x4400</address>
   </entry_point>
   <input_file_list>
      <input_file id="fl-1">
         <path>./ecc/</path>
         <kind>object</kind>
         <file>main.obj</file>
         <name>main.obj</name>
      </input_file>
      <input_file id="fl-2">
         <path>./ecc/tiny_ecc/</path>
         <kind>object</kind>
         <file>ecdh.obj</file>
         <name>ecdh.obj</name>
      </input_file>
      <input_file id="fl-8">
         <kind>object</kind>
         <file>&lt;internal&gt;</file>
         <name>&lt;internal&gt;</name>
      </input_file>
      <input_file id="fl-23">
         <path>/Applications/ti/ccs1210/ccs/tools/compiler/ti-cgt-msp430_21.6.0.LTS/lib/</path>
         <kind>archive</kind>
         <file>rts430x_lc_rd_eabi.lib</file>
         <name>div16s.asm.obj</name>
      </input_file>
      <input_file id="fl-24">
         <path>/Applications/ti/ccs1210/ccs/tools/compiler/ti-cgt-msp430_21.6.0.LTS/lib/</path>
         <kind>archive</kind>
         <file>rts430x_lc_rd_eabi.lib</file>
         <name>div16u.asm.obj</name>
      </input_file>
      <input_file id="fl-25">
         <path>/Applications/ti/ccs1210/ccs/tools/compiler/ti-cgt-msp430_21.6.0.LTS/lib/</path>
         <kind>archive</kind>
         <file>rts430x_lc_rd_eabi.lib</file>
         <name>int41.asm.obj</name>
      </input_file>
      <input_file id="fl-26">
         <path>/Applications/ti/ccs1210/ccs/tools/compiler/ti-cgt-msp430_21.6.0.LTS/lib/</path>
         <kind>archive</kind>
         <file>rts430x_lc_rd_eabi.lib</file>
         <name>int42.asm.obj</name>
      </input_file>
      <input_file id="fl-27">
         <path>/Applications/ti/ccs1210/ccs/tools/compiler/ti-cgt-msp430_21.6.0.LTS/lib/</path>
         <kind>archive</kind>
         <file>rts430x_lc_rd_eabi.lib</file>
         <name>int43.asm.obj</name>
      </input_file>
      <input_file id="fl-28">
         <path>/Applications/ti/ccs1210/ccs/tools/compiler/ti-cgt-msp430_21.6.0.LTS/lib/</path>
         <kind>archive</kind>
         <file>rts430x_lc_rd_eabi.lib</file>
         <name>int44.asm.obj</name>
      </input_file>
      <input_file id="fl-29">
         <path>/Applications/ti/ccs1210/ccs/tools/compiler/ti-cgt-msp430_21.6.0.LTS/lib/</path>
         <kind>archive</kind>
         <file>rts430x_lc_rd_eabi.lib</file>
         <name>int45.asm.obj</name>
      </input_file>
      <input_file id="fl-2a">
         <path>/Applications/ti/ccs1210/ccs/tools/compiler/ti-cgt-msp430_21.6.0.LTS/lib/</path>
         <kind>archive</kind>
         <file>rts430x_lc_rd_eabi.lib</file>
         <name>int46.asm.obj</name>
      </input_file>
      <input_file id="fl-2b">
         <path>/Applications/ti/ccs1210/ccs/tools/compiler/ti-cgt-msp430_21.6.0.LTS/lib/</path>
         <kind>archive</kind>
         <file>rts430x_lc_rd_eabi.lib</file>
         <name>int47.asm.obj</name>
      </input_file>
      <input_file id="fl-2c">
         <path>/Applications/ti/ccs1210/ccs/tools/compiler/ti-cgt-msp430_21.6.0.LTS/lib/</path>
         <kind>archive</kind>
         <file>rts430x_lc_rd_eabi.lib</file>
         <name>int48.asm.obj</name>
      </input_file>
      <input_file id="fl-2d">
         <path>/Applications/ti/ccs1210/ccs/tools/compiler/ti-cgt-msp430_21.6.0.LTS/lib/</path>
         <kind>archive</kind>
         <file>rts430x_lc_rd_eabi.lib</file>
         <name>int49.asm.obj</name>
      </input_file>
      <input_file id="fl-2e">
         <path>/Applications/ti/ccs1210/ccs/tools/compiler/ti-cgt-msp430_21.6.0.LTS/lib/</path>
         <kind>archive</kind>
         <file>rts430x_lc_rd_eabi.lib</file>
         <name>int50.asm.obj</name>
      </input_file>
      <input_file id="fl-2f">
         <path>/Applications/ti/ccs1210/ccs/tools/compiler/ti-cgt-msp430_21.6.0.LTS/lib/</path>
         <kind>archive</kind>
         <file>rts430x_lc_rd_eabi.lib</file>
         <name>int51.asm.obj</name>
      </input_file>
      <input_file id="fl-30">
         <path>/Applications/ti/ccs1210/ccs/tools/compiler/ti-cgt-msp430_21.6.0.LTS/lib/</path>
         <kind>archive</kind>
         <file>rts430x_lc_rd_eabi.lib</file>
         <name>int52.asm.obj</name>
      </input_file>
      <input_file id="fl-31">
         <path>/Applications/ti/ccs1210/ccs/tools/compiler/ti-cgt-msp430_21.6.0.LTS/lib/</path>
         <kind>archive</kind>
         <file>rts430x_lc_rd_eabi.lib</file>
         <name>int54.asm.obj</name>
      </input_file>
      <input_file id="fl-32">
         <path>/Applications/ti/ccs1210/ccs/tools/compiler/ti-cgt-msp430_21.6.0.LTS/lib/</path>
         <kind>archive</kind>
         <file>rts430x_lc_rd_eabi.lib</file>
         <name>int55.asm.obj</name>
      </input_file>
      <input_file id="fl-33">
         <path>/Applications/ti/ccs1210/ccs/tools/compiler/ti-cgt-msp430_21.6.0.LTS/lib/</path>
         <kind>archive</kind>
         <file>rts430x_lc_rd_eabi.lib</file>
         <name>int56.asm.obj</name>
      </input_file>
      <input_file id="fl-34">
         <path>/Applications/ti/ccs1210/ccs/tools/compiler/ti-cgt-msp430_21.6.0.LTS/lib/</path>
         <kind>archive</kind>
         <file>rts430x_lc_rd_eabi.lib</file>
         <name>int57.asm.obj</name>
      </input_file>
      <input_file id="fl-35">
         <path>/Applications/ti/ccs1210/ccs/tools/compiler/ti-cgt-msp430_21.6.0.LTS/lib/</path>
         <kind>archive</kind>
         <file>rts430x_lc_rd_eabi.lib</file>
         <name>int58.asm.obj</name>
      </input_file>
      <input_file id="fl-36">
         <path>/Applications/ti/ccs1210/ccs/tools/compiler/ti-cgt-msp430_21.6.0.LTS/lib/</path>
         <kind>archive</kind>
         <file>rts430x_lc_rd_eabi.lib</file>
         <name>int59.asm.obj</name>
      </input_file>
      <input_file id="fl-37">
         <path>/Applications/ti/ccs1210/ccs/tools/compiler/ti-cgt-msp430_21.6.0.LTS/lib/</path>
         <kind>archive</kind>
         <file>rts430x_lc_rd_eabi.lib</file>
         <name>int60.asm.obj</name>
      </input_file>
      <input_file id="fl-38">
         <path>/Applications/ti/ccs1210/ccs/tools/compiler/ti-cgt-msp430_21.6.0.LTS/lib/</path>
         <kind>archive</kind>
         <file>rts430x_lc_rd_eabi.lib</file>
         <name>int61.asm.obj</name>
      </input_file>
      <input_file id="fl-39">
         <path>/Applications/ti/ccs1210/ccs/tools/compiler/ti-cgt-msp430_21.6.0.LTS/lib/</path>
         <kind>archive</kind>
         <file>rts430x_lc_rd_eabi.lib</file>
         <name>int62.asm.obj</name>
      </input_file>
      <input_file id="fl-3a">
         <path>/Applications/ti/ccs1210/ccs/tools/compiler/ti-cgt-msp430_21.6.0.LTS/lib/</path>
         <kind>archive</kind>
         <file>rts430x_lc_rd_eabi.lib</file>
         <name>isr_trap.asm.obj</name>
      </input_file>
      <input_file id="fl-3b">
         <path>/Applications/ti/ccs1210/ccs/tools/compiler/ti-cgt-msp430_21.6.0.LTS/lib/</path>
         <kind>archive</kind>
         <file>rts430x_lc_rd_eabi.lib</file>
         <name>lsl16.asm.obj</name>
      </input_file>
      <input_file id="fl-3c">
         <path>/Applications/ti/ccs1210/ccs/tools/compiler/ti-cgt-msp430_21.6.0.LTS/lib/</path>
         <kind>archive</kind>
         <file>rts430x_lc_rd_eabi.lib</file>
         <name>lsl32.asm.obj</name>
      </input_file>
      <input_file id="fl-3d">
         <path>/Applications/ti/ccs1210/ccs/tools/compiler/ti-cgt-msp430_21.6.0.LTS/lib/</path>
         <kind>archive</kind>
         <file>rts430x_lc_rd_eabi.lib</file>
         <name>lsr32.asm.obj</name>
      </input_file>
      <input_file id="fl-3e">
         <path>/Applications/ti/ccs1210/ccs/tools/compiler/ti-cgt-msp430_21.6.0.LTS/lib/</path>
         <kind>archive</kind>
         <file>rts430x_lc_rd_eabi.lib</file>
         <name>mult16_f5hw.asm.obj</name>
      </input_file>
      <input_file id="fl-3f">
         <path>/Applications/ti/ccs1210/ccs/tools/compiler/ti-cgt-msp430_21.6.0.LTS/lib/</path>
         <kind>archive</kind>
         <file>rts430x_lc_rd_eabi.lib</file>
         <name>mult1632_f5hw.asm.obj</name>
      </input_file>
      <input_file id="fl-40">
         <path>/Applications/ti/ccs1210/ccs/tools/compiler/ti-cgt-msp430_21.6.0.LTS/lib/</path>
         <kind>archive</kind>
         <file>rts430x_lc_rd_eabi.lib</file>
         <name>mult32_f5hw.asm.obj</name>
      </input_file>
      <input_file id="fl-41">
         <path>/Applications/ti/ccs1210/ccs/tools/compiler/ti-cgt-msp430_21.6.0.LTS/lib/</path>
         <kind>archive</kind>
         <file>rts430x_lc_rd_eabi.lib</file>
         <name>mult3264_f5hw.asm.obj</name>
      </input_file>
      <input_file id="fl-42">
         <path>/Applications/ti/ccs1210/ccs/tools/compiler/ti-cgt-msp430_21.6.0.LTS/lib/</path>
         <kind>archive</kind>
         <file>rts430x_lc_rd_eabi.lib</file>
         <name>mult64_f5hw.asm.obj</name>
      </input_file>
      <input_file id="fl-43">
         <path>/Applications/ti/ccs1210/ccs/tools/compiler/ti-cgt-msp430_21.6.0.LTS/lib/</path>
         <kind>archive</kind>
         <file>rts430x_lc_rd_eabi.lib</file>
         <name>boot.c.obj</name>
      </input_file>
      <input_file id="fl-44">
         <path>/Applications/ti/ccs1210/ccs/tools/compiler/ti-cgt-msp430_21.6.0.LTS/lib/</path>
         <kind>archive</kind>
         <file>rts430x_lc_rd_eabi.lib</file>
         <name>autoinit.c.obj</name>
      </input_file>
      <input_file id="fl-45">
         <path>/Applications/ti/ccs1210/ccs/tools/compiler/ti-cgt-msp430_21.6.0.LTS/lib/</path>
         <kind>archive</kind>
         <file>rts430x_lc_rd_eabi.lib</file>
         <name>copy_zero_init.c.obj</name>
      </input_file>
      <input_file id="fl-46">
         <path>/Applications/ti/ccs1210/ccs/tools/compiler/ti-cgt-msp430_21.6.0.LTS/lib/</path>
         <kind>archive</kind>
         <file>rts430x_lc_rd_eabi.lib</file>
         <name>cpy_tbl.c.obj</name>
      </input_file>
      <input_file id="fl-47">
         <path>/Applications/ti/ccs1210/ccs/tools/compiler/ti-cgt-msp430_21.6.0.LTS/lib/</path>
         <kind>archive</kind>
         <file>rts430x_lc_rd_eabi.lib</file>
         <name>mpu_init.c.obj</name>
      </input_file>
      <input_file id="fl-48">
         <path>/Applications/ti/ccs1210/ccs/tools/compiler/ti-cgt-msp430_21.6.0.LTS/lib/</path>
         <kind>archive</kind>
         <file>rts430x_lc_rd_eabi.lib</file>
         <name>pre_init.c.obj</name>
      </input_file>
      <input_file id="fl-49">
         <path>/Applications/ti/ccs1210/ccs/tools/compiler/ti-cgt-msp430_21.6.0.LTS/lib/</path>
         <kind>archive</kind>
         <file>rts430x_lc_rd_eabi.lib</file>
         <name>startup.c.obj</name>
      </input_file>
      <input_file id="fl-4a">
         <path>/Applications/ti/ccs1210/ccs/tools/compiler/ti-cgt-msp430_21.6.0.LTS/lib/</path>
         <kind>archive</kind>
         <file>rts430x_lc_rd_eabi.lib</file>
         <name>copy_decompress_none.c.obj</name>
      </input_file>
      <input_file id="fl-4b">
         <path>/Applications/ti/ccs1210/ccs/tools/compiler/ti-cgt-msp430_21.6.0.LTS/lib/</path>
         <kind>archive</kind>
         <file>rts430x_lc_rd_eabi.lib</file>
         <name>copy_decompress_lzss.c.obj</name>
      </input_file>
      <input_file id="fl-4c">
         <path>/Applications/ti/ccs1210/ccs/tools/compiler/ti-cgt-msp430_21.6.0.LTS/lib/</path>
         <kind>archive</kind>
         <file>rts430x_lc_rd_eabi.lib</file>
         <name>exit.c.obj</name>
      </input_file>
      <input_file id="fl-4d">
         <path>/Applications/ti/ccs1210/ccs/tools/compiler/ti-cgt-msp430_21.6.0.LTS/lib/</path>
         <kind>archive</kind>
         <file>rts430x_lc_rd_eabi.lib</file>
         <name>_lock.c.obj</name>
      </input_file>
      <input_file id="fl-4e">
         <path>/Applications/ti/ccs1210/ccs/tools/compiler/ti-cgt-msp430_21.6.0.LTS/lib/</path>
         <kind>archive</kind>
         <file>rts430x_lc_rd_eabi.lib</file>
         <name>args_main.c.obj</name>
      </input_file>
      <input_file id="fl-4f">
         <path>/Applications/ti/ccs1210/ccs/tools/compiler/ti-cgt-msp430_21.6.0.LTS/lib/</path>
         <kind>archive</kind>
         <file>rts430x_lc_rd_eabi.lib</file>
         <name>assert.c.obj</name>
      </input_file>
      <input_file id="fl-50">
         <path>/Applications/ti/ccs1210/ccs/tools/compiler/ti-cgt-msp430_21.6.0.LTS/lib/</path>
         <kind>archive</kind>
         <file>rts430x_lc_rd_eabi.lib</file>
         <name>defs.c.obj</name>
      </input_file>
      <input_file id="fl-51">
         <path>/Applications/ti/ccs1210/ccs/tools/compiler/ti-cgt-msp430_21.6.0.LTS/lib/</path>
         <kind>archive</kind>
         <file>rts430x_lc_rd_eabi.lib</file>
         <name>memcpy.c.obj</name>
      </input_file>
      <input_file id="fl-52">
         <path>/Applications/ti/ccs1210/ccs/tools/compiler/ti-cgt-msp430_21.6.0.LTS/lib/</path>
         <kind>archive</kind>
         <file>rts430x_lc_rd_eabi.lib</file>
         <name>fflush.c.obj</name>
      </input_file>
      <input_file id="fl-53">
         <path>/Applications/ti/ccs1210/ccs/tools/compiler/ti-cgt-msp430_21.6.0.LTS/lib/</path>
         <kind>archive</kind>
         <file>rts430x_lc_rd_eabi.lib</file>
         <name>fputs.c.obj</name>
      </input_file>
      <input_file id="fl-54">
         <path>/Applications/ti/ccs1210/ccs/tools/compiler/ti-cgt-msp430_21.6.0.LTS/lib/</path>
         <kind>archive</kind>
         <file>rts430x_lc_rd_eabi.lib</file>
         <name>_io_perm.c.obj</name>
      </input_file>
      <input_file id="fl-55">
         <path>/Applications/ti/ccs1210/ccs/tools/compiler/ti-cgt-msp430_21.6.0.LTS/lib/</path>
         <kind>archive</kind>
         <file>rts430x_lc_rd_eabi.lib</file>
         <name>setvbuf.c.obj</name>
      </input_file>
      <input_file id="fl-56">
         <path>/Applications/ti/ccs1210/ccs/tools/compiler/ti-cgt-msp430_21.6.0.LTS/lib/</path>
         <kind>archive</kind>
         <file>rts430x_lc_rd_eabi.lib</file>
         <name>mult16.asm.obj</name>
      </input_file>
      <input_file id="fl-57">
         <path>/Applications/ti/ccs1210/ccs/tools/compiler/ti-cgt-msp430_21.6.0.LTS/lib/</path>
         <kind>archive</kind>
         <file>rts430x_lc_rd_eabi.lib</file>
         <name>exit_gvars.c.obj</name>
      </input_file>
      <input_file id="fl-58">
         <path>/Applications/ti/ccs1210/ccs/tools/compiler/ti-cgt-msp430_21.6.0.LTS/lib/</path>
         <kind>archive</kind>
         <file>rts430x_lc_rd_eabi.lib</file>
         <name>memchr.c.obj</name>
      </input_file>
      <input_file id="fl-59">
         <path>/Applications/ti/ccs1210/ccs/tools/compiler/ti-cgt-msp430_21.6.0.LTS/lib/</path>
         <kind>archive</kind>
         <file>rts430x_lc_rd_eabi.lib</file>
         <name>memory.c.obj</name>
      </input_file>
      <input_file id="fl-5a">
         <path>/Applications/ti/ccs1210/ccs/tools/compiler/ti-cgt-msp430_21.6.0.LTS/lib/</path>
         <kind>archive</kind>
         <file>rts430x_lc_rd_eabi.lib</file>
         <name>memset.c.obj</name>
      </input_file>
      <input_file id="fl-5b">
         <path>/Applications/ti/ccs1210/ccs/tools/compiler/ti-cgt-msp430_21.6.0.LTS/lib/</path>
         <kind>archive</kind>
         <file>rts430x_lc_rd_eabi.lib</file>
         <name>strlen.c.obj</name>
      </input_file>
      <input_file id="fl-5c">
         <path>/Applications/ti/ccs1210/ccs/tools/compiler/ti-cgt-msp430_21.6.0.LTS/lib/</path>
         <kind>archive</kind>
         <file>rts430x_lc_rd_eabi.lib</file>
         <name>write.c.obj</name>
      </input_file>
      <input_file id="fl-5d">
         <path>/Applications/ti/ccs1210/ccs/tools/compiler/ti-cgt-msp430_21.6.0.LTS/lib/</path>
         <kind>archive</kind>
         <file>rts430x_lc_rd_eabi.lib</file>
         <name>host_device.c.obj</name>
      </input_file>
      <input_file id="fl-5e">
         <path>/Applications/ti/ccs1210/ccs/tools/compiler/ti-cgt-msp430_21.6.0.LTS/lib/</path>
         <kind>archive</kind>
         <file>rts430x_lc_rd_eabi.lib</file>
         <name>fopen.c.obj</name>
      </input_file>
      <input_file id="fl-5f">
         <path>/Applications/ti/ccs1210/ccs/tools/compiler/ti-cgt-msp430_21.6.0.LTS/lib/</path>
         <kind>archive</kind>
         <file>rts430x_lc_rd_eabi.lib</file>
         <name>fseek.c.obj</name>
      </input_file>
      <input_file id="fl-60">
         <path>/Applications/ti/ccs1210/ccs/tools/compiler/ti-cgt-msp430_21.6.0.LTS/lib/</path>
         <kind>archive</kind>
         <file>rts430x_lc_rd_eabi.lib</file>
         <name>hostclose.c.obj</name>
      </input_file>
      <input_file id="fl-61">
         <path>/Applications/ti/ccs1210/ccs/tools/compiler/ti-cgt-msp430_21.6.0.LTS/lib/</path>
         <kind>archive</kind>
         <file>rts430x_lc_rd_eabi.lib</file>
         <name>hostlseek.c.obj</name>
      </input_file>
      <input_file id="fl-62">
         <path>/Applications/ti/ccs1210/ccs/tools/compiler/ti-cgt-msp430_21.6.0.LTS/lib/</path>
         <kind>archive</kind>
         <file>rts430x_lc_rd_eabi.lib</file>
         <name>hostopen.c.obj</name>
      </input_file>
      <input_file id="fl-63">
         <path>/Applications/ti/ccs1210/ccs/tools/compiler/ti-cgt-msp430_21.6.0.LTS/lib/</path>
         <kind>archive</kind>
         <file>rts430x_lc_rd_eabi.lib</file>
         <name>hostread.c.obj</name>
      </input_file>
      <input_file id="fl-64">
         <path>/Applications/ti/ccs1210/ccs/tools/compiler/ti-cgt-msp430_21.6.0.LTS/lib/</path>
         <kind>archive</kind>
         <file>rts430x_lc_rd_eabi.lib</file>
         <name>hostrename.c.obj</name>
      </input_file>
      <input_file id="fl-65">
         <path>/Applications/ti/ccs1210/ccs/tools/compiler/ti-cgt-msp430_21.6.0.LTS/lib/</path>
         <kind>archive</kind>
         <file>rts430x_lc_rd_eabi.lib</file>
         <name>hostunlink.c.obj</name>
      </input_file>
      <input_file id="fl-66">
         <path>/Applications/ti/ccs1210/ccs/tools/compiler/ti-cgt-msp430_21.6.0.LTS/lib/</path>
         <kind>archive</kind>
         <file>rts430x_lc_rd_eabi.lib</file>
         <name>hostwrite.c.obj</name>
      </input_file>
      <input_file id="fl-67">
         <path>/Applications/ti/ccs1210/ccs/tools/compiler/ti-cgt-msp430_21.6.0.LTS/lib/</path>
         <kind>archive</kind>
         <file>rts430x_lc_rd_eabi.lib</file>
         <name>trgmsg.c.obj</name>
      </input_file>
      <input_file id="fl-68">
         <path>/Applications/ti/ccs1210/ccs/tools/compiler/ti-cgt-msp430_21.6.0.LTS/lib/</path>
         <kind>archive</kind>
         <file>rts430x_lc_rd_eabi.lib</file>
         <name>open.c.obj</name>
      </input_file>
      <input_file id="fl-69">
         <path>/Applications/ti/ccs1210/ccs/tools/compiler/ti-cgt-msp430_21.6.0.LTS/lib/</path>
         <kind>archive</kind>
         <file>rts430x_lc_rd_eabi.lib</file>
         <name>lseek.c.obj</name>
      </input_file>
      <input_file id="fl-6a">
         <path>/Applications/ti/ccs1210/ccs/tools/compiler/ti-cgt-msp430_21.6.0.LTS/lib/</path>
         <kind>archive</kind>
         <file>rts430x_lc_rd_eabi.lib</file>
         <name>fclose.c.obj</name>
      </input_file>
      <input_file id="fl-6b">
         <path>/Applications/ti/ccs1210/ccs/tools/compiler/ti-cgt-msp430_21.6.0.LTS/lib/</path>
         <kind>archive</kind>
         <file>rts430x_lc_rd_eabi.lib</file>
         <name>getdevice.c.obj</name>
      </input_file>
      <input_file id="fl-6c">
         <path>/Applications/ti/ccs1210/ccs/tools/compiler/ti-cgt-msp430_21.6.0.LTS/lib/</path>
         <kind>archive</kind>
         <file>rts430x_lc_rd_eabi.lib</file>
         <name>strchr.c.obj</name>
      </input_file>
      <input_file id="fl-6d">
         <path>/Applications/ti/ccs1210/ccs/tools/compiler/ti-cgt-msp430_21.6.0.LTS/lib/</path>
         <kind>archive</kind>
         <file>rts430x_lc_rd_eabi.lib</file>
         <name>strcmp.c.obj</name>
      </input_file>
      <input_file id="fl-6e">
         <path>/Applications/ti/ccs1210/ccs/tools/compiler/ti-cgt-msp430_21.6.0.LTS/lib/</path>
         <kind>archive</kind>
         <file>rts430x_lc_rd_eabi.lib</file>
         <name>strcpy.c.obj</name>
      </input_file>
      <input_file id="fl-6f">
         <path>/Applications/ti/ccs1210/ccs/tools/compiler/ti-cgt-msp430_21.6.0.LTS/lib/</path>
         <kind>archive</kind>
         <file>rts430x_lc_rd_eabi.lib</file>
         <name>strncpy.c.obj</name>
      </input_file>
      <input_file id="fl-70">
         <path>/Applications/ti/ccs1210/ccs/tools/compiler/ti-cgt-msp430_21.6.0.LTS/lib/</path>
         <kind>archive</kind>
         <file>rts430x_lc_rd_eabi.lib</file>
         <name>remove.c.obj</name>
      </input_file>
      <input_file id="fl-71">
         <path>/Applications/ti/ccs1210/ccs/tools/compiler/ti-cgt-msp430_21.6.0.LTS/lib/</path>
         <kind>archive</kind>
         <file>rts430x_lc_rd_eabi.lib</file>
         <name>close.c.obj</name>
      </input_file>
      <input_file id="fl-72">
         <path>/Applications/ti/ccs1210/ccs/tools/compiler/ti-cgt-msp430_21.6.0.LTS/lib/</path>
         <kind>archive</kind>
         <file>rts430x_lc_rd_eabi.lib</file>
         <name>unlink.c.obj</name>
      </input_file>
   </input_file_list>
   <object_component_list>
      <object_component id="oc-6e7">
         <name>.bss</name>
         <uninitialized>true</uninitialized>
         <run_address>0x25a8</run_address>
         <size>0x4</size>
         <input_file_ref idref="fl-59"/>
      </object_component>
      <object_component id="oc-48a">
         <name>.common:pub_a</name>
         <uninitialized>true</uninitialized>
         <run_address>0x24a0</run_address>
         <size>0x40</size>
      </object_component>
      <object_component id="oc-488">
         <name>.common:prv_a</name>
         <uninitialized>true</uninitialized>
         <run_address>0x2560</run_address>
         <size>0x20</size>
      </object_component>
      <object_component id="oc-48d">
         <name>.common:sec_a</name>
         <uninitialized>true</uninitialized>
         <run_address>0x2520</run_address>
         <size>0x40</size>
      </object_component>
      <object_component id="oc-48b">
         <name>.common:pub_b</name>
         <uninitialized>true</uninitialized>
         <run_address>0x24e0</run_address>
         <size>0x40</size>
      </object_component>
      <object_component id="oc-489">
         <name>.common:prv_b</name>
         <uninitialized>true</uninitialized>
         <run_address>0x2580</run_address>
         <size>0x20</size>
      </object_component>
      <object_component id="oc-6fc">
         <name>.common:__TI_tmpnams</name>
         <uninitialized>true</uninitialized>
         <run_address>0x2400</run_address>
         <size>0xa0</size>
      </object_component>
      <object_component id="oc-705">
         <name>.common:parmbuf</name>
         <uninitialized>true</uninitialized>
         <run_address>0x25a0</run_address>
         <size>0x8</size>
      </object_component>
      <object_component id="oc-3e6">
         <name>.data</name>
         <load_address>0x2738</load_address>
         <run_address>0x2738</run_address>
         <size>0x2</size>
         <input_file_ref idref="fl-1"/>
      </object_component>
      <object_component id="oc-4a6">
         <name>.data</name>
         <load_address>0x273c</load_address>
         <run_address>0x273c</run_address>
         <size>0x2</size>
         <input_file_ref idref="fl-4c"/>
      </object_component>
      <object_component id="oc-4a9">
         <name>.data:_lock</name>
         <load_address>0x2730</load_address>
         <run_address>0x2730</run_address>
         <size>0x4</size>
         <input_file_ref idref="fl-4d"/>
      </object_component>
      <object_component id="oc-4b2">
         <name>.data:_unlock</name>
         <load_address>0x2734</load_address>
         <run_address>0x2734</run_address>
         <size>0x4</size>
         <input_file_ref idref="fl-4d"/>
      </object_component>
      <object_component id="oc-5c0">
         <name>.data:_ftable</name>
         <load_address>0x25ac</load_address>
         <run_address>0x25ac</run_address>
         <size>0xc8</size>
         <input_file_ref idref="fl-50"/>
      </object_component>
      <object_component id="oc-61a">
         <name>.data</name>
         <load_address>0x273a</load_address>
         <run_address>0x273a</run_address>
         <size>0x2</size>
         <input_file_ref idref="fl-50"/>
      </object_component>
      <object_component id="oc-4af">
         <name>.data:__TI_cleanup_ptr</name>
         <load_address>0x2728</load_address>
         <run_address>0x2728</run_address>
         <size>0x4</size>
         <input_file_ref idref="fl-57"/>
      </object_component>
      <object_component id="oc-4ac">
         <name>.data:__TI_dtors_ptr</name>
         <load_address>0x272c</load_address>
         <run_address>0x272c</run_address>
         <size>0x4</size>
         <input_file_ref idref="fl-57"/>
      </object_component>
      <object_component id="oc-6ec">
         <name>.data</name>
         <load_address>0x273e</load_address>
         <run_address>0x273e</run_address>
         <size>0x2</size>
         <input_file_ref idref="fl-59"/>
      </object_component>
      <object_component id="oc-67d">
         <name>.data:_device</name>
         <load_address>0x2674</load_address>
         <run_address>0x2674</run_address>
         <size>0x78</size>
         <input_file_ref idref="fl-5d"/>
      </object_component>
      <object_component id="oc-645">
         <name>.data:_stream</name>
         <load_address>0x26ec</load_address>
         <run_address>0x26ec</run_address>
         <size>0x3c</size>
         <input_file_ref idref="fl-5d"/>
      </object_component>
      <object_component id="oc-36f">
         <name>.sysmem</name>
         <uninitialized>true</uninitialized>
         <run_address>0x2860</run_address>
         <size>0x8</size>
         <input_file_ref idref="fl-59"/>
      </object_component>
      <object_component id="oc-805">
         <name>.sysmem</name>
         <uninitialized>true</uninitialized>
         <run_address>0x2860</run_address>
         <size>0x0</size>
      </object_component>
      <object_component id="oc-36b">
         <name>.stack</name>
         <uninitialized>true</uninitialized>
         <run_address>0x4360</run_address>
         <size>0x4</size>
         <input_file_ref idref="fl-43"/>
      </object_component>
      <object_component id="oc-804">
         <name>.stack</name>
         <uninitialized>true</uninitialized>
         <run_address>0x4360</run_address>
         <size>0x0</size>
      </object_component>
      <object_component id="oc-561">
         <name>.text:gf2point_add</name>
         <load_address>0x10000</load_address>
         <run_address>0x10000</run_address>
         <size>0x176</size>
         <input_file_ref idref="fl-2"/>
      </object_component>
      <object_component id="oc-596">
         <name>.text:bitvec_lshift</name>
         <load_address>0x10176</load_address>
         <run_address>0x10176</run_address>
         <size>0x126</size>
         <input_file_ref idref="fl-2"/>
      </object_component>
      <object_component id="oc-6a6">
         <name>.text:aligned_alloc</name>
         <load_address>0x1029c</load_address>
         <run_address>0x1029c</run_address>
         <size>0x112</size>
         <input_file_ref idref="fl-59"/>
      </object_component>
      <object_component id="oc-5c3">
         <name>.text:fputs</name>
         <load_address>0x103ae</load_address>
         <run_address>0x103ae</run_address>
         <size>0xf0</size>
         <input_file_ref idref="fl-53"/>
      </object_component>
      <object_component id="oc-65e">
         <name>.text:free</name>
         <load_address>0x1049e</load_address>
         <run_address>0x1049e</run_address>
         <size>0xe2</size>
         <input_file_ref idref="fl-59"/>
      </object_component>
      <object_component id="oc-638">
         <name>.text:setvbuf</name>
         <load_address>0x10580</load_address>
         <run_address>0x10580</run_address>
         <size>0xde</size>
         <input_file_ref idref="fl-55"/>
      </object_component>
      <object_component id="oc-42e">
         <name>.text:init_ecc</name>
         <load_address>0x1065e</load_address>
         <run_address>0x1065e</run_address>
         <size>0xd2</size>
         <input_file_ref idref="fl-1"/>
      </object_component>
      <object_component id="oc-5a6">
         <name>.text:gf2field_inv</name>
         <load_address>0x10730</load_address>
         <run_address>0x10730</run_address>
         <size>0xca</size>
         <input_file_ref idref="fl-2"/>
      </object_component>
      <object_component id="oc-52e">
         <name>.text:gf2field_mul</name>
         <load_address>0x107fa</load_address>
         <run_address>0x107fa</run_address>
         <size>0xc2</size>
         <input_file_ref idref="fl-2"/>
      </object_component>
      <object_component id="oc-555">
         <name>.text:gf2point_double</name>
         <load_address>0x108bc</load_address>
         <run_address>0x108bc</run_address>
         <size>0xba</size>
         <input_file_ref idref="fl-2"/>
      </object_component>
      <object_component id="oc-6ce">
         <name>.text:HOSTlseek</name>
         <load_address>0x10976</load_address>
         <run_address>0x10976</run_address>
         <size>0x9a</size>
         <input_file_ref idref="fl-61"/>
      </object_component>
      <object_component id="oc-4ec">
         <name>.text:gf2point_mul</name>
         <load_address>0x10a10</load_address>
         <run_address>0x10a10</run_address>
         <size>0x92</size>
         <input_file_ref idref="fl-2"/>
      </object_component>
      <object_component id="oc-4e6">
         <name>.text:gf2point_on_curve</name>
         <load_address>0x10aa2</load_address>
         <run_address>0x10aa2</run_address>
         <size>0x90</size>
         <input_file_ref idref="fl-2"/>
      </object_component>
      <object_component id="oc-48e">
         <name>.text:ecdh_shared_secret</name>
         <load_address>0x10b32</load_address>
         <run_address>0x10b32</run_address>
         <size>0x8e</size>
         <input_file_ref idref="fl-2"/>
      </object_component>
      <object_component id="oc-5fa">
         <name>.text:__TI_wrt_ok</name>
         <load_address>0x10bc0</load_address>
         <run_address>0x10bc0</run_address>
         <size>0x7e</size>
         <input_file_ref idref="fl-54"/>
      </object_component>
      <object_component id="oc-549">
         <name>.text:bitvec_degree</name>
         <load_address>0x10c3e</load_address>
         <run_address>0x10c3e</run_address>
         <size>0x7e</size>
         <input_file_ref idref="fl-2"/>
      </object_component>
      <object_component id="oc-6d">
         <name>.text:decompress:lzss:__TI_decompress_lzss</name>
         <load_address>0x10cbc</load_address>
         <run_address>0x10cbc</run_address>
         <size>0x76</size>
         <input_file_ref idref="fl-4b"/>
      </object_component>
      <object_component id="oc-6da">
         <name>.text:HOSTrename</name>
         <load_address>0x10d32</load_address>
         <run_address>0x10d32</run_address>
         <size>0x74</size>
         <input_file_ref idref="fl-64"/>
      </object_component>
      <object_component id="oc-6ad">
         <name>.text:__TI_closefile</name>
         <load_address>0x10da6</load_address>
         <run_address>0x10da6</run_address>
         <size>0x74</size>
         <input_file_ref idref="fl-6a"/>
      </object_component>
      <object_component id="oc-6ef">
         <name>.text:split</name>
         <load_address>0x10e1a</load_address>
         <run_address>0x10e1a</run_address>
         <size>0x74</size>
         <input_file_ref idref="fl-59"/>
      </object_component>
      <object_component id="oc-6b6">
         <name>.text:HOSTopen</name>
         <load_address>0x10e8e</load_address>
         <run_address>0x10e8e</run_address>
         <size>0x70</size>
         <input_file_ref idref="fl-62"/>
      </object_component>
      <object_component id="oc-6c8">
         <name>.text:HOSTwrite</name>
         <load_address>0x10efe</load_address>
         <run_address>0x10efe</run_address>
         <size>0x6c</size>
         <input_file_ref idref="fl-66"/>
      </object_component>
      <object_component id="oc-6c2">
         <name>.text:HOSTread</name>
         <load_address>0x10f6a</load_address>
         <run_address>0x10f6a</run_address>
         <size>0x6a</size>
         <input_file_ref idref="fl-63"/>
      </object_component>
      <object_component id="oc-632">
         <name>.text:fseeko</name>
         <load_address>0x10fd4</load_address>
         <run_address>0x10fd4</run_address>
         <size>0x6a</size>
         <input_file_ref idref="fl-5f"/>
      </object_component>
      <object_component id="oc-534">
         <name>.text:gf2field_add</name>
         <load_address>0x1103e</load_address>
         <run_address>0x1103e</run_address>
         <size>0x68</size>
         <input_file_ref idref="fl-2"/>
      </object_component>
      <object_component id="oc-60c">
         <name>.text:__TI_doflush</name>
         <load_address>0x110a6</load_address>
         <run_address>0x110a6</run_address>
         <size>0x64</size>
         <input_file_ref idref="fl-52"/>
      </object_component>
      <object_component id="oc-527">
         <name>.text:bitvec_is_zero</name>
         <load_address>0x1110a</load_address>
         <run_address>0x1110a</run_address>
         <size>0x5e</size>
         <input_file_ref idref="fl-2"/>
      </object_component>
      <object_component id="oc-6f6">
         <name>.text:close</name>
         <load_address>0x11168</load_address>
         <run_address>0x11168</run_address>
         <size>0x5a</size>
         <input_file_ref idref="fl-71"/>
      </object_component>
      <object_component id="oc-733">
         <name>.text:getdevice</name>
         <load_address>0x111c2</load_address>
         <run_address>0x111c2</run_address>
         <size>0x5a</size>
         <input_file_ref idref="fl-6b"/>
      </object_component>
      <object_component id="oc-5c9">
         <name>.text:fflush</name>
         <load_address>0x1121c</load_address>
         <run_address>0x1121c</run_address>
         <size>0x58</size>
         <input_file_ref idref="fl-52"/>
      </object_component>
      <object_component id="oc-53d">
         <name>.text:bitvec_equal</name>
         <load_address>0x11274</load_address>
         <run_address>0x11274</run_address>
         <size>0x56</size>
         <input_file_ref idref="fl-2"/>
      </object_component>
      <object_component id="oc-5ec">
         <name>.text:gf2field_is_one</name>
         <load_address>0x112ca</load_address>
         <run_address>0x112ca</run_address>
         <size>0x56</size>
         <input_file_ref idref="fl-2"/>
      </object_component>
      <object_component id="oc-461">
         <name>.text:__TI_auto_init_nobinit_nopinit_hold_wdt:__TI_auto_init_nobinit_nopinit_hold_wdt</name>
         <load_address>0x11320</load_address>
         <run_address>0x11320</run_address>
         <size>0x54</size>
         <input_file_ref idref="fl-44"/>
      </object_component>
      <object_component id="oc-6bc">
         <name>.text:HOSTclose</name>
         <load_address>0x11374</load_address>
         <run_address>0x11374</run_address>
         <size>0x4e</size>
         <input_file_ref idref="fl-60"/>
      </object_component>
      <object_component id="oc-58a">
         <name>.text:bitvec_copy</name>
         <load_address>0x113c2</load_address>
         <run_address>0x113c2</run_address>
         <size>0x4c</size>
         <input_file_ref idref="fl-2"/>
      </object_component>
      <object_component id="oc-443">
         <name>.text:exit</name>
         <load_address>0x1140e</load_address>
         <run_address>0x1140e</run_address>
         <size>0x4a</size>
         <input_file_ref idref="fl-4c"/>
      </object_component>
      <object_component id="oc-6d4">
         <name>.text:HOSTunlink</name>
         <load_address>0x11458</load_address>
         <run_address>0x11458</run_address>
         <size>0x46</size>
         <input_file_ref idref="fl-65"/>
      </object_component>
      <object_component id="oc-55b">
         <name>.text:bitvec_get_bit</name>
         <load_address>0x1149e</load_address>
         <run_address>0x1149e</run_address>
         <size>0x40</size>
         <input_file_ref idref="fl-2"/>
      </object_component>
      <object_component id="oc-71b">
         <name>.text:l_lsl_const</name>
         <load_address>0x114de</load_address>
         <run_address>0x114de</run_address>
         <size>0x3e</size>
         <input_file_ref idref="fl-3c"/>
      </object_component>
      <object_component id="oc-5b3">
         <name>.text:l_lsr_const</name>
         <load_address>0x1151c</load_address>
         <run_address>0x1151c</run_address>
         <size>0x3e</size>
         <input_file_ref idref="fl-3d"/>
      </object_component>
      <object_component id="oc-651">
         <name>.text:lseek</name>
         <load_address>0x1155a</load_address>
         <run_address>0x1155a</run_address>
         <size>0x3e</size>
         <input_file_ref idref="fl-69"/>
      </object_component>
      <object_component id="oc-3f8">
         <name>.text:main</name>
         <load_address>0x11598</load_address>
         <run_address>0x11598</run_address>
         <size>0x3e</size>
         <input_file_ref idref="fl-1"/>
      </object_component>
      <object_component id="oc-5e0">
         <name>.text:gf2field_set_one</name>
         <load_address>0x115d6</load_address>
         <run_address>0x115d6</run_address>
         <size>0x3c</size>
         <input_file_ref idref="fl-2"/>
      </object_component>
      <object_component id="oc-612">
         <name>.text:write</name>
         <load_address>0x11612</load_address>
         <run_address>0x11612</run_address>
         <size>0x3c</size>
         <input_file_ref idref="fl-5c"/>
      </object_component>
      <object_component id="oc-66a">
         <name>.text:__TI_cleanup</name>
         <load_address>0x1164e</load_address>
         <run_address>0x1164e</run_address>
         <size>0x36</size>
         <input_file_ref idref="fl-5e"/>
      </object_component>
      <object_component id="oc-708">
         <name>.text:__TI_writemsg</name>
         <load_address>0x11684</load_address>
         <run_address>0x11684</run_address>
         <size>0x36</size>
         <input_file_ref idref="fl-67"/>
      </object_component>
      <object_component id="oc-590">
         <name>.text:bitvec_set_zero</name>
         <load_address>0x116ba</load_address>
         <run_address>0x116ba</run_address>
         <size>0x36</size>
         <input_file_ref idref="fl-2"/>
      </object_component>
      <object_component id="oc-70e">
         <name>.text:__TI_readmsg</name>
         <load_address>0x116f0</load_address>
         <run_address>0x116f0</run_address>
         <size>0x32</size>
         <input_file_ref idref="fl-67"/>
      </object_component>
      <object_component id="oc-5e6">
         <name>.text:bitvec_swap</name>
         <load_address>0x11722</load_address>
         <run_address>0x11722</run_address>
         <size>0x32</size>
         <input_file_ref idref="fl-2"/>
      </object_component>
      <object_component id="oc-75c">
         <name>.text:strncpy</name>
         <load_address>0x11754</load_address>
         <run_address>0x11754</run_address>
         <size>0x32</size>
         <input_file_ref idref="fl-6f"/>
      </object_component>
      <object_component id="oc-6fd">
         <name>.text:unlink</name>
         <load_address>0x11786</load_address>
         <run_address>0x11786</run_address>
         <size>0x30</size>
         <input_file_ref idref="fl-72"/>
      </object_component>
      <object_component id="oc-762">
         <name>.text:finddevice</name>
         <load_address>0x117b6</load_address>
         <run_address>0x117b6</run_address>
         <size>0x2e</size>
         <input_file_ref idref="fl-6b"/>
      </object_component>
      <object_component id="oc-69f">
         <name>.text:free_list_insert</name>
         <load_address>0x117e4</load_address>
         <run_address>0x117e4</run_address>
         <size>0x2c</size>
         <input_file_ref idref="fl-59"/>
      </object_component>
      <object_component id="oc-567">
         <name>.text:gf2point_copy</name>
         <load_address>0x11810</load_address>
         <run_address>0x11810</run_address>
         <size>0x2c</size>
         <input_file_ref idref="fl-2"/>
      </object_component>
      <object_component id="oc-4e0">
         <name>.text:gf2point_is_zero</name>
         <load_address>0x1183c</load_address>
         <run_address>0x1183c</run_address>
         <size>0x2c</size>
         <input_file_ref idref="fl-2"/>
      </object_component>
      <object_component id="oc-5d3">
         <name>.text</name>
         <load_address>0x11868</load_address>
         <run_address>0x11868</run_address>
         <size>0x2c</size>
         <input_file_ref idref="fl-23"/>
      </object_component>
      <object_component id="oc-699">
         <name>.text:free_list_remove</name>
         <load_address>0x11894</load_address>
         <run_address>0x11894</run_address>
         <size>0x2a</size>
         <input_file_ref idref="fl-59"/>
      </object_component>
      <object_component id="oc-395">
         <name>.text:decompress:ZI:__TI_zero_init_nomemset:__TI_zero_init_nomemset</name>
         <load_address>0x118be</load_address>
         <run_address>0x118be</run_address>
         <size>0x24</size>
         <input_file_ref idref="fl-45"/>
      </object_component>
      <object_component id="oc-54f">
         <name>.text:gf2point_set_zero</name>
         <load_address>0x118e2</load_address>
         <run_address>0x118e2</run_address>
         <size>0x1e</size>
         <input_file_ref idref="fl-2"/>
      </object_component>
      <object_component id="oc-756">
         <name>.text:strchr</name>
         <load_address>0x11900</load_address>
         <run_address>0x11900</run_address>
         <size>0x1c</size>
         <input_file_ref idref="fl-6c"/>
      </object_component>
      <object_component id="oc-77b">
         <name>.text:strcmp</name>
         <load_address>0x1191c</load_address>
         <run_address>0x1191c</run_address>
         <size>0x1c</size>
         <input_file_ref idref="fl-6d"/>
      </object_component>
      <object_component id="oc-584">
         <name>.text:_abort_msg</name>
         <load_address>0x11938</load_address>
         <run_address>0x11938</run_address>
         <size>0x1a</size>
         <input_file_ref idref="fl-4f"/>
      </object_component>
      <object_component id="oc-51b">
         <name>.text</name>
         <load_address>0x11952</load_address>
         <run_address>0x11952</run_address>
         <size>0x18</size>
         <input_file_ref idref="fl-3e"/>
      </object_component>
      <object_component id="oc-693">
         <name>.text:heap_start</name>
         <load_address>0x1196a</load_address>
         <run_address>0x1196a</run_address>
         <size>0x16</size>
         <input_file_ref idref="fl-59"/>
      </object_component>
      <object_component id="oc-606">
         <name>.text:memchr</name>
         <load_address>0x11980</load_address>
         <run_address>0x11980</run_address>
         <size>0x16</size>
         <input_file_ref idref="fl-58"/>
      </object_component>
      <object_component id="oc-626">
         <name>.text</name>
         <load_address>0x11996</load_address>
         <run_address>0x11996</run_address>
         <size>0x16</size>
         <input_file_ref idref="fl-24"/>
      </object_component>
      <object_component id="oc-37d">
         <name>.text:memcpy</name>
         <load_address>0x119ac</load_address>
         <run_address>0x119ac</run_address>
         <size>0x14</size>
         <input_file_ref idref="fl-51"/>
      </object_component>
      <object_component id="oc-73">
         <name>.text:decompress:none:__TI_decompress_none</name>
         <load_address>0x119c0</load_address>
         <run_address>0x119c0</run_address>
         <size>0x12</size>
         <input_file_ref idref="fl-4a"/>
      </object_component>
      <object_component id="oc-434">
         <name>.text:generate_share_secret</name>
         <load_address>0x119d2</load_address>
         <run_address>0x119d2</run_address>
         <size>0x12</size>
         <input_file_ref idref="fl-1"/>
      </object_component>
      <object_component id="oc-5ac">
         <name>.text:gf2field_inc</name>
         <load_address>0x119e4</load_address>
         <run_address>0x119e4</run_address>
         <size>0x12</size>
         <input_file_ref idref="fl-2"/>
      </object_component>
      <object_component id="oc-724">
         <name>.text:strcpy</name>
         <load_address>0x119f6</load_address>
         <run_address>0x119f6</run_address>
         <size>0x12</size>
         <input_file_ref idref="fl-6e"/>
      </object_component>
      <object_component id="oc-5d8">
         <name>.text:l_lsl</name>
         <load_address>0x11a08</load_address>
         <run_address>0x11a08</run_address>
         <size>0x10</size>
         <input_file_ref idref="fl-3c"/>
      </object_component>
      <object_component id="oc-5b8">
         <name>.text:l_lsr</name>
         <load_address>0x11a18</load_address>
         <run_address>0x11a18</run_address>
         <size>0x10</size>
         <input_file_ref idref="fl-3d"/>
      </object_component>
      <object_component id="oc-600">
         <name>.text:strlen</name>
         <load_address>0x11a28</load_address>
         <run_address>0x11a28</run_address>
         <size>0xe</size>
         <input_file_ref idref="fl-5b"/>
      </object_component>
      <object_component id="oc-664">
         <name>.text:malloc</name>
         <load_address>0x11a36</load_address>
         <run_address>0x11a36</run_address>
         <size>0x8</size>
         <input_file_ref idref="fl-59"/>
      </object_component>
      <object_component id="oc-43d">
         <name>.text:abort</name>
         <load_address>0x11a3e</load_address>
         <run_address>0x11a3e</run_address>
         <size>0x6</size>
         <input_file_ref idref="fl-4c"/>
      </object_component>
      <object_component id="oc-3f2">
         <name>.text:_system_pre_init</name>
         <load_address>0x11a44</load_address>
         <run_address>0x11a44</run_address>
         <size>0x4</size>
         <input_file_ref idref="fl-48"/>
      </object_component>
      <object_component id="oc-4fc">
         <name>.text:_nop</name>
         <load_address>0x11a48</load_address>
         <run_address>0x11a48</run_address>
         <size>0x2</size>
         <input_file_ref idref="fl-4d"/>
      </object_component>
      <object_component id="oc-4b7">
         <name>.text:_system_post_cinit</name>
         <load_address>0x11a4a</load_address>
         <run_address>0x11a4a</run_address>
         <size>0x2</size>
         <input_file_ref idref="fl-49"/>
      </object_component>
      <object_component id="oc-3a7">
         <name>.text:_isr:_c_int00_noargs</name>
         <load_address>0x4400</load_address>
         <run_address>0x4400</run_address>
         <size>0x1c</size>
         <input_file_ref idref="fl-43"/>
      </object_component>
      <object_component id="oc-38a">
         <name>.text:_isr:__TI_ISR_TRAP</name>
         <load_address>0x441c</load_address>
         <run_address>0x441c</run_address>
         <size>0x8</size>
         <input_file_ref idref="fl-3a"/>
      </object_component>
      <object_component id="oc-38f">
         <name>.text:_isr:TimeA0</name>
         <load_address>0x4424</load_address>
         <run_address>0x4424</run_address>
         <size>0x6</size>
         <input_file_ref idref="fl-1"/>
      </object_component>
      <object_component id="oc-803">
         <name>.cinit..data.load</name>
         <load_address>0x456e</load_address>
         <run_address>0x456e</run_address>
         <size>0x58</size>
      </object_component>
      <object_component id="oc-800">
         <name>__TI_handler_table</name>
         <load_address>0x45c6</load_address>
         <run_address>0x45c6</run_address>
         <size>0xc</size>
      </object_component>
      <object_component id="oc-802">
         <name>.cinit..bss.load</name>
         <load_address>0x45d2</load_address>
         <run_address>0x45d2</run_address>
         <size>0x6</size>
      </object_component>
      <object_component id="oc-801">
         <name>__TI_cinit_table</name>
         <load_address>0x45d8</load_address>
         <run_address>0x45d8</run_address>
         <size>0x10</size>
      </object_component>
      <object_component id="oc-583">
         <name>.const:.string</name>
         <load_address>0x442a</load_address>
         <run_address>0x442a</run_address>
         <size>0x44</size>
         <input_file_ref idref="fl-2"/>
      </object_component>
      <object_component id="oc-482">
         <name>.const:.string:$P$T2$3</name>
         <load_address>0x446e</load_address>
         <run_address>0x446e</run_address>
         <size>0x40</size>
         <input_file_ref idref="fl-1"/>
      </object_component>
      <object_component id="oc-485">
         <name>.const:.string:$P$T3$4</name>
         <load_address>0x44ae</load_address>
         <run_address>0x44ae</run_address>
         <size>0x40</size>
         <input_file_ref idref="fl-1"/>
      </object_component>
      <object_component id="oc-47c">
         <name>.const:.string:$P$T0$1</name>
         <load_address>0x44ee</load_address>
         <run_address>0x44ee</run_address>
         <size>0x20</size>
         <input_file_ref idref="fl-1"/>
      </object_component>
      <object_component id="oc-47f">
         <name>.const:.string:$P$T1$2</name>
         <load_address>0x450e</load_address>
         <run_address>0x450e</run_address>
         <size>0x20</size>
         <input_file_ref idref="fl-1"/>
      </object_component>
      <object_component id="oc-53a">
         <name>.const:coeff_b</name>
         <load_address>0x452e</load_address>
         <run_address>0x452e</run_address>
         <size>0x20</size>
         <input_file_ref idref="fl-2"/>
      </object_component>
      <object_component id="oc-59c">
         <name>.const:polynomial</name>
         <load_address>0x454e</load_address>
         <run_address>0x454e</run_address>
         <size>0x20</size>
         <input_file_ref idref="fl-2"/>
      </object_component>
      <object_component id="oc-73f">
         <name>.cio</name>
         <uninitialized>true</uninitialized>
         <run_address>0x2740</run_address>
         <size>0x120</size>
         <input_file_ref idref="fl-67"/>
      </object_component>
      <object_component id="oc-792">
         <name>.binit</name>
         <load_address>0x4400</load_address>
         <run_address>0x4400</run_address>
         <size>0x0</size>
      </object_component>
      <object_component id="oc-79">
         <name>.int41</name>
         <load_address>0xffd2</load_address>
         <run_address>0xffd2</run_address>
         <size>0x2</size>
         <input_file_ref idref="fl-25"/>
      </object_component>
      <object_component id="oc-7a">
         <name>.int42</name>
         <load_address>0xffd4</load_address>
         <run_address>0xffd4</run_address>
         <size>0x2</size>
         <input_file_ref idref="fl-26"/>
      </object_component>
      <object_component id="oc-7b">
         <name>.int43</name>
         <load_address>0xffd6</load_address>
         <run_address>0xffd6</run_address>
         <size>0x2</size>
         <input_file_ref idref="fl-27"/>
      </object_component>
      <object_component id="oc-7c">
         <name>.int44</name>
         <load_address>0xffd8</load_address>
         <run_address>0xffd8</run_address>
         <size>0x2</size>
         <input_file_ref idref="fl-28"/>
      </object_component>
      <object_component id="oc-7d">
         <name>.int45</name>
         <load_address>0xffda</load_address>
         <run_address>0xffda</run_address>
         <size>0x2</size>
         <input_file_ref idref="fl-29"/>
      </object_component>
      <object_component id="oc-7e">
         <name>.int46</name>
         <load_address>0xffdc</load_address>
         <run_address>0xffdc</run_address>
         <size>0x2</size>
         <input_file_ref idref="fl-2a"/>
      </object_component>
      <object_component id="oc-7f">
         <name>.int47</name>
         <load_address>0xffde</load_address>
         <run_address>0xffde</run_address>
         <size>0x2</size>
         <input_file_ref idref="fl-2b"/>
      </object_component>
      <object_component id="oc-80">
         <name>.int48</name>
         <load_address>0xffe0</load_address>
         <run_address>0xffe0</run_address>
         <size>0x2</size>
         <input_file_ref idref="fl-2c"/>
      </object_component>
      <object_component id="oc-81">
         <name>.int49</name>
         <load_address>0xffe2</load_address>
         <run_address>0xffe2</run_address>
         <size>0x2</size>
         <input_file_ref idref="fl-2d"/>
      </object_component>
      <object_component id="oc-82">
         <name>.int50</name>
         <load_address>0xffe4</load_address>
         <run_address>0xffe4</run_address>
         <size>0x2</size>
         <input_file_ref idref="fl-2e"/>
      </object_component>
      <object_component id="oc-83">
         <name>.int51</name>
         <load_address>0xffe6</load_address>
         <run_address>0xffe6</run_address>
         <size>0x2</size>
         <input_file_ref idref="fl-2f"/>
      </object_component>
      <object_component id="oc-84">
         <name>.int52</name>
         <load_address>0xffe8</load_address>
         <run_address>0xffe8</run_address>
         <size>0x2</size>
         <input_file_ref idref="fl-30"/>
      </object_component>
      <object_component id="oc-85">
         <name>.int53</name>
         <load_address>0xffea</load_address>
         <run_address>0xffea</run_address>
         <size>0x2</size>
         <input_file_ref idref="fl-1"/>
      </object_component>
      <object_component id="oc-86">
         <name>.int54</name>
         <load_address>0xffec</load_address>
         <run_address>0xffec</run_address>
         <size>0x2</size>
         <input_file_ref idref="fl-31"/>
      </object_component>
      <object_component id="oc-87">
         <name>.int55</name>
         <load_address>0xffee</load_address>
         <run_address>0xffee</run_address>
         <size>0x2</size>
         <input_file_ref idref="fl-32"/>
      </object_component>
      <object_component id="oc-88">
         <name>.int56</name>
         <load_address>0xfff0</load_address>
         <run_address>0xfff0</run_address>
         <size>0x2</size>
         <input_file_ref idref="fl-33"/>
      </object_component>
      <object_component id="oc-89">
         <name>.int57</name>
         <load_address>0xfff2</load_address>
         <run_address>0xfff2</run_address>
         <size>0x2</size>
         <input_file_ref idref="fl-34"/>
      </object_component>
      <object_component id="oc-8a">
         <name>.int58</name>
         <load_address>0xfff4</load_address>
         <run_address>0xfff4</run_address>
         <size>0x2</size>
         <input_file_ref idref="fl-35"/>
      </object_component>
      <object_component id="oc-8b">
         <name>.int59</name>
         <load_address>0xfff6</load_address>
         <run_address>0xfff6</run_address>
         <size>0x2</size>
         <input_file_ref idref="fl-36"/>
      </object_component>
      <object_component id="oc-8c">
         <name>.int60</name>
         <load_address>0xfff8</load_address>
         <run_address>0xfff8</run_address>
         <size>0x2</size>
         <input_file_ref idref="fl-37"/>
      </object_component>
      <object_component id="oc-8d">
         <name>.int61</name>
         <load_address>0xfffa</load_address>
         <run_address>0xfffa</run_address>
         <size>0x2</size>
         <input_file_ref idref="fl-38"/>
      </object_component>
      <object_component id="oc-8e">
         <name>.int62</name>
         <load_address>0xfffc</load_address>
         <run_address>0xfffc</run_address>
         <size>0x2</size>
         <input_file_ref idref="fl-39"/>
      </object_component>
      <object_component id="oc-36e">
         <name>.reset</name>
         <load_address>0xfffe</load_address>
         <run_address>0xfffe</run_address>
         <size>0x2</size>
         <input_file_ref idref="fl-43"/>
      </object_component>
      <object_component id="oc-43b">
         <name>.debug_info</name>
         <load_address>0x0</load_address>
         <run_address>0x0</run_address>
         <size>0x340</size>
         <input_file_ref idref="fl-1"/>
      </object_component>
      <object_component id="oc-3e7">
         <name>.debug_info</name>
         <load_address>0x340</load_address>
         <run_address>0x340</run_address>
         <size>0xe1</size>
         <input_file_ref idref="fl-1"/>
      </object_component>
      <object_component id="oc-47d">
         <name>.debug_info</name>
         <load_address>0x421</load_address>
         <run_address>0x421</run_address>
         <size>0xe4</size>
         <input_file_ref idref="fl-1"/>
      </object_component>
      <object_component id="oc-480">
         <name>.debug_info</name>
         <load_address>0x505</load_address>
         <run_address>0x505</run_address>
         <size>0xe4</size>
         <input_file_ref idref="fl-1"/>
      </object_component>
      <object_component id="oc-483">
         <name>.debug_info</name>
         <load_address>0x5e9</load_address>
         <run_address>0x5e9</run_address>
         <size>0xe4</size>
         <input_file_ref idref="fl-1"/>
      </object_component>
      <object_component id="oc-486">
         <name>.debug_info</name>
         <load_address>0x6cd</load_address>
         <run_address>0x6cd</run_address>
         <size>0xe4</size>
         <input_file_ref idref="fl-1"/>
      </object_component>
      <object_component id="oc-390">
         <name>.debug_info</name>
         <load_address>0x7b1</load_address>
         <run_address>0x7b1</run_address>
         <size>0x12c</size>
         <input_file_ref idref="fl-1"/>
      </object_component>
      <object_component id="oc-42f">
         <name>.debug_info</name>
         <load_address>0x8dd</load_address>
         <run_address>0x8dd</run_address>
         <size>0x1d5</size>
         <input_file_ref idref="fl-1"/>
      </object_component>
      <object_component id="oc-435">
         <name>.debug_info</name>
         <load_address>0xab2</load_address>
         <run_address>0xab2</run_address>
         <size>0x14c</size>
         <input_file_ref idref="fl-1"/>
      </object_component>
      <object_component id="oc-3f9">
         <name>.debug_info</name>
         <load_address>0xbfe</load_address>
         <run_address>0xbfe</run_address>
         <size>0x167</size>
         <input_file_ref idref="fl-1"/>
      </object_component>
      <object_component id="oc-49c">
         <name>.debug_info</name>
         <load_address>0xd65</load_address>
         <run_address>0xd65</run_address>
         <size>0x26b</size>
         <input_file_ref idref="fl-1"/>
      </object_component>
      <object_component id="oc-570">
         <name>.debug_info</name>
         <load_address>0xfd0</load_address>
         <run_address>0xfd0</run_address>
         <size>0x86</size>
         <input_file_ref idref="fl-1"/>
      </object_component>
      <object_component id="oc-378">
         <name>.debug_info</name>
         <load_address>0x1056</load_address>
         <run_address>0x1056</run_address>
         <size>0x84</size>
         <input_file_ref idref="fl-1"/>
      </object_component>
      <object_component id="oc-4f5">
         <name>.debug_info</name>
         <load_address>0x10da</load_address>
         <run_address>0x10da</run_address>
         <size>0x282</size>
         <input_file_ref idref="fl-1"/>
      </object_component>
      <object_component id="oc-497">
         <name>.debug_info</name>
         <load_address>0x135c</load_address>
         <run_address>0x135c</run_address>
         <size>0xbb</size>
         <input_file_ref idref="fl-1"/>
      </object_component>
      <object_component id="oc-4a1">
         <name>.debug_info</name>
         <load_address>0x1417</load_address>
         <run_address>0x1417</run_address>
         <size>0x28</size>
         <input_file_ref idref="fl-1"/>
      </object_component>
      <object_component id="oc-4f3">
         <name>.debug_info</name>
         <load_address>0x143f</load_address>
         <run_address>0x143f</run_address>
         <size>0x1c3</size>
         <input_file_ref idref="fl-2"/>
      </object_component>
      <object_component id="oc-59d">
         <name>.debug_info</name>
         <load_address>0x1602</load_address>
         <run_address>0x1602</run_address>
         <size>0xf4</size>
         <input_file_ref idref="fl-2"/>
      </object_component>
      <object_component id="oc-53b">
         <name>.debug_info</name>
         <load_address>0x16f6</load_address>
         <run_address>0x16f6</run_address>
         <size>0xee</size>
         <input_file_ref idref="fl-2"/>
      </object_component>
      <object_component id="oc-55c">
         <name>.debug_info</name>
         <load_address>0x17e4</load_address>
         <run_address>0x17e4</run_address>
         <size>0x1a8</size>
         <input_file_ref idref="fl-2"/>
      </object_component>
      <object_component id="oc-58b">
         <name>.debug_info</name>
         <load_address>0x198c</load_address>
         <run_address>0x198c</run_address>
         <size>0x173</size>
         <input_file_ref idref="fl-2"/>
      </object_component>
      <object_component id="oc-5e7">
         <name>.debug_info</name>
         <load_address>0x1aff</load_address>
         <run_address>0x1aff</run_address>
         <size>0x1ad</size>
         <input_file_ref idref="fl-2"/>
      </object_component>
      <object_component id="oc-53e">
         <name>.debug_info</name>
         <load_address>0x1cac</load_address>
         <run_address>0x1cac</run_address>
         <size>0x179</size>
         <input_file_ref idref="fl-2"/>
      </object_component>
      <object_component id="oc-591">
         <name>.debug_info</name>
         <load_address>0x1e25</load_address>
         <run_address>0x1e25</run_address>
         <size>0x167</size>
         <input_file_ref idref="fl-2"/>
      </object_component>
      <object_component id="oc-528">
         <name>.debug_info</name>
         <load_address>0x1f8c</load_address>
         <run_address>0x1f8c</run_address>
         <size>0x169</size>
         <input_file_ref idref="fl-2"/>
      </object_component>
      <object_component id="oc-54a">
         <name>.debug_info</name>
         <load_address>0x20f5</load_address>
         <run_address>0x20f5</run_address>
         <size>0x18d</size>
         <input_file_ref idref="fl-2"/>
      </object_component>
      <object_component id="oc-597">
         <name>.debug_info</name>
         <load_address>0x2282</load_address>
         <run_address>0x2282</run_address>
         <size>0x22d</size>
         <input_file_ref idref="fl-2"/>
      </object_component>
      <object_component id="oc-5e1">
         <name>.debug_info</name>
         <load_address>0x24af</load_address>
         <run_address>0x24af</run_address>
         <size>0x169</size>
         <input_file_ref idref="fl-2"/>
      </object_component>
      <object_component id="oc-5ed">
         <name>.debug_info</name>
         <load_address>0x2618</load_address>
         <run_address>0x2618</run_address>
         <size>0x16b</size>
         <input_file_ref idref="fl-2"/>
      </object_component>
      <object_component id="oc-535">
         <name>.debug_info</name>
         <load_address>0x2783</load_address>
         <run_address>0x2783</run_address>
         <size>0x18f</size>
         <input_file_ref idref="fl-2"/>
      </object_component>
      <object_component id="oc-5ad">
         <name>.debug_info</name>
         <load_address>0x2912</load_address>
         <run_address>0x2912</run_address>
         <size>0x155</size>
         <input_file_ref idref="fl-2"/>
      </object_component>
      <object_component id="oc-52f">
         <name>.debug_info</name>
         <load_address>0x2a67</load_address>
         <run_address>0x2a67</run_address>
         <size>0x263</size>
         <input_file_ref idref="fl-2"/>
      </object_component>
      <object_component id="oc-5a7">
         <name>.debug_info</name>
         <load_address>0x2cca</load_address>
         <run_address>0x2cca</run_address>
         <size>0x2ae</size>
         <input_file_ref idref="fl-2"/>
      </object_component>
      <object_component id="oc-568">
         <name>.debug_info</name>
         <load_address>0x2f78</load_address>
         <run_address>0x2f78</run_address>
         <size>0x1d0</size>
         <input_file_ref idref="fl-2"/>
      </object_component>
      <object_component id="oc-550">
         <name>.debug_info</name>
         <load_address>0x3148</load_address>
         <run_address>0x3148</run_address>
         <size>0x1a2</size>
         <input_file_ref idref="fl-2"/>
      </object_component>
      <object_component id="oc-4e1">
         <name>.debug_info</name>
         <load_address>0x32ea</load_address>
         <run_address>0x32ea</run_address>
         <size>0x1a2</size>
         <input_file_ref idref="fl-2"/>
      </object_component>
      <object_component id="oc-556">
         <name>.debug_info</name>
         <load_address>0x348c</load_address>
         <run_address>0x348c</run_address>
         <size>0x262</size>
         <input_file_ref idref="fl-2"/>
      </object_component>
      <object_component id="oc-562">
         <name>.debug_info</name>
         <load_address>0x36ee</load_address>
         <run_address>0x36ee</run_address>
         <size>0x392</size>
         <input_file_ref idref="fl-2"/>
      </object_component>
      <object_component id="oc-4ed">
         <name>.debug_info</name>
         <load_address>0x3a80</load_address>
         <run_address>0x3a80</run_address>
         <size>0x252</size>
         <input_file_ref idref="fl-2"/>
      </object_component>
      <object_component id="oc-4e7">
         <name>.debug_info</name>
         <load_address>0x3cd2</load_address>
         <run_address>0x3cd2</run_address>
         <size>0x243</size>
         <input_file_ref idref="fl-2"/>
      </object_component>
      <object_component id="oc-48f">
         <name>.debug_info</name>
         <load_address>0x3f15</load_address>
         <run_address>0x3f15</run_address>
         <size>0x250</size>
         <input_file_ref idref="fl-2"/>
      </object_component>
      <object_component id="oc-544">
         <name>.debug_info</name>
         <load_address>0x4165</load_address>
         <run_address>0x4165</run_address>
         <size>0x46</size>
         <input_file_ref idref="fl-2"/>
      </object_component>
      <object_component id="oc-5d4">
         <name>.debug_info</name>
         <load_address>0x41ab</load_address>
         <run_address>0x41ab</run_address>
         <size>0x135</size>
         <input_file_ref idref="fl-23"/>
      </object_component>
      <object_component id="oc-627">
         <name>.debug_info</name>
         <load_address>0x42e0</load_address>
         <run_address>0x42e0</run_address>
         <size>0x121</size>
         <input_file_ref idref="fl-24"/>
      </object_component>
      <object_component id="oc-38b">
         <name>.debug_info</name>
         <load_address>0x4401</load_address>
         <run_address>0x4401</run_address>
         <size>0x10f</size>
         <input_file_ref idref="fl-3a"/>
      </object_component>
      <object_component id="oc-5d9">
         <name>.debug_info</name>
         <load_address>0x4510</load_address>
         <run_address>0x4510</run_address>
         <size>0x120</size>
         <input_file_ref idref="fl-3c"/>
      </object_component>
      <object_component id="oc-71c">
         <name>.debug_info</name>
         <load_address>0x4630</load_address>
         <run_address>0x4630</run_address>
         <size>0x126</size>
         <input_file_ref idref="fl-3c"/>
      </object_component>
      <object_component id="oc-5b9">
         <name>.debug_info</name>
         <load_address>0x4756</load_address>
         <run_address>0x4756</run_address>
         <size>0x120</size>
         <input_file_ref idref="fl-3d"/>
      </object_component>
      <object_component id="oc-5b4">
         <name>.debug_info</name>
         <load_address>0x4876</load_address>
         <run_address>0x4876</run_address>
         <size>0x126</size>
         <input_file_ref idref="fl-3d"/>
      </object_component>
      <object_component id="oc-51c">
         <name>.debug_info</name>
         <load_address>0x499c</load_address>
         <run_address>0x499c</run_address>
         <size>0x130</size>
         <input_file_ref idref="fl-3e"/>
      </object_component>
      <object_component id="oc-36c">
         <name>.debug_info</name>
         <load_address>0x4acc</load_address>
         <run_address>0x4acc</run_address>
         <size>0x100</size>
         <input_file_ref idref="fl-43"/>
      </object_component>
      <object_component id="oc-3a8">
         <name>.debug_info</name>
         <load_address>0x4bcc</load_address>
         <run_address>0x4bcc</run_address>
         <size>0x17a</size>
         <input_file_ref idref="fl-43"/>
      </object_component>
      <object_component id="oc-4be">
         <name>.debug_info</name>
         <load_address>0x4d46</load_address>
         <run_address>0x4d46</run_address>
         <size>0x3fc</size>
         <input_file_ref idref="fl-44"/>
      </object_component>
      <object_component id="oc-462">
         <name>.debug_info</name>
         <load_address>0x5142</load_address>
         <run_address>0x5142</run_address>
         <size>0x230</size>
         <input_file_ref idref="fl-44"/>
      </object_component>
      <object_component id="oc-511">
         <name>.debug_info</name>
         <load_address>0x5372</load_address>
         <run_address>0x5372</run_address>
         <size>0x39</size>
         <input_file_ref idref="fl-44"/>
      </object_component>
      <object_component id="oc-522">
         <name>.debug_info</name>
         <load_address>0x53ab</load_address>
         <run_address>0x53ab</run_address>
         <size>0x2c</size>
         <input_file_ref idref="fl-44"/>
      </object_component>
      <object_component id="oc-4c9">
         <name>.debug_info</name>
         <load_address>0x53d7</load_address>
         <run_address>0x53d7</run_address>
         <size>0x2c</size>
         <input_file_ref idref="fl-44"/>
      </object_component>
      <object_component id="oc-516">
         <name>.debug_info</name>
         <load_address>0x5403</load_address>
         <run_address>0x5403</run_address>
         <size>0xcd</size>
         <input_file_ref idref="fl-44"/>
      </object_component>
      <object_component id="oc-3f0">
         <name>.debug_info</name>
         <load_address>0x54d0</load_address>
         <run_address>0x54d0</run_address>
         <size>0x17f</size>
         <input_file_ref idref="fl-45"/>
      </object_component>
      <object_component id="oc-396">
         <name>.debug_info</name>
         <load_address>0x564f</load_address>
         <run_address>0x564f</run_address>
         <size>0x1d7</size>
         <input_file_ref idref="fl-45"/>
      </object_component>
      <object_component id="oc-3eb">
         <name>.debug_info</name>
         <load_address>0x5826</load_address>
         <run_address>0x5826</run_address>
         <size>0x46</size>
         <input_file_ref idref="fl-45"/>
      </object_component>
      <object_component id="oc-3de">
         <name>.debug_info</name>
         <load_address>0x586c</load_address>
         <run_address>0x586c</run_address>
         <size>0x2c</size>
         <input_file_ref idref="fl-46"/>
      </object_component>
      <object_component id="oc-3f3">
         <name>.debug_info</name>
         <load_address>0x5898</load_address>
         <run_address>0x5898</run_address>
         <size>0x153</size>
         <input_file_ref idref="fl-48"/>
      </object_component>
      <object_component id="oc-4b8">
         <name>.debug_info</name>
         <load_address>0x59eb</load_address>
         <run_address>0x59eb</run_address>
         <size>0x150</size>
         <input_file_ref idref="fl-49"/>
      </object_component>
      <object_component id="oc-389">
         <name>.debug_info</name>
         <load_address>0x5b3b</load_address>
         <run_address>0x5b3b</run_address>
         <size>0x18f</size>
         <input_file_ref idref="fl-4a"/>
      </object_component>
      <object_component id="oc-74">
         <name>.debug_info</name>
         <load_address>0x5cca</load_address>
         <run_address>0x5cca</run_address>
         <size>0x1d3</size>
         <input_file_ref idref="fl-4a"/>
      </object_component>
      <object_component id="oc-384">
         <name>.debug_info</name>
         <load_address>0x5e9d</load_address>
         <run_address>0x5e9d</run_address>
         <size>0x46</size>
         <input_file_ref idref="fl-4a"/>
      </object_component>
      <object_component id="oc-3db">
         <name>.debug_info</name>
         <load_address>0x5ee3</load_address>
         <run_address>0x5ee3</run_address>
         <size>0x17b</size>
         <input_file_ref idref="fl-4b"/>
      </object_component>
      <object_component id="oc-6e">
         <name>.debug_info</name>
         <load_address>0x605e</load_address>
         <run_address>0x605e</run_address>
         <size>0x250</size>
         <input_file_ref idref="fl-4b"/>
      </object_component>
      <object_component id="oc-373">
         <name>.debug_info</name>
         <load_address>0x62ae</load_address>
         <run_address>0x62ae</run_address>
         <size>0x60</size>
         <input_file_ref idref="fl-4b"/>
      </object_component>
      <object_component id="oc-420">
         <name>.debug_info</name>
         <load_address>0x630e</load_address>
         <run_address>0x630e</run_address>
         <size>0x46</size>
         <input_file_ref idref="fl-4b"/>
      </object_component>
      <object_component id="oc-3d6">
         <name>.debug_info</name>
         <load_address>0x6354</load_address>
         <run_address>0x6354</run_address>
         <size>0x39</size>
         <input_file_ref idref="fl-4b"/>
      </object_component>
      <object_component id="oc-4b6">
         <name>.debug_info</name>
         <load_address>0x638d</load_address>
         <run_address>0x638d</run_address>
         <size>0x233</size>
         <input_file_ref idref="fl-4c"/>
      </object_component>
      <object_component id="oc-4a7">
         <name>.debug_info</name>
         <load_address>0x65c0</load_address>
         <run_address>0x65c0</run_address>
         <size>0x132</size>
         <input_file_ref idref="fl-4c"/>
      </object_component>
      <object_component id="oc-43e">
         <name>.debug_info</name>
         <load_address>0x66f2</load_address>
         <run_address>0x66f2</run_address>
         <size>0x122</size>
         <input_file_ref idref="fl-4c"/>
      </object_component>
      <object_component id="oc-444">
         <name>.debug_info</name>
         <load_address>0x6814</load_address>
         <run_address>0x6814</run_address>
         <size>0x197</size>
         <input_file_ref idref="fl-4c"/>
      </object_component>
      <object_component id="oc-504">
         <name>.debug_info</name>
         <load_address>0x69ab</load_address>
         <run_address>0x69ab</run_address>
         <size>0x168</size>
         <input_file_ref idref="fl-4d"/>
      </object_component>
      <object_component id="oc-4aa">
         <name>.debug_info</name>
         <load_address>0x6b13</load_address>
         <run_address>0x6b13</run_address>
         <size>0xff</size>
         <input_file_ref idref="fl-4d"/>
      </object_component>
      <object_component id="oc-4b3">
         <name>.debug_info</name>
         <load_address>0x6c12</load_address>
         <run_address>0x6c12</run_address>
         <size>0x103</size>
         <input_file_ref idref="fl-4d"/>
      </object_component>
      <object_component id="oc-4fd">
         <name>.debug_info</name>
         <load_address>0x6d15</load_address>
         <run_address>0x6d15</run_address>
         <size>0x12e</size>
         <input_file_ref idref="fl-4d"/>
      </object_component>
      <object_component id="oc-5d0">
         <name>.debug_info</name>
         <load_address>0x6e43</load_address>
         <run_address>0x6e43</run_address>
         <size>0x209</size>
         <input_file_ref idref="fl-4f"/>
      </object_component>
      <object_component id="oc-585">
         <name>.debug_info</name>
         <load_address>0x704c</load_address>
         <run_address>0x704c</run_address>
         <size>0x177</size>
         <input_file_ref idref="fl-4f"/>
      </object_component>
      <object_component id="oc-621">
         <name>.debug_info</name>
         <load_address>0x71c3</load_address>
         <run_address>0x71c3</run_address>
         <size>0xb2</size>
         <input_file_ref idref="fl-4f"/>
      </object_component>
      <object_component id="oc-5f8">
         <name>.debug_info</name>
         <load_address>0x7275</load_address>
         <run_address>0x7275</run_address>
         <size>0x13e</size>
         <input_file_ref idref="fl-50"/>
      </object_component>
      <object_component id="oc-5c1">
         <name>.debug_info</name>
         <load_address>0x73b3</load_address>
         <run_address>0x73b3</run_address>
         <size>0x102</size>
         <input_file_ref idref="fl-50"/>
      </object_component>
      <object_component id="oc-61b">
         <name>.debug_info</name>
         <load_address>0x74b5</load_address>
         <run_address>0x74b5</run_address>
         <size>0x10a</size>
         <input_file_ref idref="fl-50"/>
      </object_component>
      <object_component id="oc-3dd">
         <name>.debug_info</name>
         <load_address>0x75bf</load_address>
         <run_address>0x75bf</run_address>
         <size>0x19a</size>
         <input_file_ref idref="fl-51"/>
      </object_component>
      <object_component id="oc-37e">
         <name>.debug_info</name>
         <load_address>0x7759</load_address>
         <run_address>0x7759</run_address>
         <size>0x17a</size>
         <input_file_ref idref="fl-51"/>
      </object_component>
      <object_component id="oc-61e">
         <name>.debug_info</name>
         <load_address>0x78d3</load_address>
         <run_address>0x78d3</run_address>
         <size>0x229</size>
         <input_file_ref idref="fl-52"/>
      </object_component>
      <object_component id="oc-60d">
         <name>.debug_info</name>
         <load_address>0x7afc</load_address>
         <run_address>0x7afc</run_address>
[...]
         <name>init_ecc</name>
         <value>0x1065e</value>
         <object_component_ref idref="oc-42e"/>
      </symbol>
      <symbol id="sm-3af">
         <name>main</name>
         <value>0x11598</value>
         <object_component_ref idref="oc-3f8"/>
      </symbol>
      <symbol id="sm-4b5">
         <name>ecdh_shared_secret</name>
         <value>0x10b32</value>
         <object_component_ref idref="oc-48e"/>
      </symbol>
      <symbol id="sm-4b6">
         <name>coeff_b</name>
         <value>0x452e</value>
         <object_component_ref idref="oc-53a"/>
      </symbol>
      <symbol id="sm-4b7">
         <name>polynomial</name>
         <value>0x454e</value>
         <object_component_ref idref="oc-59c"/>
      </symbol>
      <symbol id="sm-4c3">
         <name>__mspabi_remi</name>
         <value>0x11868</value>
         <object_component_ref idref="oc-5d3"/>
      </symbol>
      <symbol id="sm-4c4">
         <name>__mspabi_divi</name>
         <value>0x11868</value>
         <object_component_ref idref="oc-5d3"/>
      </symbol>
      <symbol id="sm-4ce">
         <name>__mspabi_remu</name>
         <value>0x11996</value>
         <object_component_ref idref="oc-626"/>
      </symbol>
      <symbol id="sm-4cf">
         <name>__mspabi_divu</name>
         <value>0x11996</value>
         <object_component_ref idref="oc-626"/>
      </symbol>
      <symbol id="sm-4d2">
         <name>__TI_int41</name>
         <value>0xffd2</value>
         <object_component_ref idref="oc-79"/>
      </symbol>
      <symbol id="sm-4d5">
         <name>__TI_int42</name>
         <value>0xffd4</value>
         <object_component_ref idref="oc-7a"/>
      </symbol>
      <symbol id="sm-4d8">
         <name>__TI_int43</name>
         <value>0xffd6</value>
         <object_component_ref idref="oc-7b"/>
      </symbol>
      <symbol id="sm-4db">
         <name>__TI_int44</name>
         <value>0xffd8</value>
         <object_component_ref idref="oc-7c"/>
      </symbol>
      <symbol id="sm-4de">
         <name>__TI_int45</name>
         <value>0xffda</value>
         <object_component_ref idref="oc-7d"/>
      </symbol>
      <symbol id="sm-4e1">
         <name>__TI_int46</name>
         <value>0xffdc</value>
         <object_component_ref idref="oc-7e"/>
      </symbol>
      <symbol id="sm-4e4">
         <name>__TI_int47</name>
         <value>0xffde</value>
         <object_component_ref idref="oc-7f"/>
      </symbol>
      <symbol id="sm-4e7">
         <name>__TI_int48</name>
         <value>0xffe0</value>
         <object_component_ref idref="oc-80"/>
      </symbol>
      <symbol id="sm-4ea">
         <name>__TI_int49</name>
         <value>0xffe2</value>
         <object_component_ref idref="oc-81"/>
      </symbol>
      <symbol id="sm-4ed">
         <name>__TI_int50</name>
         <value>0xffe4</value>
         <object_component_ref idref="oc-82"/>
      </symbol>
      <symbol id="sm-4f0">
         <name>__TI_int51</name>
         <value>0xffe6</value>
         <object_component_ref idref="oc-83"/>
      </symbol>
      <symbol id="sm-4f3">
         <name>__TI_int52</name>
         <value>0xffe8</value>
         <object_component_ref idref="oc-84"/>
      </symbol>
      <symbol id="sm-4f6">
         <name>__TI_int54</name>
         <value>0xffec</value>
         <object_component_ref idref="oc-86"/>
      </symbol>
      <symbol id="sm-4f9">
         <name>__TI_int55</name>
         <value>0xffee</value>
         <object_component_ref idref="oc-87"/>
      </symbol>
      <symbol id="sm-4fc">
         <name>__TI_int56</name>
         <value>0xfff0</value>
         <object_component_ref idref="oc-88"/>
      </symbol>
      <symbol id="sm-4ff">
         <name>__TI_int57</name>
         <value>0xfff2</value>
         <object_component_ref idref="oc-89"/>
      </symbol>
      <symbol id="sm-502">
         <name>__TI_int58</name>
         <value>0xfff4</value>
         <object_component_ref idref="oc-8a"/>
      </symbol>
      <symbol id="sm-505">
         <name>__TI_int59</name>
         <value>0xfff6</value>
         <object_component_ref idref="oc-8b"/>
      </symbol>
      <symbol id="sm-508">
         <name>__TI_int60</name>
         <value>0xfff8</value>
         <object_component_ref idref="oc-8c"/>
      </symbol>
      <symbol id="sm-50b">
         <name>__TI_int61</name>
         <value>0xfffa</value>
         <object_component_ref idref="oc-8d"/>
      </symbol>
      <symbol id="sm-50e">
         <name>__TI_int62</name>
         <value>0xfffc</value>
         <object_component_ref idref="oc-8e"/>
      </symbol>
      <symbol id="sm-516">
         <name>__TI_ISR_TRAP</name>
         <value>0x441c</value>
         <object_component_ref idref="oc-38a"/>
      </symbol>
      <symbol id="sm-527">
         <name>__mspabi_slll_9</name>
         <value>0x114f6</value>
         <object_component_ref idref="oc-71b"/>
      </symbol>
      <symbol id="sm-528">
         <name>__mspabi_slll_8</name>
         <value>0x114fa</value>
         <object_component_ref idref="oc-71b"/>
      </symbol>
      <symbol id="sm-529">
         <name>__mspabi_slll_7</name>
         <value>0x114fe</value>
         <object_component_ref idref="oc-71b"/>
      </symbol>
      <symbol id="sm-52a">
         <name>__mspabi_slll_6</name>
         <value>0x11502</value>
         <object_component_ref idref="oc-71b"/>
      </symbol>
      <symbol id="sm-52b">
         <name>__mspabi_slll_5</name>
         <value>0x11506</value>
         <object_component_ref idref="oc-71b"/>
      </symbol>
      <symbol id="sm-52c">
         <name>__mspabi_slll_4</name>
         <value>0x1150a</value>
         <object_component_ref idref="oc-71b"/>
      </symbol>
      <symbol id="sm-52d">
         <name>__mspabi_slll_3</name>
         <value>0x1150e</value>
         <object_component_ref idref="oc-71b"/>
      </symbol>
      <symbol id="sm-52e">
         <name>__mspabi_slll_2</name>
         <value>0x11512</value>
         <object_component_ref idref="oc-71b"/>
      </symbol>
      <symbol id="sm-52f">
         <name>__mspabi_slll_1</name>
         <value>0x11516</value>
         <object_component_ref idref="oc-71b"/>
      </symbol>
      <symbol id="sm-530">
         <name>__mspabi_slll</name>
         <value>0x11a08</value>
         <object_component_ref idref="oc-5d8"/>
      </symbol>
      <symbol id="sm-531">
         <name>__mspabi_slll_15</name>
         <value>0x114de</value>
         <object_component_ref idref="oc-71b"/>
      </symbol>
      <symbol id="sm-532">
         <name>__mspabi_slll_14</name>
         <value>0x114e2</value>
         <object_component_ref idref="oc-71b"/>
      </symbol>
      <symbol id="sm-533">
         <name>__mspabi_slll_13</name>
         <value>0x114e6</value>
         <object_component_ref idref="oc-71b"/>
      </symbol>
      <symbol id="sm-534">
         <name>__mspabi_slll_12</name>
         <value>0x114ea</value>
         <object_component_ref idref="oc-71b"/>
      </symbol>
      <symbol id="sm-535">
         <name>__mspabi_slll_11</name>
         <value>0x114ee</value>
         <object_component_ref idref="oc-71b"/>
      </symbol>
      <symbol id="sm-536">
         <name>__mspabi_slll_10</name>
         <value>0x114f2</value>
         <object_component_ref idref="oc-71b"/>
      </symbol>
      <symbol id="sm-546">
         <name>__mspabi_srll_8</name>
         <value>0x11538</value>
         <object_component_ref idref="oc-5b3"/>
      </symbol>
      <symbol id="sm-547">
         <name>__mspabi_srll_9</name>
         <value>0x11534</value>
         <object_component_ref idref="oc-5b3"/>
      </symbol>
      <symbol id="sm-548">
         <name>__mspabi_srll_6</name>
         <value>0x11540</value>
         <object_component_ref idref="oc-5b3"/>
      </symbol>
      <symbol id="sm-549">
         <name>__mspabi_srll_7</name>
         <value>0x1153c</value>
         <object_component_ref idref="oc-5b3"/>
      </symbol>
      <symbol id="sm-54a">
         <name>__mspabi_srll_4</name>
         <value>0x11548</value>
         <object_component_ref idref="oc-5b3"/>
      </symbol>
      <symbol id="sm-54b">
         <name>__mspabi_srll_5</name>
         <value>0x11544</value>
         <object_component_ref idref="oc-5b3"/>
      </symbol>
      <symbol id="sm-54c">
         <name>__mspabi_srll_2</name>
         <value>0x11550</value>
         <object_component_ref idref="oc-5b3"/>
      </symbol>
      <symbol id="sm-54d">
         <name>__mspabi_srll_3</name>
         <value>0x1154c</value>
         <object_component_ref idref="oc-5b3"/>
      </symbol>
      <symbol id="sm-54e">
         <name>__mspabi_srll_1</name>
         <value>0x11554</value>
         <object_component_ref idref="oc-5b3"/>
      </symbol>
      <symbol id="sm-54f">
         <name>__mspabi_srll_15</name>
         <value>0x1151c</value>
         <object_component_ref idref="oc-5b3"/>
      </symbol>
      <symbol id="sm-550">
         <name>__mspabi_srll_14</name>
         <value>0x11520</value>
         <object_component_ref idref="oc-5b3"/>
      </symbol>
      <symbol id="sm-551">
         <name>__mspabi_srll_13</name>
         <value>0x11524</value>
         <object_component_ref idref="oc-5b3"/>
      </symbol>
      <symbol id="sm-552">
         <name>__mspabi_srll_12</name>
         <value>0x11528</value>
         <object_component_ref idref="oc-5b3"/>
      </symbol>
      <symbol id="sm-553">
         <name>__mspabi_srll_11</name>
         <value>0x1152c</value>
         <object_component_ref idref="oc-5b3"/>
      </symbol>
      <symbol id="sm-554">
         <name>__mspabi_srll_10</name>
         <value>0x11530</value>
         <object_component_ref idref="oc-5b3"/>
      </symbol>
      <symbol id="sm-555">
         <name>__mspabi_srll</name>
         <value>0x11a18</value>
         <object_component_ref idref="oc-5b8"/>
      </symbol>
      <symbol id="sm-55d">
         <name>__mspabi_mpyi_f5hw</name>
         <value>0x11952</value>
         <object_component_ref idref="oc-51b"/>
      </symbol>
      <symbol id="sm-571">
         <name>_stack</name>
         <value>0x4360</value>
         <object_component_ref idref="oc-36b"/>
      </symbol>
      <symbol id="sm-572">
         <name>_c_int00_noargs</name>
         <value>0x4400</value>
         <object_component_ref idref="oc-3a7"/>
      </symbol>
      <symbol id="sm-573">
         <name>_reset_vector</name>
         <value>0xfffe</value>
         <object_component_ref idref="oc-36e"/>
      </symbol>
      <symbol id="sm-596">
         <name>__TI_auto_init_nobinit_nopinit_hold_wdt</name>
         <value>0x11320</value>
         <object_component_ref idref="oc-461"/>
      </symbol>
      <symbol id="sm-5a9">
         <name>__TI_zero_init_nomemset</name>
         <value>0x118be</value>
         <object_component_ref idref="oc-395"/>
      </symbol>
      <symbol id="sm-5b9">
         <name>_system_pre_init</name>
         <value>0x11a44</value>
         <object_component_ref idref="oc-3f2"/>
      </symbol>
      <symbol id="sm-5c2">
         <name>_system_post_cinit</name>
         <value>0x11a4a</value>
         <object_component_ref idref="oc-4b7"/>
      </symbol>
      <symbol id="sm-5d3">
         <name>__TI_decompress_none</name>
         <value>0x119c0</value>
         <object_component_ref idref="oc-73"/>
      </symbol>
      <symbol id="sm-5f6">
         <name>__TI_decompress_lzss</name>
         <value>0x10cbc</value>
         <object_component_ref idref="oc-6d"/>
      </symbol>
      <symbol id="sm-613">
         <name>C$$EXIT</name>
         <value>0x11a3e</value>
         <object_component_ref idref="oc-43d"/>
      </symbol>
      <symbol id="sm-614">
         <name>abort</name>
         <value>0x11a3e</value>
         <object_component_ref idref="oc-43d"/>
      </symbol>
      <symbol id="sm-615">
         <name>__TI_enable_exit_profile_output</name>
         <value>0x273c</value>
         <object_component_ref idref="oc-4a6"/>
      </symbol>
      <symbol id="sm-616">
         <name>exit</name>
         <value>0x1140e</value>
         <object_component_ref idref="oc-443"/>
      </symbol>
      <symbol id="sm-62c">
         <name>_nop</name>
         <value>0x11a48</value>
         <object_component_ref idref="oc-4fc"/>
      </symbol>
      <symbol id="sm-62d">
         <name>_lock</name>
         <value>0x2730</value>
         <object_component_ref idref="oc-4a9"/>
      </symbol>
      <symbol id="sm-62e">
         <name>_unlock</name>
         <value>0x2734</value>
         <object_component_ref idref="oc-4b2"/>
      </symbol>
      <symbol id="sm-640">
         <name>_abort_msg</name>
         <value>0x11938</value>
         <object_component_ref idref="oc-584"/>
      </symbol>
      <symbol id="sm-650">
         <name>__TI_tmpnams</name>
         <value>0x2400</value>
      </symbol>
      <symbol id="sm-651">
         <name>_ftable</name>
         <value>0x25ac</value>
         <object_component_ref idref="oc-5c0"/>
      </symbol>
      <symbol id="sm-652">
         <name>__TI_ft_end</name>
         <value>0x273a</value>
         <object_component_ref idref="oc-61a"/>
      </symbol>
      <symbol id="sm-660">
         <name>memcpy</name>
         <value>0x119ac</value>
         <object_component_ref idref="oc-37d"/>
      </symbol>
      <symbol id="sm-67c">
         <name>__TI_doflush</name>
         <value>0x110a6</value>
         <object_component_ref idref="oc-60c"/>
      </symbol>
      <symbol id="sm-67d">
         <name>fflush</name>
         <value>0x1121c</value>
         <object_component_ref idref="oc-5c9"/>
      </symbol>
      <symbol id="sm-695">
         <name>fputs</name>
         <value>0x103ae</value>
         <object_component_ref idref="oc-5c3"/>
      </symbol>
      <symbol id="sm-6ad">
         <name>__TI_wrt_ok</name>
         <value>0x10bc0</value>
         <object_component_ref idref="oc-5fa"/>
      </symbol>
      <symbol id="sm-6c5">
         <name>setvbuf</name>
         <value>0x10580</value>
         <object_component_ref idref="oc-638"/>
      </symbol>
      <symbol id="sm-6d5">
         <name>__TI_dtors_ptr</name>
         <value>0x272c</value>
         <object_component_ref idref="oc-4ac"/>
      </symbol>
      <symbol id="sm-6d6">
         <name>__TI_cleanup_ptr</name>
         <value>0x2728</value>
         <object_component_ref idref="oc-4af"/>
      </symbol>
      <symbol id="sm-6e5">
         <name>memchr</name>
         <value>0x11980</value>
         <object_component_ref idref="oc-606"/>
      </symbol>
      <symbol id="sm-76a">
         <name>_sys_memory</name>
         <value>0x2860</value>
         <object_component_ref idref="oc-36f"/>
      </symbol>
      <symbol id="sm-76b">
         <name>free</name>
         <value>0x1049e</value>
         <object_component_ref idref="oc-65e"/>
      </symbol>
      <symbol id="sm-76c">
         <name>memalign</name>
         <value>0x1029c</value>
         <object_component_ref idref="oc-6a6"/>
      </symbol>
      <symbol id="sm-76d">
         <name>malloc</name>
         <value>0x11a36</value>
         <object_component_ref idref="oc-664"/>
      </symbol>
      <symbol id="sm-76e">
         <name>aligned_alloc</name>
         <value>0x1029c</value>
         <object_component_ref idref="oc-6a6"/>
      </symbol>
      <symbol id="sm-77c">
         <name>strlen</name>
         <value>0x11a28</value>
         <object_component_ref idref="oc-600"/>
      </symbol>
      <symbol id="sm-794">
         <name>write</name>
         <value>0x11612</value>
         <object_component_ref idref="oc-612"/>
      </symbol>
      <symbol id="sm-7a3">
         <name>_stream</name>
         <value>0x26ec</value>
         <object_component_ref idref="oc-645"/>
      </symbol>
      <symbol id="sm-7a4">
         <name>_device</name>
         <value>0x2674</value>
         <object_component_ref idref="oc-67d"/>
      </symbol>
      <symbol id="sm-7b0">
         <name>__TI_cleanup</name>
         <value>0x1164e</value>
         <object_component_ref idref="oc-66a"/>
      </symbol>
      <symbol id="sm-7c5">
         <name>fseeko</name>
         <value>0x10fd4</value>
         <object_component_ref idref="oc-632"/>
      </symbol>
      <symbol id="sm-7c6">
         <name>fseek</name>
         <value>0x10fd4</value>
         <object_component_ref idref="oc-632"/>
      </symbol>
      <symbol id="sm-7d2">
         <name>HOSTclose</name>
         <value>0x11374</value>
         <object_component_ref idref="oc-6bc"/>
      </symbol>
      <symbol id="sm-7de">
         <name>HOSTlseek</name>
         <value>0x10976</value>
         <object_component_ref idref="oc-6ce"/>
      </symbol>
      <symbol id="sm-7ec">
         <name>parmbuf</name>
         <value>0x25a0</value>
      </symbol>
      <symbol id="sm-7ed">
         <name>HOSTopen</name>
         <value>0x10e8e</value>
         <object_component_ref idref="oc-6b6"/>
      </symbol>
      <symbol id="sm-7fa">
         <name>HOSTread</name>
         <value>0x10f6a</value>
         <object_component_ref idref="oc-6c2"/>
      </symbol>
      <symbol id="sm-806">
         <name>HOSTrename</name>
         <value>0x10d32</value>
         <object_component_ref idref="oc-6da"/>
      </symbol>
      <symbol id="sm-812">
         <name>HOSTunlink</name>
         <value>0x11458</value>
         <object_component_ref idref="oc-6d4"/>
      </symbol>
      <symbol id="sm-81f">
         <name>HOSTwrite</name>
         <value>0x10efe</value>
         <object_component_ref idref="oc-6c8"/>
      </symbol>
      <symbol id="sm-83d">
         <name>__TI_readmsg</name>
         <value>0x116f0</value>
         <object_component_ref idref="oc-70e"/>
      </symbol>
      <symbol id="sm-83e">
         <name>C$$IO$$</name>
         <value>0x116b6</value>
         <object_component_ref idref="oc-708"/>
      </symbol>
      <symbol id="sm-83f">
         <name>_CIOBUF_</name>
         <value>0x2740</value>
         <object_component_ref idref="oc-73f"/>
      </symbol>
      <symbol id="sm-840">
         <name>__TI_writemsg</name>
         <value>0x11684</value>
         <object_component_ref idref="oc-708"/>
      </symbol>
      <symbol id="sm-84f">
         <name>lseek</name>
         <value>0x1155a</value>
         <object_component_ref idref="oc-651"/>
      </symbol>
      <symbol id="sm-860">
         <name>__TI_closefile</name>
         <value>0x10da6</value>
         <object_component_ref idref="oc-6ad"/>
      </symbol>
      <symbol id="sm-884">
         <name>finddevice</name>
         <value>0x117b6</value>
         <object_component_ref idref="oc-762"/>
      </symbol>
      <symbol id="sm-885">
         <name>getdevice</name>
         <value>0x111c2</value>
         <object_component_ref idref="oc-733"/>
      </symbol>
      <symbol id="sm-894">
         <name>strchr</name>
         <value>0x11900</value>
         <object_component_ref idref="oc-756"/>
      </symbol>
      <symbol id="sm-8a2">
         <name>strcmp</name>
         <value>0x1191c</value>
         <object_component_ref idref="oc-77b"/>
      </symbol>
      <symbol id="sm-8af">
         <name>strcpy</name>
         <value>0x119f6</value>
         <object_component_ref idref="oc-724"/>
      </symbol>
      <symbol id="sm-8bf">
         <name>strncpy</name>
         <value>0x11754</value>
         <object_component_ref idref="oc-75c"/>
      </symbol>
      <symbol id="sm-8d2">
         <name>close</name>
         <value>0x11168</value>
         <object_component_ref idref="oc-6f6"/>
      </symbol>
      <symbol id="sm-8de">
         <name>unlink</name>
         <value>0x11786</value>
         <object_component_ref idref="oc-6fd"/>
      </symbol>
      <symbol id="sm-8e0">
         <name>remove</name>
         <value>0x11786</value>
      </symbol>
   </symbol_table>
   <title>Link successful</title>
</link_info>
